<!doctype html public "-//w3c//dtd html 4.0 transitional//en">
<html><head>
<title>Static Call Graph - [.\SDCFile.axf]</title></head>
<body><HR>
<H1>Static Call Graph for image .\SDCFile.axf</H1><HR>
<BR><P>#&#060CALLGRAPH&#062# ARM Linker, 5060750: Last Updated: Fri Feb 28 13:58:23 2020
<BR><P>
<H3>Maximum Stack Usage =        416 bytes + Unknown(Functions without stacksize, Cycles, Untraceable Function Pointers)</H3><H3>
Call chain for Maximum Stack Depth:</H3>
__rt_entry_main &rArr; main &rArr; FileSystemTest &rArr; f_open &rArr; follow_path &rArr; dir_find &rArr; dir_next &rArr; create_chain &rArr; put_fat &rArr; move_window &rArr; sync_window &rArr; disk_write &rArr; send_cmd &rArr;  send_cmd (Cycle)
<P>
<H3>
Functions with no stack information
</H3><UL>
 <LI><a href="#[7f]">Reset_Handler</a>
 <LI><a href="#[102]">DisableInterrupts</a>
 <LI><a href="#[db]">EnableInterrupts</a>
 <LI><a href="#[103]">StartCritical</a>
 <LI><a href="#[104]">EndCritical</a>
 <LI><a href="#[105]">WaitForInterrupt</a>
 <LI><a href="#[92]">__user_initial_stackheap</a>
</UL>
</UL>
<P>
<H3>
Mutually Recursive functions
</H3> <LI><a href="#[4]">NMI_Handler</a>&nbsp;&nbsp;&nbsp;&rArr;&nbsp;&nbsp;&nbsp;<a href="#[4]">NMI_Handler</a><BR>
 <LI><a href="#[5]">HardFault_Handler</a>&nbsp;&nbsp;&nbsp;&rArr;&nbsp;&nbsp;&nbsp;<a href="#[5]">HardFault_Handler</a><BR>
 <LI><a href="#[6]">MemManage_Handler</a>&nbsp;&nbsp;&nbsp;&rArr;&nbsp;&nbsp;&nbsp;<a href="#[6]">MemManage_Handler</a><BR>
 <LI><a href="#[7]">BusFault_Handler</a>&nbsp;&nbsp;&nbsp;&rArr;&nbsp;&nbsp;&nbsp;<a href="#[7]">BusFault_Handler</a><BR>
 <LI><a href="#[8]">UsageFault_Handler</a>&nbsp;&nbsp;&nbsp;&rArr;&nbsp;&nbsp;&nbsp;<a href="#[8]">UsageFault_Handler</a><BR>
 <LI><a href="#[9]">SVC_Handler</a>&nbsp;&nbsp;&nbsp;&rArr;&nbsp;&nbsp;&nbsp;<a href="#[9]">SVC_Handler</a><BR>
 <LI><a href="#[a]">DebugMon_Handler</a>&nbsp;&nbsp;&nbsp;&rArr;&nbsp;&nbsp;&nbsp;<a href="#[a]">DebugMon_Handler</a><BR>
 <LI><a href="#[b]">PendSV_Handler</a>&nbsp;&nbsp;&nbsp;&rArr;&nbsp;&nbsp;&nbsp;<a href="#[b]">PendSV_Handler</a><BR>
 <LI><a href="#[c]">SysTick_Handler</a>&nbsp;&nbsp;&nbsp;&rArr;&nbsp;&nbsp;&nbsp;<a href="#[c]">SysTick_Handler</a><BR>
 <LI><a href="#[1b]">ADC0Seq0_Handler</a>&nbsp;&nbsp;&nbsp;&rArr;&nbsp;&nbsp;&nbsp;<a href="#[1b]">ADC0Seq0_Handler</a><BR>
 <LI><a href="#[ae]">fillmessage</a>&nbsp;&nbsp;&nbsp;&rArr;&nbsp;&nbsp;&nbsp;<a href="#[ae]">fillmessage</a><BR>
 <LI><a href="#[90]">Delay</a>&nbsp;&nbsp;&nbsp;&rArr;&nbsp;&nbsp;&nbsp;<a href="#[90]">Delay</a><BR>
 <LI><a href="#[c6]">send_cmd</a>&nbsp;&nbsp;&nbsp;&rArr;&nbsp;&nbsp;&nbsp;<a href="#[c6]">send_cmd</a><BR>
 <LI><a href="#[c7]">disk_ioctl</a>&nbsp;&nbsp;&nbsp;&rArr;&nbsp;&nbsp;&nbsp;<a href="#[c7]">disk_ioctl</a><BR>
</UL>
<P>
<H3>
Function Pointers
</H3><UL>
 <LI><a href="#[1b]">ADC0Seq0_Handler</a> from startup.o(RESET) referenced from startup.o(RESET)
 <LI><a href="#[1c]">ADC0Seq1_Handler</a> from startup.o(RESET) referenced from startup.o(RESET)
 <LI><a href="#[1d]">ADC0Seq2_Handler</a> from startup.o(RESET) referenced from startup.o(RESET)
 <LI><a href="#[1e]">ADC0Seq3_Handler</a> from startup.o(RESET) referenced from startup.o(RESET)
 <LI><a href="#[3d]">ADC1Seq0_Handler</a> from startup.o(RESET) referenced from startup.o(RESET)
 <LI><a href="#[3e]">ADC1Seq1_Handler</a> from startup.o(RESET) referenced from startup.o(RESET)
 <LI><a href="#[3f]">ADC1Seq2_Handler</a> from startup.o(RESET) referenced from startup.o(RESET)
 <LI><a href="#[40]">ADC1Seq3_Handler</a> from startup.o(RESET) referenced from startup.o(RESET)
 <LI><a href="#[7]">BusFault_Handler</a> from startup.o(RESET) referenced from startup.o(RESET)
 <LI><a href="#[34]">CAN0_Handler</a> from startup.o(RESET) referenced from startup.o(RESET)
 <LI><a href="#[35]">CAN1_Handler</a> from startup.o(RESET) referenced from startup.o(RESET)
 <LI><a href="#[36]">CAN2_Handler</a> from startup.o(RESET) referenced from startup.o(RESET)
 <LI><a href="#[26]">Comp0_Handler</a> from startup.o(RESET) referenced from startup.o(RESET)
 <LI><a href="#[27]">Comp1_Handler</a> from startup.o(RESET) referenced from startup.o(RESET)
 <LI><a href="#[28]">Comp2_Handler</a> from startup.o(RESET) referenced from startup.o(RESET)
 <LI><a href="#[a]">DebugMon_Handler</a> from startup.o(RESET) referenced from startup.o(RESET)
 <LI><a href="#[37]">Ethernet_Handler</a> from startup.o(RESET) referenced from startup.o(RESET)
 <LI><a href="#[42]">ExtBus_Handler</a> from startup.o(RESET) referenced from startup.o(RESET)
 <LI><a href="#[5f]">FPU_Handler</a> from startup.o(RESET) referenced from startup.o(RESET)
 <LI><a href="#[67]">Fan0_Handler</a> from startup.o(RESET) referenced from startup.o(RESET)
 <LI><a href="#[2a]">FlashCtl_Handler</a> from startup.o(RESET) referenced from startup.o(RESET)
 <LI><a href="#[d]">GPIOPortA_Handler</a> from startup.o(RESET) referenced from startup.o(RESET)
 <LI><a href="#[e]">GPIOPortB_Handler</a> from startup.o(RESET) referenced from startup.o(RESET)
 <LI><a href="#[f]">GPIOPortC_Handler</a> from startup.o(RESET) referenced from startup.o(RESET)
 <LI><a href="#[10]">GPIOPortD_Handler</a> from startup.o(RESET) referenced from startup.o(RESET)
 <LI><a href="#[11]">GPIOPortE_Handler</a> from startup.o(RESET) referenced from startup.o(RESET)
 <LI><a href="#[2b]">GPIOPortF_Handler</a> from startup.o(RESET) referenced from startup.o(RESET)
 <LI><a href="#[2c]">GPIOPortG_Handler</a> from startup.o(RESET) referenced from startup.o(RESET)
 <LI><a href="#[2d]">GPIOPortH_Handler</a> from startup.o(RESET) referenced from startup.o(RESET)
 <LI><a href="#[43]">GPIOPortJ_Handler</a> from startup.o(RESET) referenced from startup.o(RESET)
 <LI><a href="#[44]">GPIOPortK_Handler</a> from startup.o(RESET) referenced from startup.o(RESET)
 <LI><a href="#[45]">GPIOPortL_Handler</a> from startup.o(RESET) referenced from startup.o(RESET)
 <LI><a href="#[64]">GPIOPortM_Handler</a> from startup.o(RESET) referenced from startup.o(RESET)
 <LI><a href="#[65]">GPIOPortN_Handler</a> from startup.o(RESET) referenced from startup.o(RESET)
 <LI><a href="#[69]">GPIOPortP1_Handler</a> from startup.o(RESET) referenced from startup.o(RESET)
 <LI><a href="#[6a]">GPIOPortP2_Handler</a> from startup.o(RESET) referenced from startup.o(RESET)
 <LI><a href="#[6b]">GPIOPortP3_Handler</a> from startup.o(RESET) referenced from startup.o(RESET)
 <LI><a href="#[6c]">GPIOPortP4_Handler</a> from startup.o(RESET) referenced from startup.o(RESET)
 <LI><a href="#[6d]">GPIOPortP5_Handler</a> from startup.o(RESET) referenced from startup.o(RESET)
 <LI><a href="#[6e]">GPIOPortP6_Handler</a> from startup.o(RESET) referenced from startup.o(RESET)
 <LI><a href="#[6f]">GPIOPortP7_Handler</a> from startup.o(RESET) referenced from startup.o(RESET)
 <LI><a href="#[68]">GPIOPortP_Handler</a> from startup.o(RESET) referenced from startup.o(RESET)
 <LI><a href="#[71]">GPIOPortQ1_Handler</a> from startup.o(RESET) referenced from startup.o(RESET)
 <LI><a href="#[72]">GPIOPortQ2_Handler</a> from startup.o(RESET) referenced from startup.o(RESET)
 <LI><a href="#[73]">GPIOPortQ3_Handler</a> from startup.o(RESET) referenced from startup.o(RESET)
 <LI><a href="#[74]">GPIOPortQ4_Handler</a> from startup.o(RESET) referenced from startup.o(RESET)
 <LI><a href="#[75]">GPIOPortQ5_Handler</a> from startup.o(RESET) referenced from startup.o(RESET)
 <LI><a href="#[76]">GPIOPortQ6_Handler</a> from startup.o(RESET) referenced from startup.o(RESET)
 <LI><a href="#[77]">GPIOPortQ7_Handler</a> from startup.o(RESET) referenced from startup.o(RESET)
 <LI><a href="#[70]">GPIOPortQ_Handler</a> from startup.o(RESET) referenced from startup.o(RESET)
 <LI><a href="#[78]">GPIOPortR_Handler</a> from startup.o(RESET) referenced from startup.o(RESET)
 <LI><a href="#[79]">GPIOPortS_Handler</a> from startup.o(RESET) referenced from startup.o(RESET)
 <LI><a href="#[5]">HardFault_Handler</a> from startup.o(RESET) referenced from startup.o(RESET)
 <LI><a href="#[38]">Hibernate_Handler</a> from startup.o(RESET) referenced from startup.o(RESET)
 <LI><a href="#[15]">I2C0_Handler</a> from startup.o(RESET) referenced from startup.o(RESET)
 <LI><a href="#[32]">I2C1_Handler</a> from startup.o(RESET) referenced from startup.o(RESET)
 <LI><a href="#[4d]">I2C2_Handler</a> from startup.o(RESET) referenced from startup.o(RESET)
 <LI><a href="#[4e]">I2C3_Handler</a> from startup.o(RESET) referenced from startup.o(RESET)
 <LI><a href="#[62]">I2C4_Handler</a> from startup.o(RESET) referenced from startup.o(RESET)
 <LI><a href="#[63]">I2C5_Handler</a> from startup.o(RESET) referenced from startup.o(RESET)
 <LI><a href="#[41]">I2S0_Handler</a> from startup.o(RESET) referenced from startup.o(RESET)
 <LI><a href="#[61]">LPC0_Handler</a> from startup.o(RESET) referenced from startup.o(RESET)
 <LI><a href="#[6]">MemManage_Handler</a> from startup.o(RESET) referenced from startup.o(RESET)
 <LI><a href="#[4]">NMI_Handler</a> from startup.o(RESET) referenced from startup.o(RESET)
 <LI><a href="#[60]">PECI0_Handler</a> from startup.o(RESET) referenced from startup.o(RESET)
 <LI><a href="#[16]">PWM0Fault_Handler</a> from startup.o(RESET) referenced from startup.o(RESET)
 <LI><a href="#[17]">PWM0Generator0_Handler</a> from startup.o(RESET) referenced from startup.o(RESET)
 <LI><a href="#[18]">PWM0Generator1_Handler</a> from startup.o(RESET) referenced from startup.o(RESET)
 <LI><a href="#[19]">PWM0Generator2_Handler</a> from startup.o(RESET) referenced from startup.o(RESET)
 <LI><a href="#[3a]">PWM0Generator3_Handler</a> from startup.o(RESET) referenced from startup.o(RESET)
 <LI><a href="#[7e]">PWM1Fault_Handler</a> from startup.o(RESET) referenced from startup.o(RESET)
 <LI><a href="#[7a]">PWM1Generator0_Handler</a> from startup.o(RESET) referenced from startup.o(RESET)
 <LI><a href="#[7b]">PWM1Generator1_Handler</a> from startup.o(RESET) referenced from startup.o(RESET)
 <LI><a href="#[7c]">PWM1Generator2_Handler</a> from startup.o(RESET) referenced from startup.o(RESET)
 <LI><a href="#[7d]">PWM1Generator3_Handler</a> from startup.o(RESET) referenced from startup.o(RESET)
 <LI><a href="#[b]">PendSV_Handler</a> from startup.o(RESET) referenced from startup.o(RESET)
 <LI><a href="#[1a]">Quadrature0_Handler</a> from startup.o(RESET) referenced from startup.o(RESET)
 <LI><a href="#[33]">Quadrature1_Handler</a> from startup.o(RESET) referenced from startup.o(RESET)
 <LI><a href="#[66]">Quadrature2_Handler</a> from startup.o(RESET) referenced from startup.o(RESET)
 <LI><a href="#[7f]">Reset_Handler</a> from startup.o(RESET) referenced from startup.o(RESET)
 <LI><a href="#[14]">SSI0_Handler</a> from startup.o(RESET) referenced from startup.o(RESET)
 <LI><a href="#[2f]">SSI1_Handler</a> from startup.o(RESET) referenced from startup.o(RESET)
 <LI><a href="#[46]">SSI2_Handler</a> from startup.o(RESET) referenced from startup.o(RESET)
 <LI><a href="#[47]">SSI3_Handler</a> from startup.o(RESET) referenced from startup.o(RESET)
 <LI><a href="#[9]">SVC_Handler</a> from startup.o(RESET) referenced from startup.o(RESET)
 <LI><a href="#[29]">SysCtl_Handler</a> from startup.o(RESET) referenced from startup.o(RESET)
 <LI><a href="#[c]">SysTick_Handler</a> from startup.o(RESET) referenced from startup.o(RESET)
 <LI><a href="#[20]">Timer0A_Handler</a> from startup.o(RESET) referenced from startup.o(RESET)
 <LI><a href="#[21]">Timer0B_Handler</a> from startup.o(RESET) referenced from startup.o(RESET)
 <LI><a href="#[22]">Timer1A_Handler</a> from startup.o(RESET) referenced from startup.o(RESET)
 <LI><a href="#[23]">Timer1B_Handler</a> from startup.o(RESET) referenced from startup.o(RESET)
 <LI><a href="#[24]">Timer2A_Handler</a> from startup.o(RESET) referenced from startup.o(RESET)
 <LI><a href="#[25]">Timer2B_Handler</a> from startup.o(RESET) referenced from startup.o(RESET)
 <LI><a href="#[30]">Timer3A_Handler</a> from startup.o(RESET) referenced from startup.o(RESET)
 <LI><a href="#[31]">Timer3B_Handler</a> from startup.o(RESET) referenced from startup.o(RESET)
 <LI><a href="#[4f]">Timer4A_Handler</a> from startup.o(RESET) referenced from startup.o(RESET)
 <LI><a href="#[50]">Timer4B_Handler</a> from startup.o(RESET) referenced from startup.o(RESET)
 <LI><a href="#[51]">Timer5A_Handler</a> from diskio.o(i.Timer5A_Handler) referenced from startup.o(RESET)
 <LI><a href="#[52]">Timer5B_Handler</a> from startup.o(RESET) referenced from startup.o(RESET)
 <LI><a href="#[12]">UART0_Handler</a> from startup.o(RESET) referenced from startup.o(RESET)
 <LI><a href="#[13]">UART1_Handler</a> from startup.o(RESET) referenced from startup.o(RESET)
 <LI><a href="#[2e]">UART2_Handler</a> from startup.o(RESET) referenced from startup.o(RESET)
 <LI><a href="#[48]">UART3_Handler</a> from startup.o(RESET) referenced from startup.o(RESET)
 <LI><a href="#[49]">UART4_Handler</a> from startup.o(RESET) referenced from startup.o(RESET)
 <LI><a href="#[4a]">UART5_Handler</a> from startup.o(RESET) referenced from startup.o(RESET)
 <LI><a href="#[4b]">UART6_Handler</a> from startup.o(RESET) referenced from startup.o(RESET)
 <LI><a href="#[4c]">UART7_Handler</a> from startup.o(RESET) referenced from startup.o(RESET)
 <LI><a href="#[39]">USB0_Handler</a> from startup.o(RESET) referenced from startup.o(RESET)
 <LI><a href="#[8]">UsageFault_Handler</a> from startup.o(RESET) referenced from startup.o(RESET)
 <LI><a href="#[1f]">WDT_Handler</a> from startup.o(RESET) referenced from startup.o(RESET)
 <LI><a href="#[53]">WideTimer0A_Handler</a> from startup.o(RESET) referenced from startup.o(RESET)
 <LI><a href="#[54]">WideTimer0B_Handler</a> from startup.o(RESET) referenced from startup.o(RESET)
 <LI><a href="#[55]">WideTimer1A_Handler</a> from startup.o(RESET) referenced from startup.o(RESET)
 <LI><a href="#[56]">WideTimer1B_Handler</a> from startup.o(RESET) referenced from startup.o(RESET)
 <LI><a href="#[57]">WideTimer2A_Handler</a> from startup.o(RESET) referenced from startup.o(RESET)
 <LI><a href="#[58]">WideTimer2B_Handler</a> from startup.o(RESET) referenced from startup.o(RESET)
 <LI><a href="#[59]">WideTimer3A_Handler</a> from startup.o(RESET) referenced from startup.o(RESET)
 <LI><a href="#[5a]">WideTimer3B_Handler</a> from startup.o(RESET) referenced from startup.o(RESET)
 <LI><a href="#[5b]">WideTimer4A_Handler</a> from startup.o(RESET) referenced from startup.o(RESET)
 <LI><a href="#[5c]">WideTimer4B_Handler</a> from startup.o(RESET) referenced from startup.o(RESET)
 <LI><a href="#[5d]">WideTimer5A_Handler</a> from startup.o(RESET) referenced from startup.o(RESET)
 <LI><a href="#[5e]">WideTimer5B_Handler</a> from startup.o(RESET) referenced from startup.o(RESET)
 <LI><a href="#[3c]">uDMA_Error</a> from startup.o(RESET) referenced from startup.o(RESET)
 <LI><a href="#[3b]">uDMA_Handler</a> from startup.o(RESET) referenced from startup.o(RESET)
</UL>
<P>
<H3>
Global Symbols
</H3>
<P><STRONG><a name="[7f]"></a>Reset_Handler</STRONG> (Thumb, 0 bytes, Stack size unknown bytes, startup.o(RESET))
<BR><BR>[Calls]<UL><LI><a href="#[80]">&gt;&gt;</a>&nbsp;&nbsp;&nbsp;__main
</UL>

<P><STRONG><a name="[4]"></a>NMI_Handler</STRONG> (Thumb, 2 bytes, Stack size 0 bytes, startup.o(RESET))
<BR><BR>[Calls]<UL><LI><a href="#[4]">&gt;&gt;</a>&nbsp;&nbsp;&nbsp;NMI_Handler
</UL>
<BR>[Called By]<UL><LI><a href="#[4]">&gt;&gt;</a>&nbsp;&nbsp;&nbsp;NMI_Handler
</UL>
<BR>[Address Reference Count : 1]<UL><LI> startup.o(RESET)
</UL>
<P><STRONG><a name="[5]"></a>HardFault_Handler</STRONG> (Thumb, 2 bytes, Stack size 0 bytes, startup.o(RESET))
<BR><BR>[Calls]<UL><LI><a href="#[5]">&gt;&gt;</a>&nbsp;&nbsp;&nbsp;HardFault_Handler
</UL>
<BR>[Called By]<UL><LI><a href="#[5]">&gt;&gt;</a>&nbsp;&nbsp;&nbsp;HardFault_Handler
</UL>
<BR>[Address Reference Count : 1]<UL><LI> startup.o(RESET)
</UL>
<P><STRONG><a name="[6]"></a>MemManage_Handler</STRONG> (Thumb, 2 bytes, Stack size 0 bytes, startup.o(RESET))
<BR><BR>[Calls]<UL><LI><a href="#[6]">&gt;&gt;</a>&nbsp;&nbsp;&nbsp;MemManage_Handler
</UL>
<BR>[Called By]<UL><LI><a href="#[6]">&gt;&gt;</a>&nbsp;&nbsp;&nbsp;MemManage_Handler
</UL>
<BR>[Address Reference Count : 1]<UL><LI> startup.o(RESET)
</UL>
<P><STRONG><a name="[7]"></a>BusFault_Handler</STRONG> (Thumb, 2 bytes, Stack size 0 bytes, startup.o(RESET))
<BR><BR>[Calls]<UL><LI><a href="#[7]">&gt;&gt;</a>&nbsp;&nbsp;&nbsp;BusFault_Handler
</UL>
<BR>[Called By]<UL><LI><a href="#[7]">&gt;&gt;</a>&nbsp;&nbsp;&nbsp;BusFault_Handler
</UL>
<BR>[Address Reference Count : 1]<UL><LI> startup.o(RESET)
</UL>
<P><STRONG><a name="[8]"></a>UsageFault_Handler</STRONG> (Thumb, 2 bytes, Stack size 0 bytes, startup.o(RESET))
<BR><BR>[Calls]<UL><LI><a href="#[8]">&gt;&gt;</a>&nbsp;&nbsp;&nbsp;UsageFault_Handler
</UL>
<BR>[Called By]<UL><LI><a href="#[8]">&gt;&gt;</a>&nbsp;&nbsp;&nbsp;UsageFault_Handler
</UL>
<BR>[Address Reference Count : 1]<UL><LI> startup.o(RESET)
</UL>
<P><STRONG><a name="[9]"></a>SVC_Handler</STRONG> (Thumb, 2 bytes, Stack size 0 bytes, startup.o(RESET))
<BR><BR>[Calls]<UL><LI><a href="#[9]">&gt;&gt;</a>&nbsp;&nbsp;&nbsp;SVC_Handler
</UL>
<BR>[Called By]<UL><LI><a href="#[9]">&gt;&gt;</a>&nbsp;&nbsp;&nbsp;SVC_Handler
</UL>
<BR>[Address Reference Count : 1]<UL><LI> startup.o(RESET)
</UL>
<P><STRONG><a name="[a]"></a>DebugMon_Handler</STRONG> (Thumb, 2 bytes, Stack size 0 bytes, startup.o(RESET))
<BR><BR>[Calls]<UL><LI><a href="#[a]">&gt;&gt;</a>&nbsp;&nbsp;&nbsp;DebugMon_Handler
</UL>
<BR>[Called By]<UL><LI><a href="#[a]">&gt;&gt;</a>&nbsp;&nbsp;&nbsp;DebugMon_Handler
</UL>
<BR>[Address Reference Count : 1]<UL><LI> startup.o(RESET)
</UL>
<P><STRONG><a name="[b]"></a>PendSV_Handler</STRONG> (Thumb, 2 bytes, Stack size 0 bytes, startup.o(RESET))
<BR><BR>[Calls]<UL><LI><a href="#[b]">&gt;&gt;</a>&nbsp;&nbsp;&nbsp;PendSV_Handler
</UL>
<BR>[Called By]<UL><LI><a href="#[b]">&gt;&gt;</a>&nbsp;&nbsp;&nbsp;PendSV_Handler
</UL>
<BR>[Address Reference Count : 1]<UL><LI> startup.o(RESET)
</UL>
<P><STRONG><a name="[c]"></a>SysTick_Handler</STRONG> (Thumb, 2 bytes, Stack size 0 bytes, startup.o(RESET))
<BR><BR>[Calls]<UL><LI><a href="#[c]">&gt;&gt;</a>&nbsp;&nbsp;&nbsp;SysTick_Handler
</UL>
<BR>[Called By]<UL><LI><a href="#[c]">&gt;&gt;</a>&nbsp;&nbsp;&nbsp;SysTick_Handler
</UL>
<BR>[Address Reference Count : 1]<UL><LI> startup.o(RESET)
</UL>
<P><STRONG><a name="[1b]"></a>ADC0Seq0_Handler</STRONG> (Thumb, 0 bytes, Stack size 0 bytes, startup.o(RESET))
<BR><BR>[Calls]<UL><LI><a href="#[1b]">&gt;&gt;</a>&nbsp;&nbsp;&nbsp;ADC0Seq0_Handler
</UL>
<BR>[Called By]<UL><LI><a href="#[1b]">&gt;&gt;</a>&nbsp;&nbsp;&nbsp;ADC0Seq0_Handler
</UL>
<BR>[Address Reference Count : 1]<UL><LI> startup.o(RESET)
</UL>
<P><STRONG><a name="[1c]"></a>ADC0Seq1_Handler</STRONG> (Thumb, 0 bytes, Stack size 0 bytes, startup.o(RESET))
<BR>[Address Reference Count : 1]<UL><LI> startup.o(RESET)
</UL>
<P><STRONG><a name="[1d]"></a>ADC0Seq2_Handler</STRONG> (Thumb, 0 bytes, Stack size 0 bytes, startup.o(RESET))
<BR>[Address Reference Count : 1]<UL><LI> startup.o(RESET)
</UL>
<P><STRONG><a name="[1e]"></a>ADC0Seq3_Handler</STRONG> (Thumb, 0 bytes, Stack size 0 bytes, startup.o(RESET))
<BR>[Address Reference Count : 1]<UL><LI> startup.o(RESET)
</UL>
<P><STRONG><a name="[3d]"></a>ADC1Seq0_Handler</STRONG> (Thumb, 0 bytes, Stack size 0 bytes, startup.o(RESET))
<BR>[Address Reference Count : 1]<UL><LI> startup.o(RESET)
</UL>
<P><STRONG><a name="[3e]"></a>ADC1Seq1_Handler</STRONG> (Thumb, 0 bytes, Stack size 0 bytes, startup.o(RESET))
<BR>[Address Reference Count : 1]<UL><LI> startup.o(RESET)
</UL>
<P><STRONG><a name="[3f]"></a>ADC1Seq2_Handler</STRONG> (Thumb, 0 bytes, Stack size 0 bytes, startup.o(RESET))
<BR>[Address Reference Count : 1]<UL><LI> startup.o(RESET)
</UL>
<P><STRONG><a name="[40]"></a>ADC1Seq3_Handler</STRONG> (Thumb, 0 bytes, Stack size 0 bytes, startup.o(RESET))
<BR>[Address Reference Count : 1]<UL><LI> startup.o(RESET)
</UL>
<P><STRONG><a name="[34]"></a>CAN0_Handler</STRONG> (Thumb, 0 bytes, Stack size 0 bytes, startup.o(RESET))
<BR>[Address Reference Count : 1]<UL><LI> startup.o(RESET)
</UL>
<P><STRONG><a name="[35]"></a>CAN1_Handler</STRONG> (Thumb, 0 bytes, Stack size 0 bytes, startup.o(RESET))
<BR>[Address Reference Count : 1]<UL><LI> startup.o(RESET)
</UL>
<P><STRONG><a name="[36]"></a>CAN2_Handler</STRONG> (Thumb, 0 bytes, Stack size 0 bytes, startup.o(RESET))
<BR>[Address Reference Count : 1]<UL><LI> startup.o(RESET)
</UL>
<P><STRONG><a name="[26]"></a>Comp0_Handler</STRONG> (Thumb, 0 bytes, Stack size 0 bytes, startup.o(RESET))
<BR>[Address Reference Count : 1]<UL><LI> startup.o(RESET)
</UL>
<P><STRONG><a name="[27]"></a>Comp1_Handler</STRONG> (Thumb, 0 bytes, Stack size 0 bytes, startup.o(RESET))
<BR>[Address Reference Count : 1]<UL><LI> startup.o(RESET)
</UL>
<P><STRONG><a name="[28]"></a>Comp2_Handler</STRONG> (Thumb, 0 bytes, Stack size 0 bytes, startup.o(RESET))
<BR>[Address Reference Count : 1]<UL><LI> startup.o(RESET)
</UL>
<P><STRONG><a name="[37]"></a>Ethernet_Handler</STRONG> (Thumb, 0 bytes, Stack size 0 bytes, startup.o(RESET))
<BR>[Address Reference Count : 1]<UL><LI> startup.o(RESET)
</UL>
<P><STRONG><a name="[42]"></a>ExtBus_Handler</STRONG> (Thumb, 0 bytes, Stack size 0 bytes, startup.o(RESET))
<BR>[Address Reference Count : 1]<UL><LI> startup.o(RESET)
</UL>
<P><STRONG><a name="[5f]"></a>FPU_Handler</STRONG> (Thumb, 0 bytes, Stack size 0 bytes, startup.o(RESET))
<BR>[Address Reference Count : 1]<UL><LI> startup.o(RESET)
</UL>
<P><STRONG><a name="[67]"></a>Fan0_Handler</STRONG> (Thumb, 0 bytes, Stack size 0 bytes, startup.o(RESET))
<BR>[Address Reference Count : 1]<UL><LI> startup.o(RESET)
</UL>
<P><STRONG><a name="[2a]"></a>FlashCtl_Handler</STRONG> (Thumb, 0 bytes, Stack size 0 bytes, startup.o(RESET))
<BR>[Address Reference Count : 1]<UL><LI> startup.o(RESET)
</UL>
<P><STRONG><a name="[d]"></a>GPIOPortA_Handler</STRONG> (Thumb, 0 bytes, Stack size 0 bytes, startup.o(RESET))
<BR>[Address Reference Count : 1]<UL><LI> startup.o(RESET)
</UL>
<P><STRONG><a name="[e]"></a>GPIOPortB_Handler</STRONG> (Thumb, 0 bytes, Stack size 0 bytes, startup.o(RESET))
<BR>[Address Reference Count : 1]<UL><LI> startup.o(RESET)
</UL>
<P><STRONG><a name="[f]"></a>GPIOPortC_Handler</STRONG> (Thumb, 0 bytes, Stack size 0 bytes, startup.o(RESET))
<BR>[Address Reference Count : 1]<UL><LI> startup.o(RESET)
</UL>
<P><STRONG><a name="[10]"></a>GPIOPortD_Handler</STRONG> (Thumb, 0 bytes, Stack size 0 bytes, startup.o(RESET))
<BR>[Address Reference Count : 1]<UL><LI> startup.o(RESET)
</UL>
<P><STRONG><a name="[11]"></a>GPIOPortE_Handler</STRONG> (Thumb, 0 bytes, Stack size 0 bytes, startup.o(RESET))
<BR>[Address Reference Count : 1]<UL><LI> startup.o(RESET)
</UL>
<P><STRONG><a name="[2b]"></a>GPIOPortF_Handler</STRONG> (Thumb, 0 bytes, Stack size 0 bytes, startup.o(RESET))
<BR>[Address Reference Count : 1]<UL><LI> startup.o(RESET)
</UL>
<P><STRONG><a name="[2c]"></a>GPIOPortG_Handler</STRONG> (Thumb, 0 bytes, Stack size 0 bytes, startup.o(RESET))
<BR>[Address Reference Count : 1]<UL><LI> startup.o(RESET)
</UL>
<P><STRONG><a name="[2d]"></a>GPIOPortH_Handler</STRONG> (Thumb, 0 bytes, Stack size 0 bytes, startup.o(RESET))
<BR>[Address Reference Count : 1]<UL><LI> startup.o(RESET)
</UL>
<P><STRONG><a name="[43]"></a>GPIOPortJ_Handler</STRONG> (Thumb, 0 bytes, Stack size 0 bytes, startup.o(RESET))
<BR>[Address Reference Count : 1]<UL><LI> startup.o(RESET)
</UL>
<P><STRONG><a name="[44]"></a>GPIOPortK_Handler</STRONG> (Thumb, 0 bytes, Stack size 0 bytes, startup.o(RESET))
<BR>[Address Reference Count : 1]<UL><LI> startup.o(RESET)
</UL>
<P><STRONG><a name="[45]"></a>GPIOPortL_Handler</STRONG> (Thumb, 0 bytes, Stack size 0 bytes, startup.o(RESET))
<BR>[Address Reference Count : 1]<UL><LI> startup.o(RESET)
</UL>
<P><STRONG><a name="[64]"></a>GPIOPortM_Handler</STRONG> (Thumb, 0 bytes, Stack size 0 bytes, startup.o(RESET))
<BR>[Address Reference Count : 1]<UL><LI> startup.o(RESET)
</UL>
<P><STRONG><a name="[65]"></a>GPIOPortN_Handler</STRONG> (Thumb, 0 bytes, Stack size 0 bytes, startup.o(RESET))
<BR>[Address Reference Count : 1]<UL><LI> startup.o(RESET)
</UL>
<P><STRONG><a name="[69]"></a>GPIOPortP1_Handler</STRONG> (Thumb, 0 bytes, Stack size 0 bytes, startup.o(RESET))
<BR>[Address Reference Count : 1]<UL><LI> startup.o(RESET)
</UL>
<P><STRONG><a name="[6a]"></a>GPIOPortP2_Handler</STRONG> (Thumb, 0 bytes, Stack size 0 bytes, startup.o(RESET))
<BR>[Address Reference Count : 1]<UL><LI> startup.o(RESET)
</UL>
<P><STRONG><a name="[6b]"></a>GPIOPortP3_Handler</STRONG> (Thumb, 0 bytes, Stack size 0 bytes, startup.o(RESET))
<BR>[Address Reference Count : 1]<UL><LI> startup.o(RESET)
</UL>
<P><STRONG><a name="[6c]"></a>GPIOPortP4_Handler</STRONG> (Thumb, 0 bytes, Stack size 0 bytes, startup.o(RESET))
<BR>[Address Reference Count : 1]<UL><LI> startup.o(RESET)
</UL>
<P><STRONG><a name="[6d]"></a>GPIOPortP5_Handler</STRONG> (Thumb, 0 bytes, Stack size 0 bytes, startup.o(RESET))
<BR>[Address Reference Count : 1]<UL><LI> startup.o(RESET)
</UL>
<P><STRONG><a name="[6e]"></a>GPIOPortP6_Handler</STRONG> (Thumb, 0 bytes, Stack size 0 bytes, startup.o(RESET))
<BR>[Address Reference Count : 1]<UL><LI> startup.o(RESET)
</UL>
<P><STRONG><a name="[6f]"></a>GPIOPortP7_Handler</STRONG> (Thumb, 0 bytes, Stack size 0 bytes, startup.o(RESET))
<BR>[Address Reference Count : 1]<UL><LI> startup.o(RESET)
</UL>
<P><STRONG><a name="[68]"></a>GPIOPortP_Handler</STRONG> (Thumb, 0 bytes, Stack size 0 bytes, startup.o(RESET))
<BR>[Address Reference Count : 1]<UL><LI> startup.o(RESET)
</UL>
<P><STRONG><a name="[71]"></a>GPIOPortQ1_Handler</STRONG> (Thumb, 0 bytes, Stack size 0 bytes, startup.o(RESET))
<BR>[Address Reference Count : 1]<UL><LI> startup.o(RESET)
</UL>
<P><STRONG><a name="[72]"></a>GPIOPortQ2_Handler</STRONG> (Thumb, 0 bytes, Stack size 0 bytes, startup.o(RESET))
<BR>[Address Reference Count : 1]<UL><LI> startup.o(RESET)
</UL>
<P><STRONG><a name="[73]"></a>GPIOPortQ3_Handler</STRONG> (Thumb, 0 bytes, Stack size 0 bytes, startup.o(RESET))
<BR>[Address Reference Count : 1]<UL><LI> startup.o(RESET)
</UL>
<P><STRONG><a name="[74]"></a>GPIOPortQ4_Handler</STRONG> (Thumb, 0 bytes, Stack size 0 bytes, startup.o(RESET))
<BR>[Address Reference Count : 1]<UL><LI> startup.o(RESET)
</UL>
<P><STRONG><a name="[75]"></a>GPIOPortQ5_Handler</STRONG> (Thumb, 0 bytes, Stack size 0 bytes, startup.o(RESET))
<BR>[Address Reference Count : 1]<UL><LI> startup.o(RESET)
</UL>
<P><STRONG><a name="[76]"></a>GPIOPortQ6_Handler</STRONG> (Thumb, 0 bytes, Stack size 0 bytes, startup.o(RESET))
<BR>[Address Reference Count : 1]<UL><LI> startup.o(RESET)
</UL>
<P><STRONG><a name="[77]"></a>GPIOPortQ7_Handler</STRONG> (Thumb, 0 bytes, Stack size 0 bytes, startup.o(RESET))
<BR>[Address Reference Count : 1]<UL><LI> startup.o(RESET)
</UL>
<P><STRONG><a name="[70]"></a>GPIOPortQ_Handler</STRONG> (Thumb, 0 bytes, Stack size 0 bytes, startup.o(RESET))
<BR>[Address Reference Count : 1]<UL><LI> startup.o(RESET)
</UL>
<P><STRONG><a name="[78]"></a>GPIOPortR_Handler</STRONG> (Thumb, 0 bytes, Stack size 0 bytes, startup.o(RESET))
<BR>[Address Reference Count : 1]<UL><LI> startup.o(RESET)
</UL>
<P><STRONG><a name="[79]"></a>GPIOPortS_Handler</STRONG> (Thumb, 0 bytes, Stack size 0 bytes, startup.o(RESET))
<BR>[Address Reference Count : 1]<UL><LI> startup.o(RESET)
</UL>
<P><STRONG><a name="[38]"></a>Hibernate_Handler</STRONG> (Thumb, 0 bytes, Stack size 0 bytes, startup.o(RESET))
<BR>[Address Reference Count : 1]<UL><LI> startup.o(RESET)
</UL>
<P><STRONG><a name="[15]"></a>I2C0_Handler</STRONG> (Thumb, 0 bytes, Stack size 0 bytes, startup.o(RESET))
<BR>[Address Reference Count : 1]<UL><LI> startup.o(RESET)
</UL>
<P><STRONG><a name="[32]"></a>I2C1_Handler</STRONG> (Thumb, 0 bytes, Stack size 0 bytes, startup.o(RESET))
<BR>[Address Reference Count : 1]<UL><LI> startup.o(RESET)
</UL>
<P><STRONG><a name="[4d]"></a>I2C2_Handler</STRONG> (Thumb, 0 bytes, Stack size 0 bytes, startup.o(RESET))
<BR>[Address Reference Count : 1]<UL><LI> startup.o(RESET)
</UL>
<P><STRONG><a name="[4e]"></a>I2C3_Handler</STRONG> (Thumb, 0 bytes, Stack size 0 bytes, startup.o(RESET))
<BR>[Address Reference Count : 1]<UL><LI> startup.o(RESET)
</UL>
<P><STRONG><a name="[62]"></a>I2C4_Handler</STRONG> (Thumb, 0 bytes, Stack size 0 bytes, startup.o(RESET))
<BR>[Address Reference Count : 1]<UL><LI> startup.o(RESET)
</UL>
<P><STRONG><a name="[63]"></a>I2C5_Handler</STRONG> (Thumb, 0 bytes, Stack size 0 bytes, startup.o(RESET))
<BR>[Address Reference Count : 1]<UL><LI> startup.o(RESET)
</UL>
<P><STRONG><a name="[41]"></a>I2S0_Handler</STRONG> (Thumb, 0 bytes, Stack size 0 bytes, startup.o(RESET))
<BR>[Address Reference Count : 1]<UL><LI> startup.o(RESET)
</UL>
<P><STRONG><a name="[61]"></a>LPC0_Handler</STRONG> (Thumb, 0 bytes, Stack size 0 bytes, startup.o(RESET))
<BR>[Address Reference Count : 1]<UL><LI> startup.o(RESET)
</UL>
<P><STRONG><a name="[60]"></a>PECI0_Handler</STRONG> (Thumb, 0 bytes, Stack size 0 bytes, startup.o(RESET))
<BR>[Address Reference Count : 1]<UL><LI> startup.o(RESET)
</UL>
<P><STRONG><a name="[16]"></a>PWM0Fault_Handler</STRONG> (Thumb, 0 bytes, Stack size 0 bytes, startup.o(RESET))
<BR>[Address Reference Count : 1]<UL><LI> startup.o(RESET)
</UL>
<P><STRONG><a name="[17]"></a>PWM0Generator0_Handler</STRONG> (Thumb, 0 bytes, Stack size 0 bytes, startup.o(RESET))
<BR>[Address Reference Count : 1]<UL><LI> startup.o(RESET)
</UL>
<P><STRONG><a name="[18]"></a>PWM0Generator1_Handler</STRONG> (Thumb, 0 bytes, Stack size 0 bytes, startup.o(RESET))
<BR>[Address Reference Count : 1]<UL><LI> startup.o(RESET)
</UL>
<P><STRONG><a name="[19]"></a>PWM0Generator2_Handler</STRONG> (Thumb, 0 bytes, Stack size 0 bytes, startup.o(RESET))
<BR>[Address Reference Count : 1]<UL><LI> startup.o(RESET)
</UL>
<P><STRONG><a name="[3a]"></a>PWM0Generator3_Handler</STRONG> (Thumb, 0 bytes, Stack size 0 bytes, startup.o(RESET))
<BR>[Address Reference Count : 1]<UL><LI> startup.o(RESET)
</UL>
<P><STRONG><a name="[7e]"></a>PWM1Fault_Handler</STRONG> (Thumb, 0 bytes, Stack size 0 bytes, startup.o(RESET))
<BR>[Address Reference Count : 1]<UL><LI> startup.o(RESET)
</UL>
<P><STRONG><a name="[7a]"></a>PWM1Generator0_Handler</STRONG> (Thumb, 0 bytes, Stack size 0 bytes, startup.o(RESET))
<BR>[Address Reference Count : 1]<UL><LI> startup.o(RESET)
</UL>
<P><STRONG><a name="[7b]"></a>PWM1Generator1_Handler</STRONG> (Thumb, 0 bytes, Stack size 0 bytes, startup.o(RESET))
<BR>[Address Reference Count : 1]<UL><LI> startup.o(RESET)
</UL>
<P><STRONG><a name="[7c]"></a>PWM1Generator2_Handler</STRONG> (Thumb, 0 bytes, Stack size 0 bytes, startup.o(RESET))
<BR>[Address Reference Count : 1]<UL><LI> startup.o(RESET)
</UL>
<P><STRONG><a name="[7d]"></a>PWM1Generator3_Handler</STRONG> (Thumb, 0 bytes, Stack size 0 bytes, startup.o(RESET))
<BR>[Address Reference Count : 1]<UL><LI> startup.o(RESET)
</UL>
<P><STRONG><a name="[1a]"></a>Quadrature0_Handler</STRONG> (Thumb, 0 bytes, Stack size 0 bytes, startup.o(RESET))
<BR>[Address Reference Count : 1]<UL><LI> startup.o(RESET)
</UL>
<P><STRONG><a name="[33]"></a>Quadrature1_Handler</STRONG> (Thumb, 0 bytes, Stack size 0 bytes, startup.o(RESET))
<BR>[Address Reference Count : 1]<UL><LI> startup.o(RESET)
</UL>
<P><STRONG><a name="[66]"></a>Quadrature2_Handler</STRONG> (Thumb, 0 bytes, Stack size 0 bytes, startup.o(RESET))
<BR>[Address Reference Count : 1]<UL><LI> startup.o(RESET)
</UL>
<P><STRONG><a name="[14]"></a>SSI0_Handler</STRONG> (Thumb, 0 bytes, Stack size 0 bytes, startup.o(RESET))
<BR>[Address Reference Count : 1]<UL><LI> startup.o(RESET)
</UL>
<P><STRONG><a name="[2f]"></a>SSI1_Handler</STRONG> (Thumb, 0 bytes, Stack size 0 bytes, startup.o(RESET))
<BR>[Address Reference Count : 1]<UL><LI> startup.o(RESET)
</UL>
<P><STRONG><a name="[46]"></a>SSI2_Handler</STRONG> (Thumb, 0 bytes, Stack size 0 bytes, startup.o(RESET))
<BR>[Address Reference Count : 1]<UL><LI> startup.o(RESET)
</UL>
<P><STRONG><a name="[47]"></a>SSI3_Handler</STRONG> (Thumb, 0 bytes, Stack size 0 bytes, startup.o(RESET))
<BR>[Address Reference Count : 1]<UL><LI> startup.o(RESET)
</UL>
<P><STRONG><a name="[29]"></a>SysCtl_Handler</STRONG> (Thumb, 0 bytes, Stack size 0 bytes, startup.o(RESET))
<BR>[Address Reference Count : 1]<UL><LI> startup.o(RESET)
</UL>
<P><STRONG><a name="[20]"></a>Timer0A_Handler</STRONG> (Thumb, 0 bytes, Stack size 0 bytes, startup.o(RESET))
<BR>[Address Reference Count : 1]<UL><LI> startup.o(RESET)
</UL>
<P><STRONG><a name="[21]"></a>Timer0B_Handler</STRONG> (Thumb, 0 bytes, Stack size 0 bytes, startup.o(RESET))
<BR>[Address Reference Count : 1]<UL><LI> startup.o(RESET)
</UL>
<P><STRONG><a name="[22]"></a>Timer1A_Handler</STRONG> (Thumb, 0 bytes, Stack size 0 bytes, startup.o(RESET))
<BR>[Address Reference Count : 1]<UL><LI> startup.o(RESET)
</UL>
<P><STRONG><a name="[23]"></a>Timer1B_Handler</STRONG> (Thumb, 0 bytes, Stack size 0 bytes, startup.o(RESET))
<BR>[Address Reference Count : 1]<UL><LI> startup.o(RESET)
</UL>
<P><STRONG><a name="[24]"></a>Timer2A_Handler</STRONG> (Thumb, 0 bytes, Stack size 0 bytes, startup.o(RESET))
<BR>[Address Reference Count : 1]<UL><LI> startup.o(RESET)
</UL>
<P><STRONG><a name="[25]"></a>Timer2B_Handler</STRONG> (Thumb, 0 bytes, Stack size 0 bytes, startup.o(RESET))
<BR>[Address Reference Count : 1]<UL><LI> startup.o(RESET)
</UL>
<P><STRONG><a name="[30]"></a>Timer3A_Handler</STRONG> (Thumb, 0 bytes, Stack size 0 bytes, startup.o(RESET))
<BR>[Address Reference Count : 1]<UL><LI> startup.o(RESET)
</UL>
<P><STRONG><a name="[31]"></a>Timer3B_Handler</STRONG> (Thumb, 0 bytes, Stack size 0 bytes, startup.o(RESET))
<BR>[Address Reference Count : 1]<UL><LI> startup.o(RESET)
</UL>
<P><STRONG><a name="[4f]"></a>Timer4A_Handler</STRONG> (Thumb, 0 bytes, Stack size 0 bytes, startup.o(RESET))
<BR>[Address Reference Count : 1]<UL><LI> startup.o(RESET)
</UL>
<P><STRONG><a name="[50]"></a>Timer4B_Handler</STRONG> (Thumb, 0 bytes, Stack size 0 bytes, startup.o(RESET))
<BR>[Address Reference Count : 1]<UL><LI> startup.o(RESET)
</UL>
<P><STRONG><a name="[52]"></a>Timer5B_Handler</STRONG> (Thumb, 0 bytes, Stack size 0 bytes, startup.o(RESET))
<BR>[Address Reference Count : 1]<UL><LI> startup.o(RESET)
</UL>
<P><STRONG><a name="[12]"></a>UART0_Handler</STRONG> (Thumb, 0 bytes, Stack size 0 bytes, startup.o(RESET))
<BR>[Address Reference Count : 1]<UL><LI> startup.o(RESET)
</UL>
<P><STRONG><a name="[13]"></a>UART1_Handler</STRONG> (Thumb, 0 bytes, Stack size 0 bytes, startup.o(RESET))
<BR>[Address Reference Count : 1]<UL><LI> startup.o(RESET)
</UL>
<P><STRONG><a name="[2e]"></a>UART2_Handler</STRONG> (Thumb, 0 bytes, Stack size 0 bytes, startup.o(RESET))
<BR>[Address Reference Count : 1]<UL><LI> startup.o(RESET)
</UL>
<P><STRONG><a name="[48]"></a>UART3_Handler</STRONG> (Thumb, 0 bytes, Stack size 0 bytes, startup.o(RESET))
<BR>[Address Reference Count : 1]<UL><LI> startup.o(RESET)
</UL>
<P><STRONG><a name="[49]"></a>UART4_Handler</STRONG> (Thumb, 0 bytes, Stack size 0 bytes, startup.o(RESET))
<BR>[Address Reference Count : 1]<UL><LI> startup.o(RESET)
</UL>
<P><STRONG><a name="[4a]"></a>UART5_Handler</STRONG> (Thumb, 0 bytes, Stack size 0 bytes, startup.o(RESET))
<BR>[Address Reference Count : 1]<UL><LI> startup.o(RESET)
</UL>
<P><STRONG><a name="[4b]"></a>UART6_Handler</STRONG> (Thumb, 0 bytes, Stack size 0 bytes, startup.o(RESET))
<BR>[Address Reference Count : 1]<UL><LI> startup.o(RESET)
</UL>
<P><STRONG><a name="[4c]"></a>UART7_Handler</STRONG> (Thumb, 0 bytes, Stack size 0 bytes, startup.o(RESET))
<BR>[Address Reference Count : 1]<UL><LI> startup.o(RESET)
</UL>
<P><STRONG><a name="[39]"></a>USB0_Handler</STRONG> (Thumb, 0 bytes, Stack size 0 bytes, startup.o(RESET))
<BR>[Address Reference Count : 1]<UL><LI> startup.o(RESET)
</UL>
<P><STRONG><a name="[1f]"></a>WDT_Handler</STRONG> (Thumb, 0 bytes, Stack size 0 bytes, startup.o(RESET))
<BR>[Address Reference Count : 1]<UL><LI> startup.o(RESET)
</UL>
<P><STRONG><a name="[53]"></a>WideTimer0A_Handler</STRONG> (Thumb, 0 bytes, Stack size 0 bytes, startup.o(RESET))
<BR>[Address Reference Count : 1]<UL><LI> startup.o(RESET)
</UL>
<P><STRONG><a name="[54]"></a>WideTimer0B_Handler</STRONG> (Thumb, 0 bytes, Stack size 0 bytes, startup.o(RESET))
<BR>[Address Reference Count : 1]<UL><LI> startup.o(RESET)
</UL>
<P><STRONG><a name="[55]"></a>WideTimer1A_Handler</STRONG> (Thumb, 0 bytes, Stack size 0 bytes, startup.o(RESET))
<BR>[Address Reference Count : 1]<UL><LI> startup.o(RESET)
</UL>
<P><STRONG><a name="[56]"></a>WideTimer1B_Handler</STRONG> (Thumb, 0 bytes, Stack size 0 bytes, startup.o(RESET))
<BR>[Address Reference Count : 1]<UL><LI> startup.o(RESET)
</UL>
<P><STRONG><a name="[57]"></a>WideTimer2A_Handler</STRONG> (Thumb, 0 bytes, Stack size 0 bytes, startup.o(RESET))
<BR>[Address Reference Count : 1]<UL><LI> startup.o(RESET)
</UL>
<P><STRONG><a name="[58]"></a>WideTimer2B_Handler</STRONG> (Thumb, 0 bytes, Stack size 0 bytes, startup.o(RESET))
<BR>[Address Reference Count : 1]<UL><LI> startup.o(RESET)
</UL>
<P><STRONG><a name="[59]"></a>WideTimer3A_Handler</STRONG> (Thumb, 0 bytes, Stack size 0 bytes, startup.o(RESET))
<BR>[Address Reference Count : 1]<UL><LI> startup.o(RESET)
</UL>
<P><STRONG><a name="[5a]"></a>WideTimer3B_Handler</STRONG> (Thumb, 0 bytes, Stack size 0 bytes, startup.o(RESET))
<BR>[Address Reference Count : 1]<UL><LI> startup.o(RESET)
</UL>
<P><STRONG><a name="[5b]"></a>WideTimer4A_Handler</STRONG> (Thumb, 0 bytes, Stack size 0 bytes, startup.o(RESET))
<BR>[Address Reference Count : 1]<UL><LI> startup.o(RESET)
</UL>
<P><STRONG><a name="[5c]"></a>WideTimer4B_Handler</STRONG> (Thumb, 0 bytes, Stack size 0 bytes, startup.o(RESET))
<BR>[Address Reference Count : 1]<UL><LI> startup.o(RESET)
</UL>
<P><STRONG><a name="[5d]"></a>WideTimer5A_Handler</STRONG> (Thumb, 0 bytes, Stack size 0 bytes, startup.o(RESET))
<BR>[Address Reference Count : 1]<UL><LI> startup.o(RESET)
</UL>
<P><STRONG><a name="[5e]"></a>WideTimer5B_Handler</STRONG> (Thumb, 0 bytes, Stack size 0 bytes, startup.o(RESET))
<BR>[Address Reference Count : 1]<UL><LI> startup.o(RESET)
</UL>
<P><STRONG><a name="[3c]"></a>uDMA_Error</STRONG> (Thumb, 0 bytes, Stack size 0 bytes, startup.o(RESET))
<BR>[Address Reference Count : 1]<UL><LI> startup.o(RESET)
</UL>
<P><STRONG><a name="[3b]"></a>uDMA_Handler</STRONG> (Thumb, 0 bytes, Stack size 0 bytes, startup.o(RESET))
<BR>[Address Reference Count : 1]<UL><LI> startup.o(RESET)
</UL>
<P><STRONG><a name="[80]"></a>__main</STRONG> (Thumb, 8 bytes, Stack size 0 bytes, __main.o(!!!main))
<BR><BR>[Calls]<UL><LI><a href="#[81]">&gt;&gt;</a>&nbsp;&nbsp;&nbsp;__scatterload
<LI><a href="#[82]">&gt;&gt;</a>&nbsp;&nbsp;&nbsp;__rt_entry
</UL>
<BR>[Called By]<UL><LI><a href="#[7f]">&gt;&gt;</a>&nbsp;&nbsp;&nbsp;Reset_Handler
</UL>

<P><STRONG><a name="[81]"></a>__scatterload</STRONG> (Thumb, 0 bytes, Stack size unknown bytes, __scatter.o(!!!scatter))
<BR><BR>[Called By]<UL><LI><a href="#[80]">&gt;&gt;</a>&nbsp;&nbsp;&nbsp;__main
</UL>

<P><STRONG><a name="[83]"></a>__scatterload_rt2</STRONG> (Thumb, 44 bytes, Stack size unknown bytes, __scatter.o(!!!scatter), UNUSED)
<BR><BR>[Calls]<UL><LI><a href="#[82]">&gt;&gt;</a>&nbsp;&nbsp;&nbsp;__rt_entry
</UL>

<P><STRONG><a name="[df]"></a>__scatterload_rt2_thumb_only</STRONG> (Thumb, 0 bytes, Stack size unknown bytes, __scatter.o(!!!scatter), UNUSED)

<P><STRONG><a name="[e0]"></a>__scatterload_null</STRONG> (Thumb, 0 bytes, Stack size unknown bytes, __scatter.o(!!!scatter), UNUSED)

<P><STRONG><a name="[84]"></a>__scatterload_copy</STRONG> (Thumb, 26 bytes, Stack size unknown bytes, __scatter_copy.o(!!handler_copy), UNUSED)
<BR><BR>[Calls]<UL><LI><a href="#[84]">&gt;&gt;</a>&nbsp;&nbsp;&nbsp;__scatterload_copy
</UL>
<BR>[Called By]<UL><LI><a href="#[84]">&gt;&gt;</a>&nbsp;&nbsp;&nbsp;__scatterload_copy
</UL>

<P><STRONG><a name="[e1]"></a>__scatterload_zeroinit</STRONG> (Thumb, 28 bytes, Stack size unknown bytes, __scatter_zi.o(!!handler_zi), UNUSED)

<P><STRONG><a name="[88]"></a>__rt_lib_init</STRONG> (Thumb, 0 bytes, Stack size unknown bytes, libinit.o(.ARM.Collect$$libinit$$00000000))
<BR><BR>[Called By]<UL><LI><a href="#[87]">&gt;&gt;</a>&nbsp;&nbsp;&nbsp;__rt_entry_li
</UL>

<P><STRONG><a name="[e2]"></a>__rt_lib_init_alloca_1</STRONG> (Thumb, 0 bytes, Stack size unknown bytes, libinit2.o(.ARM.Collect$$libinit$$0000002E))

<P><STRONG><a name="[e3]"></a>__rt_lib_init_argv_1</STRONG> (Thumb, 0 bytes, Stack size unknown bytes, libinit2.o(.ARM.Collect$$libinit$$0000002C))

<P><STRONG><a name="[e4]"></a>__rt_lib_init_atexit_1</STRONG> (Thumb, 0 bytes, Stack size unknown bytes, libinit2.o(.ARM.Collect$$libinit$$0000001B))

<P><STRONG><a name="[e5]"></a>__rt_lib_init_clock_1</STRONG> (Thumb, 0 bytes, Stack size unknown bytes, libinit2.o(.ARM.Collect$$libinit$$00000021))

<P><STRONG><a name="[e6]"></a>__rt_lib_init_cpp_1</STRONG> (Thumb, 0 bytes, Stack size unknown bytes, libinit2.o(.ARM.Collect$$libinit$$00000032))

<P><STRONG><a name="[e7]"></a>__rt_lib_init_exceptions_1</STRONG> (Thumb, 0 bytes, Stack size unknown bytes, libinit2.o(.ARM.Collect$$libinit$$00000030))

<P><STRONG><a name="[e8]"></a>__rt_lib_init_fp_1</STRONG> (Thumb, 0 bytes, Stack size unknown bytes, libinit2.o(.ARM.Collect$$libinit$$00000002))

<P><STRONG><a name="[e9]"></a>__rt_lib_init_fp_trap_1</STRONG> (Thumb, 0 bytes, Stack size unknown bytes, libinit2.o(.ARM.Collect$$libinit$$0000001F))

<P><STRONG><a name="[ea]"></a>__rt_lib_init_getenv_1</STRONG> (Thumb, 0 bytes, Stack size unknown bytes, libinit2.o(.ARM.Collect$$libinit$$00000023))

<P><STRONG><a name="[eb]"></a>__rt_lib_init_heap_1</STRONG> (Thumb, 0 bytes, Stack size unknown bytes, libinit2.o(.ARM.Collect$$libinit$$0000000A))

<P><STRONG><a name="[ec]"></a>__rt_lib_init_lc_collate_1</STRONG> (Thumb, 0 bytes, Stack size unknown bytes, libinit2.o(.ARM.Collect$$libinit$$00000011))

<P><STRONG><a name="[ed]"></a>__rt_lib_init_lc_ctype_1</STRONG> (Thumb, 0 bytes, Stack size unknown bytes, libinit2.o(.ARM.Collect$$libinit$$00000013))

<P><STRONG><a name="[ee]"></a>__rt_lib_init_lc_monetary_1</STRONG> (Thumb, 0 bytes, Stack size unknown bytes, libinit2.o(.ARM.Collect$$libinit$$00000015))

<P><STRONG><a name="[ef]"></a>__rt_lib_init_lc_numeric_1</STRONG> (Thumb, 0 bytes, Stack size unknown bytes, libinit2.o(.ARM.Collect$$libinit$$00000017))

<P><STRONG><a name="[f0]"></a>__rt_lib_init_lc_time_1</STRONG> (Thumb, 0 bytes, Stack size unknown bytes, libinit2.o(.ARM.Collect$$libinit$$00000019))

<P><STRONG><a name="[f1]"></a>__rt_lib_init_preinit_1</STRONG> (Thumb, 0 bytes, Stack size unknown bytes, libinit2.o(.ARM.Collect$$libinit$$00000004))

<P><STRONG><a name="[f2]"></a>__rt_lib_init_rand_1</STRONG> (Thumb, 0 bytes, Stack size unknown bytes, libinit2.o(.ARM.Collect$$libinit$$0000000E))

<P><STRONG><a name="[f3]"></a>__rt_lib_init_return</STRONG> (Thumb, 0 bytes, Stack size unknown bytes, libinit2.o(.ARM.Collect$$libinit$$00000033))

<P><STRONG><a name="[f4]"></a>__rt_lib_init_signal_1</STRONG> (Thumb, 0 bytes, Stack size unknown bytes, libinit2.o(.ARM.Collect$$libinit$$0000001D))

<P><STRONG><a name="[f5]"></a>__rt_lib_init_stdio_1</STRONG> (Thumb, 0 bytes, Stack size unknown bytes, libinit2.o(.ARM.Collect$$libinit$$00000025))

<P><STRONG><a name="[f6]"></a>__rt_lib_init_user_alloc_1</STRONG> (Thumb, 0 bytes, Stack size unknown bytes, libinit2.o(.ARM.Collect$$libinit$$0000000C))

<P><STRONG><a name="[8d]"></a>__rt_lib_shutdown</STRONG> (Thumb, 0 bytes, Stack size unknown bytes, libshutdown.o(.ARM.Collect$$libshutdown$$00000000))
<BR><BR>[Called By]<UL><LI><a href="#[8c]">&gt;&gt;</a>&nbsp;&nbsp;&nbsp;__rt_exit_ls
</UL>

<P><STRONG><a name="[f7]"></a>__rt_lib_shutdown_cpp_1</STRONG> (Thumb, 0 bytes, Stack size unknown bytes, libshutdown2.o(.ARM.Collect$$libshutdown$$00000002))

<P><STRONG><a name="[f8]"></a>__rt_lib_shutdown_fp_trap_1</STRONG> (Thumb, 0 bytes, Stack size unknown bytes, libshutdown2.o(.ARM.Collect$$libshutdown$$00000007))

<P><STRONG><a name="[f9]"></a>__rt_lib_shutdown_heap_1</STRONG> (Thumb, 0 bytes, Stack size unknown bytes, libshutdown2.o(.ARM.Collect$$libshutdown$$0000000F))

<P><STRONG><a name="[fa]"></a>__rt_lib_shutdown_return</STRONG> (Thumb, 0 bytes, Stack size unknown bytes, libshutdown2.o(.ARM.Collect$$libshutdown$$00000010))

<P><STRONG><a name="[fb]"></a>__rt_lib_shutdown_signal_1</STRONG> (Thumb, 0 bytes, Stack size unknown bytes, libshutdown2.o(.ARM.Collect$$libshutdown$$0000000A))

<P><STRONG><a name="[fc]"></a>__rt_lib_shutdown_stdio_1</STRONG> (Thumb, 0 bytes, Stack size unknown bytes, libshutdown2.o(.ARM.Collect$$libshutdown$$00000004))

<P><STRONG><a name="[fd]"></a>__rt_lib_shutdown_user_alloc_1</STRONG> (Thumb, 0 bytes, Stack size unknown bytes, libshutdown2.o(.ARM.Collect$$libshutdown$$0000000C))

<P><STRONG><a name="[82]"></a>__rt_entry</STRONG> (Thumb, 0 bytes, Stack size unknown bytes, __rtentry.o(.ARM.Collect$$rtentry$$00000000))
<BR><BR>[Called By]<UL><LI><a href="#[83]">&gt;&gt;</a>&nbsp;&nbsp;&nbsp;__scatterload_rt2
<LI><a href="#[80]">&gt;&gt;</a>&nbsp;&nbsp;&nbsp;__main
</UL>

<P><STRONG><a name="[fe]"></a>__rt_entry_presh_1</STRONG> (Thumb, 0 bytes, Stack size unknown bytes, __rtentry2.o(.ARM.Collect$$rtentry$$00000002))

<P><STRONG><a name="[85]"></a>__rt_entry_sh</STRONG> (Thumb, 0 bytes, Stack size unknown bytes, __rtentry4.o(.ARM.Collect$$rtentry$$00000004))
<BR><BR>[Stack]<UL><LI>Max Depth = 8 + Unknown Stack Size
<LI>Call Chain = __rt_entry_sh &rArr; __user_setup_stackheap
</UL>
<BR>[Calls]<UL><LI><a href="#[86]">&gt;&gt;</a>&nbsp;&nbsp;&nbsp;__user_setup_stackheap
</UL>

<P><STRONG><a name="[87]"></a>__rt_entry_li</STRONG> (Thumb, 0 bytes, Stack size unknown bytes, __rtentry2.o(.ARM.Collect$$rtentry$$0000000A))
<BR><BR>[Calls]<UL><LI><a href="#[88]">&gt;&gt;</a>&nbsp;&nbsp;&nbsp;__rt_lib_init
</UL>

<P><STRONG><a name="[ff]"></a>__rt_entry_postsh_1</STRONG> (Thumb, 0 bytes, Stack size unknown bytes, __rtentry2.o(.ARM.Collect$$rtentry$$00000009))

<P><STRONG><a name="[89]"></a>__rt_entry_main</STRONG> (Thumb, 0 bytes, Stack size unknown bytes, __rtentry2.o(.ARM.Collect$$rtentry$$0000000D))
<BR><BR>[Stack]<UL><LI>Max Depth = 416 + Unknown Stack Size
<LI>Call Chain = __rt_entry_main &rArr; main &rArr; FileSystemTest &rArr; f_open &rArr; follow_path &rArr; dir_find &rArr; dir_next &rArr; create_chain &rArr; put_fat &rArr; move_window &rArr; sync_window &rArr; disk_write &rArr; send_cmd &rArr;  send_cmd (Cycle)
</UL>
<BR>[Calls]<UL><LI><a href="#[8a]">&gt;&gt;</a>&nbsp;&nbsp;&nbsp;main
<LI><a href="#[8b]">&gt;&gt;</a>&nbsp;&nbsp;&nbsp;exit
</UL>

<P><STRONG><a name="[100]"></a>__rt_entry_postli_1</STRONG> (Thumb, 0 bytes, Stack size unknown bytes, __rtentry2.o(.ARM.Collect$$rtentry$$0000000C))

<P><STRONG><a name="[93]"></a>__rt_exit</STRONG> (Thumb, 0 bytes, Stack size unknown bytes, rtexit.o(.ARM.Collect$$rtexit$$00000000))
<BR><BR>[Called By]<UL><LI><a href="#[8b]">&gt;&gt;</a>&nbsp;&nbsp;&nbsp;exit
</UL>

<P><STRONG><a name="[8c]"></a>__rt_exit_ls</STRONG> (Thumb, 0 bytes, Stack size unknown bytes, rtexit2.o(.ARM.Collect$$rtexit$$00000003))
<BR><BR>[Calls]<UL><LI><a href="#[8d]">&gt;&gt;</a>&nbsp;&nbsp;&nbsp;__rt_lib_shutdown
</UL>

<P><STRONG><a name="[101]"></a>__rt_exit_prels_1</STRONG> (Thumb, 0 bytes, Stack size unknown bytes, rtexit2.o(.ARM.Collect$$rtexit$$00000002))

<P><STRONG><a name="[8e]"></a>__rt_exit_exit</STRONG> (Thumb, 0 bytes, Stack size unknown bytes, rtexit2.o(.ARM.Collect$$rtexit$$00000004))
<BR><BR>[Calls]<UL><LI><a href="#[8f]">&gt;&gt;</a>&nbsp;&nbsp;&nbsp;_sys_exit
</UL>

<P><STRONG><a name="[90]"></a>Delay</STRONG> (Thumb, 6 bytes, Stack size 0 bytes, st7735.o(.emb_text))
<BR><BR>[Calls]<UL><LI><a href="#[90]">&gt;&gt;</a>&nbsp;&nbsp;&nbsp;Delay
</UL>
<BR>[Called By]<UL><LI><a href="#[94]">&gt;&gt;</a>&nbsp;&nbsp;&nbsp;Delay1ms
<LI><a href="#[90]">&gt;&gt;</a>&nbsp;&nbsp;&nbsp;Delay
</UL>

<P><STRONG><a name="[102]"></a>DisableInterrupts</STRONG> (Thumb, 0 bytes, Stack size unknown bytes, startup.o(.text), UNUSED)

<P><STRONG><a name="[db]"></a>EnableInterrupts</STRONG> (Thumb, 0 bytes, Stack size unknown bytes, startup.o(.text))
<BR><BR>[Called By]<UL><LI><a href="#[8a]">&gt;&gt;</a>&nbsp;&nbsp;&nbsp;main
</UL>

<P><STRONG><a name="[103]"></a>StartCritical</STRONG> (Thumb, 0 bytes, Stack size unknown bytes, startup.o(.text), UNUSED)

<P><STRONG><a name="[104]"></a>EndCritical</STRONG> (Thumb, 0 bytes, Stack size unknown bytes, startup.o(.text), UNUSED)

<P><STRONG><a name="[105]"></a>WaitForInterrupt</STRONG> (Thumb, 0 bytes, Stack size unknown bytes, startup.o(.text), UNUSED)

<P><STRONG><a name="[92]"></a>__user_initial_stackheap</STRONG> (Thumb, 0 bytes, Stack size unknown bytes, startup.o(.text))
<BR><BR>[Called By]<UL><LI><a href="#[86]">&gt;&gt;</a>&nbsp;&nbsp;&nbsp;__user_setup_stackheap
</UL>

<P><STRONG><a name="[106]"></a>__use_two_region_memory</STRONG> (Thumb, 2 bytes, Stack size 0 bytes, heapauxi.o(.text), UNUSED)

<P><STRONG><a name="[107]"></a>__rt_heap_escrow$2region</STRONG> (Thumb, 2 bytes, Stack size 0 bytes, heapauxi.o(.text), UNUSED)

<P><STRONG><a name="[108]"></a>__rt_heap_expand$2region</STRONG> (Thumb, 2 bytes, Stack size 0 bytes, heapauxi.o(.text), UNUSED)

<P><STRONG><a name="[86]"></a>__user_setup_stackheap</STRONG> (Thumb, 74 bytes, Stack size 8 bytes, sys_stackheap_outer.o(.text))
<BR><BR>[Stack]<UL><LI>Max Depth = 8 + Unknown Stack Size
<LI>Call Chain = __user_setup_stackheap
</UL>
<BR>[Calls]<UL><LI><a href="#[92]">&gt;&gt;</a>&nbsp;&nbsp;&nbsp;__user_initial_stackheap
<LI><a href="#[91]">&gt;&gt;</a>&nbsp;&nbsp;&nbsp;__user_perproc_libspace
</UL>
<BR>[Called By]<UL><LI><a href="#[85]">&gt;&gt;</a>&nbsp;&nbsp;&nbsp;__rt_entry_sh
</UL>

<P><STRONG><a name="[8b]"></a>exit</STRONG> (Thumb, 18 bytes, Stack size 8 bytes, exit.o(.text))
<BR><BR>[Stack]<UL><LI>Max Depth = 8 + Unknown Stack Size
<LI>Call Chain = exit
</UL>
<BR>[Calls]<UL><LI><a href="#[93]">&gt;&gt;</a>&nbsp;&nbsp;&nbsp;__rt_exit
</UL>
<BR>[Called By]<UL><LI><a href="#[89]">&gt;&gt;</a>&nbsp;&nbsp;&nbsp;__rt_entry_main
</UL>

<P><STRONG><a name="[109]"></a>__user_libspace</STRONG> (Thumb, 8 bytes, Stack size 0 bytes, libspace.o(.text), UNUSED)

<P><STRONG><a name="[91]"></a>__user_perproc_libspace</STRONG> (Thumb, 0 bytes, Stack size 0 bytes, libspace.o(.text))
<BR><BR>[Called By]<UL><LI><a href="#[86]">&gt;&gt;</a>&nbsp;&nbsp;&nbsp;__user_setup_stackheap
</UL>

<P><STRONG><a name="[10a]"></a>__user_perthread_libspace</STRONG> (Thumb, 0 bytes, Stack size 0 bytes, libspace.o(.text), UNUSED)

<P><STRONG><a name="[8f]"></a>_sys_exit</STRONG> (Thumb, 8 bytes, Stack size 0 bytes, sys_exit.o(.text))
<BR><BR>[Called By]<UL><LI><a href="#[8e]">&gt;&gt;</a>&nbsp;&nbsp;&nbsp;__rt_exit_exit
</UL>

<P><STRONG><a name="[10b]"></a>__I$use$semihosting</STRONG> (Thumb, 0 bytes, Stack size 0 bytes, use_no_semi.o(.text), UNUSED)

<P><STRONG><a name="[10c]"></a>__use_no_semihosting_swi</STRONG> (Thumb, 2 bytes, Stack size 0 bytes, use_no_semi.o(.text), UNUSED)

<P><STRONG><a name="[10d]"></a>__semihosting_library_function</STRONG> (Thumb, 0 bytes, Stack size unknown bytes, indicate_semi.o(.text), UNUSED)

<P><STRONG><a name="[a2]"></a>CS_Init</STRONG> (Thumb, 150 bytes, Stack size 0 bytes, diskio.o(i.CS_Init))
<BR><BR>[Called By]<UL><LI><a href="#[a0]">&gt;&gt;</a>&nbsp;&nbsp;&nbsp;SSI0_Init
</UL>

<P><STRONG><a name="[94]"></a>Delay1ms</STRONG> (Thumb, 22 bytes, Stack size 8 bytes, st7735.o(i.Delay1ms))
<BR><BR>[Stack]<UL><LI>Max Depth = 8<LI>Call Chain = Delay1ms
</UL>
<BR>[Calls]<UL><LI><a href="#[90]">&gt;&gt;</a>&nbsp;&nbsp;&nbsp;Delay
</UL>
<BR>[Called By]<UL><LI><a href="#[ab]">&gt;&gt;</a>&nbsp;&nbsp;&nbsp;commonInit
<LI><a href="#[ac]">&gt;&gt;</a>&nbsp;&nbsp;&nbsp;commandList
</UL>

<P><STRONG><a name="[95]"></a>FileSystemTest</STRONG> (Thumb, 552 bytes, Stack size 48 bytes, sdcfile.o(i.FileSystemTest))
<BR><BR>[Stack]<UL><LI>Max Depth = 392<LI>Call Chain = FileSystemTest &rArr; f_open &rArr; follow_path &rArr; dir_find &rArr; dir_next &rArr; create_chain &rArr; put_fat &rArr; move_window &rArr; sync_window &rArr; disk_write &rArr; send_cmd &rArr;  send_cmd (Cycle)
</UL>
<BR>[Calls]<UL><LI><a href="#[9e]">&gt;&gt;</a>&nbsp;&nbsp;&nbsp;ST7735_SetTextColor
<LI><a href="#[9d]">&gt;&gt;</a>&nbsp;&nbsp;&nbsp;ST7735_SetCursor
<LI><a href="#[9f]">&gt;&gt;</a>&nbsp;&nbsp;&nbsp;ST7735_OutUDec
<LI><a href="#[98]">&gt;&gt;</a>&nbsp;&nbsp;&nbsp;ST7735_DrawString
<LI><a href="#[9c]">&gt;&gt;</a>&nbsp;&nbsp;&nbsp;ST7735_DrawChar
<LI><a href="#[97]">&gt;&gt;</a>&nbsp;&nbsp;&nbsp;ST7735_Color565
<LI><a href="#[99]">&gt;&gt;</a>&nbsp;&nbsp;&nbsp;f_write
<LI><a href="#[9b]">&gt;&gt;</a>&nbsp;&nbsp;&nbsp;f_read
<LI><a href="#[96]">&gt;&gt;</a>&nbsp;&nbsp;&nbsp;f_open
<LI><a href="#[9a]">&gt;&gt;</a>&nbsp;&nbsp;&nbsp;f_close
</UL>
<BR>[Called By]<UL><LI><a href="#[8a]">&gt;&gt;</a>&nbsp;&nbsp;&nbsp;main
</UL>

<P><STRONG><a name="[da]"></a>PLL_Init</STRONG> (Thumb, 120 bytes, Stack size 0 bytes, pll.o(i.PLL_Init))
<BR><BR>[Called By]<UL><LI><a href="#[8a]">&gt;&gt;</a>&nbsp;&nbsp;&nbsp;main
</UL>

<P><STRONG><a name="[b2]"></a>SDC_CS_Init</STRONG> (Thumb, 134 bytes, Stack size 0 bytes, st7735.o(i.SDC_CS_Init))
<BR><BR>[Called By]<UL><LI><a href="#[ab]">&gt;&gt;</a>&nbsp;&nbsp;&nbsp;commonInit
</UL>

<P><STRONG><a name="[a0]"></a>SSI0_Init</STRONG> (Thumb, 300 bytes, Stack size 4 bytes, diskio.o(i.SSI0_Init))
<BR><BR>[Stack]<UL><LI>Max Depth = 4<LI>Call Chain = SSI0_Init
</UL>
<BR>[Calls]<UL><LI><a href="#[a1]">&gt;&gt;</a>&nbsp;&nbsp;&nbsp;Timer5_Init
<LI><a href="#[a2]">&gt;&gt;</a>&nbsp;&nbsp;&nbsp;CS_Init
</UL>
<BR>[Called By]<UL><LI><a href="#[c5]">&gt;&gt;</a>&nbsp;&nbsp;&nbsp;init_spi
</UL>

<P><STRONG><a name="[97]"></a>ST7735_Color565</STRONG> (Thumb, 24 bytes, Stack size 8 bytes, st7735.o(i.ST7735_Color565))
<BR><BR>[Stack]<UL><LI>Max Depth = 8<LI>Call Chain = ST7735_Color565
</UL>
<BR>[Called By]<UL><LI><a href="#[8a]">&gt;&gt;</a>&nbsp;&nbsp;&nbsp;main
<LI><a href="#[95]">&gt;&gt;</a>&nbsp;&nbsp;&nbsp;FileSystemTest
</UL>

<P><STRONG><a name="[9c]"></a>ST7735_DrawChar</STRONG> (Thumb, 260 bytes, Stack size 56 bytes, st7735.o(i.ST7735_DrawChar))
<BR><BR>[Stack]<UL><LI>Max Depth = 88<LI>Call Chain = ST7735_DrawChar &rArr; setAddrWindow &rArr; writedata
</UL>
<BR>[Calls]<UL><LI><a href="#[a3]">&gt;&gt;</a>&nbsp;&nbsp;&nbsp;setAddrWindow
<LI><a href="#[a4]">&gt;&gt;</a>&nbsp;&nbsp;&nbsp;pushColor
</UL>
<BR>[Called By]<UL><LI><a href="#[8a]">&gt;&gt;</a>&nbsp;&nbsp;&nbsp;main
<LI><a href="#[95]">&gt;&gt;</a>&nbsp;&nbsp;&nbsp;FileSystemTest
</UL>

<P><STRONG><a name="[a5]"></a>ST7735_DrawCharS</STRONG> (Thumb, 236 bytes, Stack size 48 bytes, st7735.o(i.ST7735_DrawCharS))
<BR><BR>[Stack]<UL><LI>Max Depth = 112<LI>Call Chain = ST7735_DrawCharS &rArr; ST7735_FillRect &rArr; setAddrWindow &rArr; writedata
</UL>
<BR>[Calls]<UL><LI><a href="#[a7]">&gt;&gt;</a>&nbsp;&nbsp;&nbsp;ST7735_FillRect
<LI><a href="#[a6]">&gt;&gt;</a>&nbsp;&nbsp;&nbsp;ST7735_DrawPixel
</UL>
<BR>[Called By]<UL><LI><a href="#[9f]">&gt;&gt;</a>&nbsp;&nbsp;&nbsp;ST7735_OutUDec
<LI><a href="#[98]">&gt;&gt;</a>&nbsp;&nbsp;&nbsp;ST7735_DrawString
</UL>

<P><STRONG><a name="[a6]"></a>ST7735_DrawPixel</STRONG> (Thumb, 64 bytes, Stack size 24 bytes, st7735.o(i.ST7735_DrawPixel))
<BR><BR>[Stack]<UL><LI>Max Depth = 56<LI>Call Chain = ST7735_DrawPixel &rArr; setAddrWindow &rArr; writedata
</UL>
<BR>[Calls]<UL><LI><a href="#[a3]">&gt;&gt;</a>&nbsp;&nbsp;&nbsp;setAddrWindow
<LI><a href="#[a4]">&gt;&gt;</a>&nbsp;&nbsp;&nbsp;pushColor
</UL>
<BR>[Called By]<UL><LI><a href="#[a5]">&gt;&gt;</a>&nbsp;&nbsp;&nbsp;ST7735_DrawCharS
</UL>

<P><STRONG><a name="[98]"></a>ST7735_DrawString</STRONG> (Thumb, 86 bytes, Stack size 32 bytes, st7735.o(i.ST7735_DrawString))
<BR><BR>[Stack]<UL><LI>Max Depth = 144<LI>Call Chain = ST7735_DrawString &rArr; ST7735_DrawCharS &rArr; ST7735_FillRect &rArr; setAddrWindow &rArr; writedata
</UL>
<BR>[Calls]<UL><LI><a href="#[a5]">&gt;&gt;</a>&nbsp;&nbsp;&nbsp;ST7735_DrawCharS
</UL>
<BR>[Called By]<UL><LI><a href="#[9f]">&gt;&gt;</a>&nbsp;&nbsp;&nbsp;ST7735_OutUDec
<LI><a href="#[8a]">&gt;&gt;</a>&nbsp;&nbsp;&nbsp;main
<LI><a href="#[95]">&gt;&gt;</a>&nbsp;&nbsp;&nbsp;FileSystemTest
</UL>

<P><STRONG><a name="[a7]"></a>ST7735_FillRect</STRONG> (Thumb, 164 bytes, Stack size 32 bytes, st7735.o(i.ST7735_FillRect))
<BR><BR>[Stack]<UL><LI>Max Depth = 64<LI>Call Chain = ST7735_FillRect &rArr; setAddrWindow &rArr; writedata
</UL>
<BR>[Calls]<UL><LI><a href="#[a8]">&gt;&gt;</a>&nbsp;&nbsp;&nbsp;writedata
<LI><a href="#[a3]">&gt;&gt;</a>&nbsp;&nbsp;&nbsp;setAddrWindow
</UL>
<BR>[Called By]<UL><LI><a href="#[a9]">&gt;&gt;</a>&nbsp;&nbsp;&nbsp;ST7735_FillScreen
<LI><a href="#[a5]">&gt;&gt;</a>&nbsp;&nbsp;&nbsp;ST7735_DrawCharS
</UL>

<P><STRONG><a name="[a9]"></a>ST7735_FillScreen</STRONG> (Thumb, 28 bytes, Stack size 16 bytes, st7735.o(i.ST7735_FillScreen))
<BR><BR>[Stack]<UL><LI>Max Depth = 80<LI>Call Chain = ST7735_FillScreen &rArr; ST7735_FillRect &rArr; setAddrWindow &rArr; writedata
</UL>
<BR>[Calls]<UL><LI><a href="#[a7]">&gt;&gt;</a>&nbsp;&nbsp;&nbsp;ST7735_FillRect
</UL>
<BR>[Called By]<UL><LI><a href="#[aa]">&gt;&gt;</a>&nbsp;&nbsp;&nbsp;ST7735_InitR
<LI><a href="#[8a]">&gt;&gt;</a>&nbsp;&nbsp;&nbsp;main
</UL>

<P><STRONG><a name="[aa]"></a>ST7735_InitR</STRONG> (Thumb, 90 bytes, Stack size 8 bytes, st7735.o(i.ST7735_InitR))
<BR><BR>[Stack]<UL><LI>Max Depth = 88<LI>Call Chain = ST7735_InitR &rArr; ST7735_FillScreen &rArr; ST7735_FillRect &rArr; setAddrWindow &rArr; writedata
</UL>
<BR>[Calls]<UL><LI><a href="#[a8]">&gt;&gt;</a>&nbsp;&nbsp;&nbsp;writedata
<LI><a href="#[ad]">&gt;&gt;</a>&nbsp;&nbsp;&nbsp;writecommand
<LI><a href="#[ab]">&gt;&gt;</a>&nbsp;&nbsp;&nbsp;commonInit
<LI><a href="#[ac]">&gt;&gt;</a>&nbsp;&nbsp;&nbsp;commandList
<LI><a href="#[9d]">&gt;&gt;</a>&nbsp;&nbsp;&nbsp;ST7735_SetCursor
<LI><a href="#[a9]">&gt;&gt;</a>&nbsp;&nbsp;&nbsp;ST7735_FillScreen
</UL>
<BR>[Called By]<UL><LI><a href="#[8a]">&gt;&gt;</a>&nbsp;&nbsp;&nbsp;main
</UL>

<P><STRONG><a name="[9f]"></a>ST7735_OutUDec</STRONG> (Thumb, 118 bytes, Stack size 16 bytes, st7735.o(i.ST7735_OutUDec))
<BR><BR>[Stack]<UL><LI>Max Depth = 160<LI>Call Chain = ST7735_OutUDec &rArr; ST7735_DrawString &rArr; ST7735_DrawCharS &rArr; ST7735_FillRect &rArr; setAddrWindow &rArr; writedata
</UL>
<BR>[Calls]<UL><LI><a href="#[98]">&gt;&gt;</a>&nbsp;&nbsp;&nbsp;ST7735_DrawString
<LI><a href="#[ae]">&gt;&gt;</a>&nbsp;&nbsp;&nbsp;fillmessage
<LI><a href="#[a5]">&gt;&gt;</a>&nbsp;&nbsp;&nbsp;ST7735_DrawCharS
</UL>
<BR>[Called By]<UL><LI><a href="#[8a]">&gt;&gt;</a>&nbsp;&nbsp;&nbsp;main
<LI><a href="#[95]">&gt;&gt;</a>&nbsp;&nbsp;&nbsp;FileSystemTest
</UL>

<P><STRONG><a name="[9d]"></a>ST7735_SetCursor</STRONG> (Thumb, 22 bytes, Stack size 0 bytes, st7735.o(i.ST7735_SetCursor))
<BR><BR>[Called By]<UL><LI><a href="#[aa]">&gt;&gt;</a>&nbsp;&nbsp;&nbsp;ST7735_InitR
<LI><a href="#[8a]">&gt;&gt;</a>&nbsp;&nbsp;&nbsp;main
<LI><a href="#[95]">&gt;&gt;</a>&nbsp;&nbsp;&nbsp;FileSystemTest
</UL>

<P><STRONG><a name="[9e]"></a>ST7735_SetTextColor</STRONG> (Thumb, 6 bytes, Stack size 0 bytes, st7735.o(i.ST7735_SetTextColor))
<BR><BR>[Called By]<UL><LI><a href="#[8a]">&gt;&gt;</a>&nbsp;&nbsp;&nbsp;main
<LI><a href="#[95]">&gt;&gt;</a>&nbsp;&nbsp;&nbsp;FileSystemTest
</UL>

<P><STRONG><a name="[51]"></a>Timer5A_Handler</STRONG> (Thumb, 14 bytes, Stack size 4 bytes, diskio.o(i.Timer5A_Handler))
<BR><BR>[Stack]<UL><LI>Max Depth = 4<LI>Call Chain = Timer5A_Handler
</UL>
<BR>[Calls]<UL><LI><a href="#[af]">&gt;&gt;</a>&nbsp;&nbsp;&nbsp;disk_timerproc
</UL>
<BR>[Address Reference Count : 1]<UL><LI> startup.o(RESET)
</UL>
<P><STRONG><a name="[a1]"></a>Timer5_Init</STRONG> (Thumb, 84 bytes, Stack size 0 bytes, diskio.o(i.Timer5_Init))
<BR><BR>[Called By]<UL><LI><a href="#[a0]">&gt;&gt;</a>&nbsp;&nbsp;&nbsp;SSI0_Init
</UL>

<P><STRONG><a name="[c1]"></a>clust2sect</STRONG> (Thumb, 26 bytes, Stack size 0 bytes, ff.o(i.clust2sect))
<BR><BR>[Called By]<UL><LI><a href="#[99]">&gt;&gt;</a>&nbsp;&nbsp;&nbsp;f_write
<LI><a href="#[9b]">&gt;&gt;</a>&nbsp;&nbsp;&nbsp;f_read
<LI><a href="#[d0]">&gt;&gt;</a>&nbsp;&nbsp;&nbsp;f_lseek
<LI><a href="#[bc]">&gt;&gt;</a>&nbsp;&nbsp;&nbsp;dir_sdi
<LI><a href="#[bd]">&gt;&gt;</a>&nbsp;&nbsp;&nbsp;dir_next
</UL>

<P><STRONG><a name="[c4]"></a>disk_initialize</STRONG> (Thumb, 330 bytes, Stack size 24 bytes, diskio.o(i.disk_initialize))
<BR><BR>[Stack]<UL><LI>Max Depth = 80<LI>Call Chain = disk_initialize &rArr; send_cmd &rArr;  send_cmd (Cycle)
</UL>
<BR>[Calls]<UL><LI><a href="#[ba]">&gt;&gt;</a>&nbsp;&nbsp;&nbsp;xchg_spi
<LI><a href="#[c6]">&gt;&gt;</a>&nbsp;&nbsp;&nbsp;send_cmd
<LI><a href="#[c5]">&gt;&gt;</a>&nbsp;&nbsp;&nbsp;init_spi
<LI><a href="#[b9]">&gt;&gt;</a>&nbsp;&nbsp;&nbsp;deselect
</UL>
<BR>[Called By]<UL><LI><a href="#[d3]">&gt;&gt;</a>&nbsp;&nbsp;&nbsp;find_volume
</UL>

<P><STRONG><a name="[c7]"></a>disk_ioctl</STRONG> (Thumb, 544 bytes, Stack size 56 bytes, diskio.o(i.disk_ioctl))
<BR><BR>[Stack]<UL><LI>Max Depth = 112 + In Cycle
<LI>Call Chain = disk_ioctl &rArr;  disk_ioctl (Cycle)
</UL>
<BR>[Calls]<UL><LI><a href="#[c7]">&gt;&gt;</a>&nbsp;&nbsp;&nbsp;disk_ioctl
<LI><a href="#[ba]">&gt;&gt;</a>&nbsp;&nbsp;&nbsp;xchg_spi
<LI><a href="#[ca]">&gt;&gt;</a>&nbsp;&nbsp;&nbsp;wait_ready
<LI><a href="#[c6]">&gt;&gt;</a>&nbsp;&nbsp;&nbsp;send_cmd
<LI><a href="#[c8]">&gt;&gt;</a>&nbsp;&nbsp;&nbsp;select
<LI><a href="#[c9]">&gt;&gt;</a>&nbsp;&nbsp;&nbsp;rcvr_datablock
<LI><a href="#[b9]">&gt;&gt;</a>&nbsp;&nbsp;&nbsp;deselect
</UL>
<BR>[Called By]<UL><LI><a href="#[d8]">&gt;&gt;</a>&nbsp;&nbsp;&nbsp;sync_fs
<LI><a href="#[c7]">&gt;&gt;</a>&nbsp;&nbsp;&nbsp;disk_ioctl
</UL>

<P><STRONG><a name="[cb]"></a>disk_read</STRONG> (Thumb, 136 bytes, Stack size 24 bytes, diskio.o(i.disk_read))
<BR><BR>[Stack]<UL><LI>Max Depth = 80<LI>Call Chain = disk_read &rArr; send_cmd &rArr;  send_cmd (Cycle)
</UL>
<BR>[Calls]<UL><LI><a href="#[c6]">&gt;&gt;</a>&nbsp;&nbsp;&nbsp;send_cmd
<LI><a href="#[c9]">&gt;&gt;</a>&nbsp;&nbsp;&nbsp;rcvr_datablock
<LI><a href="#[b9]">&gt;&gt;</a>&nbsp;&nbsp;&nbsp;deselect
</UL>
<BR>[Called By]<UL><LI><a href="#[99]">&gt;&gt;</a>&nbsp;&nbsp;&nbsp;f_write
<LI><a href="#[9b]">&gt;&gt;</a>&nbsp;&nbsp;&nbsp;f_read
<LI><a href="#[d0]">&gt;&gt;</a>&nbsp;&nbsp;&nbsp;f_lseek
<LI><a href="#[b1]">&gt;&gt;</a>&nbsp;&nbsp;&nbsp;move_window
</UL>

<P><STRONG><a name="[d9]"></a>disk_status</STRONG> (Thumb, 14 bytes, Stack size 0 bytes, diskio.o(i.disk_status))
<BR><BR>[Called By]<UL><LI><a href="#[cf]">&gt;&gt;</a>&nbsp;&nbsp;&nbsp;validate
<LI><a href="#[d3]">&gt;&gt;</a>&nbsp;&nbsp;&nbsp;find_volume
</UL>

<P><STRONG><a name="[af]"></a>disk_timerproc</STRONG> (Thumb, 52 bytes, Stack size 0 bytes, diskio.o(i.disk_timerproc))
<BR><BR>[Called By]<UL><LI><a href="#[51]">&gt;&gt;</a>&nbsp;&nbsp;&nbsp;Timer5A_Handler
</UL>

<P><STRONG><a name="[cc]"></a>disk_write</STRONG> (Thumb, 170 bytes, Stack size 24 bytes, diskio.o(i.disk_write))
<BR><BR>[Stack]<UL><LI>Max Depth = 80<LI>Call Chain = disk_write &rArr; send_cmd &rArr;  send_cmd (Cycle)
</UL>
<BR>[Calls]<UL><LI><a href="#[cd]">&gt;&gt;</a>&nbsp;&nbsp;&nbsp;xmit_datablock
<LI><a href="#[c6]">&gt;&gt;</a>&nbsp;&nbsp;&nbsp;send_cmd
<LI><a href="#[b9]">&gt;&gt;</a>&nbsp;&nbsp;&nbsp;deselect
</UL>
<BR>[Called By]<UL><LI><a href="#[99]">&gt;&gt;</a>&nbsp;&nbsp;&nbsp;f_write
<LI><a href="#[ce]">&gt;&gt;</a>&nbsp;&nbsp;&nbsp;f_sync
<LI><a href="#[9b]">&gt;&gt;</a>&nbsp;&nbsp;&nbsp;f_read
<LI><a href="#[d0]">&gt;&gt;</a>&nbsp;&nbsp;&nbsp;f_lseek
<LI><a href="#[c0]">&gt;&gt;</a>&nbsp;&nbsp;&nbsp;sync_window
<LI><a href="#[d8]">&gt;&gt;</a>&nbsp;&nbsp;&nbsp;sync_fs
</UL>

<P><STRONG><a name="[9a]"></a>f_close</STRONG> (Thumb, 32 bytes, Stack size 16 bytes, ff.o(i.f_close))
<BR><BR>[Stack]<UL><LI>Max Depth = 168<LI>Call Chain = f_close &rArr; f_sync &rArr; sync_fs &rArr; disk_ioctl &rArr;  disk_ioctl (Cycle)
</UL>
<BR>[Calls]<UL><LI><a href="#[ce]">&gt;&gt;</a>&nbsp;&nbsp;&nbsp;f_sync
<LI><a href="#[cf]">&gt;&gt;</a>&nbsp;&nbsp;&nbsp;validate
</UL>
<BR>[Called By]<UL><LI><a href="#[8a]">&gt;&gt;</a>&nbsp;&nbsp;&nbsp;main
<LI><a href="#[95]">&gt;&gt;</a>&nbsp;&nbsp;&nbsp;FileSystemTest
</UL>

<P><STRONG><a name="[d0]"></a>f_lseek</STRONG> (Thumb, 382 bytes, Stack size 32 bytes, ff.o(i.f_lseek))
<BR><BR>[Stack]<UL><LI>Max Depth = 216<LI>Call Chain = f_lseek &rArr; create_chain &rArr; put_fat &rArr; move_window &rArr; sync_window &rArr; disk_write &rArr; send_cmd &rArr;  send_cmd (Cycle)
</UL>
<BR>[Calls]<UL><LI><a href="#[b4]">&gt;&gt;</a>&nbsp;&nbsp;&nbsp;get_fat
<LI><a href="#[c1]">&gt;&gt;</a>&nbsp;&nbsp;&nbsp;clust2sect
<LI><a href="#[cf]">&gt;&gt;</a>&nbsp;&nbsp;&nbsp;validate
<LI><a href="#[b3]">&gt;&gt;</a>&nbsp;&nbsp;&nbsp;create_chain
<LI><a href="#[cc]">&gt;&gt;</a>&nbsp;&nbsp;&nbsp;disk_write
<LI><a href="#[cb]">&gt;&gt;</a>&nbsp;&nbsp;&nbsp;disk_read
</UL>
<BR>[Called By]<UL><LI><a href="#[8a]">&gt;&gt;</a>&nbsp;&nbsp;&nbsp;main
</UL>

<P><STRONG><a name="[d1]"></a>f_mount</STRONG> (Thumb, 86 bytes, Stack size 40 bytes, ff.o(i.f_mount))
<BR><BR>[Stack]<UL><LI>Max Depth = 256<LI>Call Chain = f_mount &rArr; find_volume &rArr; check_fs &rArr; move_window &rArr; sync_window &rArr; disk_write &rArr; send_cmd &rArr;  send_cmd (Cycle)
</UL>
<BR>[Calls]<UL><LI><a href="#[d2]">&gt;&gt;</a>&nbsp;&nbsp;&nbsp;get_ldnumber
<LI><a href="#[d3]">&gt;&gt;</a>&nbsp;&nbsp;&nbsp;find_volume
</UL>
<BR>[Called By]<UL><LI><a href="#[8a]">&gt;&gt;</a>&nbsp;&nbsp;&nbsp;main
</UL>

<P><STRONG><a name="[96]"></a>f_open</STRONG> (Thumb, 352 bytes, Stack size 80 bytes, ff.o(i.f_open))
<BR><BR>[Stack]<UL><LI>Max Depth = 344<LI>Call Chain = f_open &rArr; follow_path &rArr; dir_find &rArr; dir_next &rArr; create_chain &rArr; put_fat &rArr; move_window &rArr; sync_window &rArr; disk_write &rArr; send_cmd &rArr;  send_cmd (Cycle)
</UL>
<BR>[Calls]<UL><LI><a href="#[d6]">&gt;&gt;</a>&nbsp;&nbsp;&nbsp;st_clust
<LI><a href="#[d7]">&gt;&gt;</a>&nbsp;&nbsp;&nbsp;remove_chain
<LI><a href="#[b1]">&gt;&gt;</a>&nbsp;&nbsp;&nbsp;move_window
<LI><a href="#[d5]">&gt;&gt;</a>&nbsp;&nbsp;&nbsp;ld_clust
<LI><a href="#[d4]">&gt;&gt;</a>&nbsp;&nbsp;&nbsp;follow_path
<LI><a href="#[d3]">&gt;&gt;</a>&nbsp;&nbsp;&nbsp;find_volume
<LI><a href="#[c2]">&gt;&gt;</a>&nbsp;&nbsp;&nbsp;dir_register
</UL>
<BR>[Called By]<UL><LI><a href="#[8a]">&gt;&gt;</a>&nbsp;&nbsp;&nbsp;main
<LI><a href="#[95]">&gt;&gt;</a>&nbsp;&nbsp;&nbsp;FileSystemTest
</UL>

<P><STRONG><a name="[9b]"></a>f_read</STRONG> (Thumb, 416 bytes, Stack size 64 bytes, ff.o(i.f_read))
<BR><BR>[Stack]<UL><LI>Max Depth = 216<LI>Call Chain = f_read &rArr; get_fat &rArr; move_window &rArr; sync_window &rArr; disk_write &rArr; send_cmd &rArr;  send_cmd (Cycle)
</UL>
<BR>[Calls]<UL><LI><a href="#[b4]">&gt;&gt;</a>&nbsp;&nbsp;&nbsp;get_fat
<LI><a href="#[c1]">&gt;&gt;</a>&nbsp;&nbsp;&nbsp;clust2sect
<LI><a href="#[cf]">&gt;&gt;</a>&nbsp;&nbsp;&nbsp;validate
<LI><a href="#[c3]">&gt;&gt;</a>&nbsp;&nbsp;&nbsp;mem_cpy
<LI><a href="#[cc]">&gt;&gt;</a>&nbsp;&nbsp;&nbsp;disk_write
<LI><a href="#[cb]">&gt;&gt;</a>&nbsp;&nbsp;&nbsp;disk_read
</UL>
<BR>[Called By]<UL><LI><a href="#[8a]">&gt;&gt;</a>&nbsp;&nbsp;&nbsp;main
<LI><a href="#[95]">&gt;&gt;</a>&nbsp;&nbsp;&nbsp;FileSystemTest
</UL>

<P><STRONG><a name="[ce]"></a>f_sync</STRONG> (Thumb, 172 bytes, Stack size 24 bytes, ff.o(i.f_sync))
<BR><BR>[Stack]<UL><LI>Max Depth = 152<LI>Call Chain = f_sync &rArr; sync_fs &rArr; disk_ioctl &rArr;  disk_ioctl (Cycle)
</UL>
<BR>[Calls]<UL><LI><a href="#[cf]">&gt;&gt;</a>&nbsp;&nbsp;&nbsp;validate
<LI><a href="#[d8]">&gt;&gt;</a>&nbsp;&nbsp;&nbsp;sync_fs
<LI><a href="#[d6]">&gt;&gt;</a>&nbsp;&nbsp;&nbsp;st_clust
<LI><a href="#[b1]">&gt;&gt;</a>&nbsp;&nbsp;&nbsp;move_window
<LI><a href="#[cc]">&gt;&gt;</a>&nbsp;&nbsp;&nbsp;disk_write
</UL>
<BR>[Called By]<UL><LI><a href="#[9a]">&gt;&gt;</a>&nbsp;&nbsp;&nbsp;f_close
</UL>

<P><STRONG><a name="[99]"></a>f_write</STRONG> (Thumb, 472 bytes, Stack size 64 bytes, ff.o(i.f_write))
<BR><BR>[Stack]<UL><LI>Max Depth = 248<LI>Call Chain = f_write &rArr; create_chain &rArr; put_fat &rArr; move_window &rArr; sync_window &rArr; disk_write &rArr; send_cmd &rArr;  send_cmd (Cycle)
</UL>
<BR>[Calls]<UL><LI><a href="#[c1]">&gt;&gt;</a>&nbsp;&nbsp;&nbsp;clust2sect
<LI><a href="#[cf]">&gt;&gt;</a>&nbsp;&nbsp;&nbsp;validate
<LI><a href="#[c3]">&gt;&gt;</a>&nbsp;&nbsp;&nbsp;mem_cpy
<LI><a href="#[b3]">&gt;&gt;</a>&nbsp;&nbsp;&nbsp;create_chain
<LI><a href="#[cc]">&gt;&gt;</a>&nbsp;&nbsp;&nbsp;disk_write
<LI><a href="#[cb]">&gt;&gt;</a>&nbsp;&nbsp;&nbsp;disk_read
</UL>
<BR>[Called By]<UL><LI><a href="#[8a]">&gt;&gt;</a>&nbsp;&nbsp;&nbsp;main
<LI><a href="#[95]">&gt;&gt;</a>&nbsp;&nbsp;&nbsp;FileSystemTest
</UL>

<P><STRONG><a name="[ae]"></a>fillmessage</STRONG> (Thumb, 64 bytes, Stack size 12 bytes, st7735.o(i.fillmessage))
<BR><BR>[Stack]<UL><LI>Max Depth = 12 + In Cycle
<LI>Call Chain = fillmessage &rArr;  fillmessage (Cycle)
</UL>
<BR>[Calls]<UL><LI><a href="#[ae]">&gt;&gt;</a>&nbsp;&nbsp;&nbsp;fillmessage
</UL>
<BR>[Called By]<UL><LI><a href="#[9f]">&gt;&gt;</a>&nbsp;&nbsp;&nbsp;ST7735_OutUDec
<LI><a href="#[ae]">&gt;&gt;</a>&nbsp;&nbsp;&nbsp;fillmessage
</UL>

<P><STRONG><a name="[b4]"></a>get_fat</STRONG> (Thumb, 242 bytes, Stack size 32 bytes, ff.o(i.get_fat))
<BR><BR>[Stack]<UL><LI>Max Depth = 152<LI>Call Chain = get_fat &rArr; move_window &rArr; sync_window &rArr; disk_write &rArr; send_cmd &rArr;  send_cmd (Cycle)
</UL>
<BR>[Calls]<UL><LI><a href="#[b1]">&gt;&gt;</a>&nbsp;&nbsp;&nbsp;move_window
</UL>
<BR>[Called By]<UL><LI><a href="#[9b]">&gt;&gt;</a>&nbsp;&nbsp;&nbsp;f_read
<LI><a href="#[d0]">&gt;&gt;</a>&nbsp;&nbsp;&nbsp;f_lseek
<LI><a href="#[d7]">&gt;&gt;</a>&nbsp;&nbsp;&nbsp;remove_chain
<LI><a href="#[bc]">&gt;&gt;</a>&nbsp;&nbsp;&nbsp;dir_sdi
<LI><a href="#[bd]">&gt;&gt;</a>&nbsp;&nbsp;&nbsp;dir_next
<LI><a href="#[b3]">&gt;&gt;</a>&nbsp;&nbsp;&nbsp;create_chain
</UL>

<P><STRONG><a name="[8a]"></a>main</STRONG> (Thumb, 708 bytes, Stack size 24 bytes, sdcfile.o(i.main))
<BR><BR>[Stack]<UL><LI>Max Depth = 416 + Unknown Stack Size
<LI>Call Chain = main &rArr; FileSystemTest &rArr; f_open &rArr; follow_path &rArr; dir_find &rArr; dir_next &rArr; create_chain &rArr; put_fat &rArr; move_window &rArr; sync_window &rArr; disk_write &rArr; send_cmd &rArr;  send_cmd (Cycle)
</UL>
<BR>[Calls]<UL><LI><a href="#[9e]">&gt;&gt;</a>&nbsp;&nbsp;&nbsp;ST7735_SetTextColor
<LI><a href="#[9d]">&gt;&gt;</a>&nbsp;&nbsp;&nbsp;ST7735_SetCursor
<LI><a href="#[9f]">&gt;&gt;</a>&nbsp;&nbsp;&nbsp;ST7735_OutUDec
<LI><a href="#[aa]">&gt;&gt;</a>&nbsp;&nbsp;&nbsp;ST7735_InitR
<LI><a href="#[a9]">&gt;&gt;</a>&nbsp;&nbsp;&nbsp;ST7735_FillScreen
<LI><a href="#[98]">&gt;&gt;</a>&nbsp;&nbsp;&nbsp;ST7735_DrawString
<LI><a href="#[9c]">&gt;&gt;</a>&nbsp;&nbsp;&nbsp;ST7735_DrawChar
<LI><a href="#[97]">&gt;&gt;</a>&nbsp;&nbsp;&nbsp;ST7735_Color565
<LI><a href="#[da]">&gt;&gt;</a>&nbsp;&nbsp;&nbsp;PLL_Init
<LI><a href="#[95]">&gt;&gt;</a>&nbsp;&nbsp;&nbsp;FileSystemTest
<LI><a href="#[99]">&gt;&gt;</a>&nbsp;&nbsp;&nbsp;f_write
<LI><a href="#[9b]">&gt;&gt;</a>&nbsp;&nbsp;&nbsp;f_read
<LI><a href="#[96]">&gt;&gt;</a>&nbsp;&nbsp;&nbsp;f_open
<LI><a href="#[d1]">&gt;&gt;</a>&nbsp;&nbsp;&nbsp;f_mount
<LI><a href="#[d0]">&gt;&gt;</a>&nbsp;&nbsp;&nbsp;f_lseek
<LI><a href="#[9a]">&gt;&gt;</a>&nbsp;&nbsp;&nbsp;f_close
<LI><a href="#[db]">&gt;&gt;</a>&nbsp;&nbsp;&nbsp;EnableInterrupts
</UL>
<BR>[Called By]<UL><LI><a href="#[89]">&gt;&gt;</a>&nbsp;&nbsp;&nbsp;__rt_entry_main
</UL>

<P><STRONG><a name="[b5]"></a>put_fat</STRONG> (Thumb, 322 bytes, Stack size 32 bytes, ff.o(i.put_fat))
<BR><BR>[Stack]<UL><LI>Max Depth = 152<LI>Call Chain = put_fat &rArr; move_window &rArr; sync_window &rArr; disk_write &rArr; send_cmd &rArr;  send_cmd (Cycle)
</UL>
<BR>[Calls]<UL><LI><a href="#[b1]">&gt;&gt;</a>&nbsp;&nbsp;&nbsp;move_window
</UL>
<BR>[Called By]<UL><LI><a href="#[d7]">&gt;&gt;</a>&nbsp;&nbsp;&nbsp;remove_chain
<LI><a href="#[b3]">&gt;&gt;</a>&nbsp;&nbsp;&nbsp;create_chain
</UL>
<P>
<H3>
Local Symbols
</H3>
<P><STRONG><a name="[b9]"></a>deselect</STRONG> (Thumb, 16 bytes, Stack size 8 bytes, diskio.o(i.deselect))
<BR><BR>[Stack]<UL><LI>Max Depth = 16<LI>Call Chain = deselect &rArr; xchg_spi
</UL>
<BR>[Calls]<UL><LI><a href="#[ba]">&gt;&gt;</a>&nbsp;&nbsp;&nbsp;xchg_spi
</UL>
<BR>[Called By]<UL><LI><a href="#[cc]">&gt;&gt;</a>&nbsp;&nbsp;&nbsp;disk_write
<LI><a href="#[cb]">&gt;&gt;</a>&nbsp;&nbsp;&nbsp;disk_read
<LI><a href="#[c7]">&gt;&gt;</a>&nbsp;&nbsp;&nbsp;disk_ioctl
<LI><a href="#[c4]">&gt;&gt;</a>&nbsp;&nbsp;&nbsp;disk_initialize
<LI><a href="#[c6]">&gt;&gt;</a>&nbsp;&nbsp;&nbsp;send_cmd
<LI><a href="#[c8]">&gt;&gt;</a>&nbsp;&nbsp;&nbsp;select
</UL>

<P><STRONG><a name="[c5]"></a>init_spi</STRONG> (Thumb, 32 bytes, Stack size 4 bytes, diskio.o(i.init_spi))
<BR><BR>[Stack]<UL><LI>Max Depth = 8<LI>Call Chain = init_spi &rArr; SSI0_Init
</UL>
<BR>[Calls]<UL><LI><a href="#[a0]">&gt;&gt;</a>&nbsp;&nbsp;&nbsp;SSI0_Init
</UL>
<BR>[Called By]<UL><LI><a href="#[c4]">&gt;&gt;</a>&nbsp;&nbsp;&nbsp;disk_initialize
</UL>

<P><STRONG><a name="[c9]"></a>rcvr_datablock</STRONG> (Thumb, 66 bytes, Stack size 16 bytes, diskio.o(i.rcvr_datablock))
<BR><BR>[Stack]<UL><LI>Max Depth = 32<LI>Call Chain = rcvr_datablock &rArr; rcvr_spi_multi
</UL>
<BR>[Calls]<UL><LI><a href="#[ba]">&gt;&gt;</a>&nbsp;&nbsp;&nbsp;xchg_spi
<LI><a href="#[dc]">&gt;&gt;</a>&nbsp;&nbsp;&nbsp;rcvr_spi_multi
</UL>
<BR>[Called By]<UL><LI><a href="#[cb]">&gt;&gt;</a>&nbsp;&nbsp;&nbsp;disk_read
<LI><a href="#[c7]">&gt;&gt;</a>&nbsp;&nbsp;&nbsp;disk_ioctl
</UL>

<P><STRONG><a name="[dd]"></a>rcvr_spi</STRONG> (Thumb, 42 bytes, Stack size 0 bytes, diskio.o(i.rcvr_spi))
<BR><BR>[Called By]<UL><LI><a href="#[dc]">&gt;&gt;</a>&nbsp;&nbsp;&nbsp;rcvr_spi_multi
</UL>

<P><STRONG><a name="[dc]"></a>rcvr_spi_multi</STRONG> (Thumb, 24 bytes, Stack size 16 bytes, diskio.o(i.rcvr_spi_multi))
<BR><BR>[Stack]<UL><LI>Max Depth = 16<LI>Call Chain = rcvr_spi_multi
</UL>
<BR>[Calls]<UL><LI><a href="#[dd]">&gt;&gt;</a>&nbsp;&nbsp;&nbsp;rcvr_spi
</UL>
<BR>[Called By]<UL><LI><a href="#[c9]">&gt;&gt;</a>&nbsp;&nbsp;&nbsp;rcvr_datablock
</UL>

<P><STRONG><a name="[c8]"></a>select</STRONG> (Thumb, 44 bytes, Stack size 8 bytes, diskio.o(i.select))
<BR><BR>[Stack]<UL><LI>Max Depth = 32<LI>Call Chain = select &rArr; wait_ready &rArr; xchg_spi
</UL>
<BR>[Calls]<UL><LI><a href="#[ba]">&gt;&gt;</a>&nbsp;&nbsp;&nbsp;xchg_spi
<LI><a href="#[ca]">&gt;&gt;</a>&nbsp;&nbsp;&nbsp;wait_ready
<LI><a href="#[b9]">&gt;&gt;</a>&nbsp;&nbsp;&nbsp;deselect
</UL>
<BR>[Called By]<UL><LI><a href="#[c7]">&gt;&gt;</a>&nbsp;&nbsp;&nbsp;disk_ioctl
<LI><a href="#[c6]">&gt;&gt;</a>&nbsp;&nbsp;&nbsp;send_cmd
</UL>

<P><STRONG><a name="[c6]"></a>send_cmd</STRONG> (Thumb, 150 bytes, Stack size 24 bytes, diskio.o(i.send_cmd))
<BR><BR>[Stack]<UL><LI>Max Depth = 56 + In Cycle
<LI>Call Chain = send_cmd &rArr;  send_cmd (Cycle)
</UL>
<BR>[Calls]<UL><LI><a href="#[ba]">&gt;&gt;</a>&nbsp;&nbsp;&nbsp;xchg_spi
<LI><a href="#[c6]">&gt;&gt;</a>&nbsp;&nbsp;&nbsp;send_cmd
<LI><a href="#[c8]">&gt;&gt;</a>&nbsp;&nbsp;&nbsp;select
<LI><a href="#[b9]">&gt;&gt;</a>&nbsp;&nbsp;&nbsp;deselect
</UL>
<BR>[Called By]<UL><LI><a href="#[cc]">&gt;&gt;</a>&nbsp;&nbsp;&nbsp;disk_write
<LI><a href="#[cb]">&gt;&gt;</a>&nbsp;&nbsp;&nbsp;disk_read
<LI><a href="#[c7]">&gt;&gt;</a>&nbsp;&nbsp;&nbsp;disk_ioctl
<LI><a href="#[c4]">&gt;&gt;</a>&nbsp;&nbsp;&nbsp;disk_initialize
<LI><a href="#[c6]">&gt;&gt;</a>&nbsp;&nbsp;&nbsp;send_cmd
</UL>

<P><STRONG><a name="[ca]"></a>wait_ready</STRONG> (Thumb, 42 bytes, Stack size 16 bytes, diskio.o(i.wait_ready))
<BR><BR>[Stack]<UL><LI>Max Depth = 24<LI>Call Chain = wait_ready &rArr; xchg_spi
</UL>
<BR>[Calls]<UL><LI><a href="#[ba]">&gt;&gt;</a>&nbsp;&nbsp;&nbsp;xchg_spi
</UL>
<BR>[Called By]<UL><LI><a href="#[c7]">&gt;&gt;</a>&nbsp;&nbsp;&nbsp;disk_ioctl
<LI><a href="#[cd]">&gt;&gt;</a>&nbsp;&nbsp;&nbsp;xmit_datablock
<LI><a href="#[c8]">&gt;&gt;</a>&nbsp;&nbsp;&nbsp;select
</UL>

<P><STRONG><a name="[ba]"></a>xchg_spi</STRONG> (Thumb, 50 bytes, Stack size 8 bytes, diskio.o(i.xchg_spi))
<BR><BR>[Stack]<UL><LI>Max Depth = 8<LI>Call Chain = xchg_spi
</UL>
<BR>[Called By]<UL><LI><a href="#[c7]">&gt;&gt;</a>&nbsp;&nbsp;&nbsp;disk_ioctl
<LI><a href="#[c4]">&gt;&gt;</a>&nbsp;&nbsp;&nbsp;disk_initialize
<LI><a href="#[cd]">&gt;&gt;</a>&nbsp;&nbsp;&nbsp;xmit_datablock
<LI><a href="#[ca]">&gt;&gt;</a>&nbsp;&nbsp;&nbsp;wait_ready
<LI><a href="#[c6]">&gt;&gt;</a>&nbsp;&nbsp;&nbsp;send_cmd
<LI><a href="#[c8]">&gt;&gt;</a>&nbsp;&nbsp;&nbsp;select
<LI><a href="#[c9]">&gt;&gt;</a>&nbsp;&nbsp;&nbsp;rcvr_datablock
<LI><a href="#[b9]">&gt;&gt;</a>&nbsp;&nbsp;&nbsp;deselect
</UL>

<P><STRONG><a name="[cd]"></a>xmit_datablock</STRONG> (Thumb, 76 bytes, Stack size 16 bytes, diskio.o(i.xmit_datablock))
<BR><BR>[Stack]<UL><LI>Max Depth = 40<LI>Call Chain = xmit_datablock &rArr; wait_ready &rArr; xchg_spi
</UL>
<BR>[Calls]<UL><LI><a href="#[de]">&gt;&gt;</a>&nbsp;&nbsp;&nbsp;xmit_spi_multi
<LI><a href="#[ba]">&gt;&gt;</a>&nbsp;&nbsp;&nbsp;xchg_spi
<LI><a href="#[ca]">&gt;&gt;</a>&nbsp;&nbsp;&nbsp;wait_ready
</UL>
<BR>[Called By]<UL><LI><a href="#[cc]">&gt;&gt;</a>&nbsp;&nbsp;&nbsp;disk_write
</UL>

<P><STRONG><a name="[de]"></a>xmit_spi_multi</STRONG> (Thumb, 42 bytes, Stack size 8 bytes, diskio.o(i.xmit_spi_multi))
<BR><BR>[Stack]<UL><LI>Max Depth = 8<LI>Call Chain = xmit_spi_multi
</UL>
<BR>[Called By]<UL><LI><a href="#[cd]">&gt;&gt;</a>&nbsp;&nbsp;&nbsp;xmit_datablock
</UL>

<P><STRONG><a name="[b0]"></a>check_fs</STRONG> (Thumb, 140 bytes, Stack size 16 bytes, ff.o(i.check_fs))
<BR><BR>[Stack]<UL><LI>Max Depth = 136<LI>Call Chain = check_fs &rArr; move_window &rArr; sync_window &rArr; disk_write &rArr; send_cmd &rArr;  send_cmd (Cycle)
</UL>
<BR>[Calls]<UL><LI><a href="#[b1]">&gt;&gt;</a>&nbsp;&nbsp;&nbsp;move_window
</UL>
<BR>[Called By]<UL><LI><a href="#[d3]">&gt;&gt;</a>&nbsp;&nbsp;&nbsp;find_volume
</UL>

<P><STRONG><a name="[b8]"></a>chk_chr</STRONG> (Thumb, 24 bytes, Stack size 0 bytes, ff.o(i.chk_chr))
<BR><BR>[Called By]<UL><LI><a href="#[b6]">&gt;&gt;</a>&nbsp;&nbsp;&nbsp;create_name
</UL>

<P><STRONG><a name="[b3]"></a>create_chain</STRONG> (Thumb, 214 bytes, Stack size 32 bytes, ff.o(i.create_chain))
<BR><BR>[Stack]<UL><LI>Max Depth = 184<LI>Call Chain = create_chain &rArr; put_fat &rArr; move_window &rArr; sync_window &rArr; disk_write &rArr; send_cmd &rArr;  send_cmd (Cycle)
</UL>
<BR>[Calls]<UL><LI><a href="#[b5]">&gt;&gt;</a>&nbsp;&nbsp;&nbsp;put_fat
<LI><a href="#[b4]">&gt;&gt;</a>&nbsp;&nbsp;&nbsp;get_fat
</UL>
<BR>[Called By]<UL><LI><a href="#[99]">&gt;&gt;</a>&nbsp;&nbsp;&nbsp;f_write
<LI><a href="#[d0]">&gt;&gt;</a>&nbsp;&nbsp;&nbsp;f_lseek
<LI><a href="#[bd]">&gt;&gt;</a>&nbsp;&nbsp;&nbsp;dir_next
</UL>

<P><STRONG><a name="[b6]"></a>create_name</STRONG> (Thumb, 418 bytes, Stack size 48 bytes, ff.o(i.create_name))
<BR><BR>[Stack]<UL><LI>Max Depth = 60<LI>Call Chain = create_name &rArr; mem_set
</UL>
<BR>[Calls]<UL><LI><a href="#[b7]">&gt;&gt;</a>&nbsp;&nbsp;&nbsp;mem_set
<LI><a href="#[b8]">&gt;&gt;</a>&nbsp;&nbsp;&nbsp;chk_chr
</UL>
<BR>[Called By]<UL><LI><a href="#[d4]">&gt;&gt;</a>&nbsp;&nbsp;&nbsp;follow_path
</UL>

<P><STRONG><a name="[bb]"></a>dir_alloc</STRONG> (Thumb, 92 bytes, Stack size 24 bytes, ff.o(i.dir_alloc))
<BR><BR>[Stack]<UL><LI>Max Depth = 232<LI>Call Chain = dir_alloc &rArr; dir_next &rArr; create_chain &rArr; put_fat &rArr; move_window &rArr; sync_window &rArr; disk_write &rArr; send_cmd &rArr;  send_cmd (Cycle)
</UL>
<BR>[Calls]<UL><LI><a href="#[b1]">&gt;&gt;</a>&nbsp;&nbsp;&nbsp;move_window
<LI><a href="#[bc]">&gt;&gt;</a>&nbsp;&nbsp;&nbsp;dir_sdi
<LI><a href="#[bd]">&gt;&gt;</a>&nbsp;&nbsp;&nbsp;dir_next
</UL>
<BR>[Called By]<UL><LI><a href="#[c2]">&gt;&gt;</a>&nbsp;&nbsp;&nbsp;dir_register
</UL>

<P><STRONG><a name="[be]"></a>dir_find</STRONG> (Thumb, 92 bytes, Stack size 24 bytes, ff.o(i.dir_find))
<BR><BR>[Stack]<UL><LI>Max Depth = 232<LI>Call Chain = dir_find &rArr; dir_next &rArr; create_chain &rArr; put_fat &rArr; move_window &rArr; sync_window &rArr; disk_write &rArr; send_cmd &rArr;  send_cmd (Cycle)
</UL>
<BR>[Calls]<UL><LI><a href="#[b1]">&gt;&gt;</a>&nbsp;&nbsp;&nbsp;move_window
<LI><a href="#[bf]">&gt;&gt;</a>&nbsp;&nbsp;&nbsp;mem_cmp
<LI><a href="#[bc]">&gt;&gt;</a>&nbsp;&nbsp;&nbsp;dir_sdi
<LI><a href="#[bd]">&gt;&gt;</a>&nbsp;&nbsp;&nbsp;dir_next
</UL>
<BR>[Called By]<UL><LI><a href="#[d4]">&gt;&gt;</a>&nbsp;&nbsp;&nbsp;follow_path
</UL>

<P><STRONG><a name="[bd]"></a>dir_next</STRONG> (Thumb, 272 bytes, Stack size 24 bytes, ff.o(i.dir_next))
<BR><BR>[Stack]<UL><LI>Max Depth = 208<LI>Call Chain = dir_next &rArr; create_chain &rArr; put_fat &rArr; move_window &rArr; sync_window &rArr; disk_write &rArr; send_cmd &rArr;  send_cmd (Cycle)
</UL>
<BR>[Calls]<UL><LI><a href="#[b4]">&gt;&gt;</a>&nbsp;&nbsp;&nbsp;get_fat
<LI><a href="#[c1]">&gt;&gt;</a>&nbsp;&nbsp;&nbsp;clust2sect
<LI><a href="#[c0]">&gt;&gt;</a>&nbsp;&nbsp;&nbsp;sync_window
<LI><a href="#[b7]">&gt;&gt;</a>&nbsp;&nbsp;&nbsp;mem_set
<LI><a href="#[b3]">&gt;&gt;</a>&nbsp;&nbsp;&nbsp;create_chain
</UL>
<BR>[Called By]<UL><LI><a href="#[be]">&gt;&gt;</a>&nbsp;&nbsp;&nbsp;dir_find
<LI><a href="#[bb]">&gt;&gt;</a>&nbsp;&nbsp;&nbsp;dir_alloc
</UL>

<P><STRONG><a name="[c2]"></a>dir_register</STRONG> (Thumb, 58 bytes, Stack size 16 bytes, ff.o(i.dir_register))
<BR><BR>[Stack]<UL><LI>Max Depth = 248<LI>Call Chain = dir_register &rArr; dir_alloc &rArr; dir_next &rArr; create_chain &rArr; put_fat &rArr; move_window &rArr; sync_window &rArr; disk_write &rArr; send_cmd &rArr;  send_cmd (Cycle)
</UL>
<BR>[Calls]<UL><LI><a href="#[b1]">&gt;&gt;</a>&nbsp;&nbsp;&nbsp;move_window
<LI><a href="#[b7]">&gt;&gt;</a>&nbsp;&nbsp;&nbsp;mem_set
<LI><a href="#[c3]">&gt;&gt;</a>&nbsp;&nbsp;&nbsp;mem_cpy
<LI><a href="#[bb]">&gt;&gt;</a>&nbsp;&nbsp;&nbsp;dir_alloc
</UL>
<BR>[Called By]<UL><LI><a href="#[96]">&gt;&gt;</a>&nbsp;&nbsp;&nbsp;f_open
</UL>

<P><STRONG><a name="[bc]"></a>dir_sdi</STRONG> (Thumb, 158 bytes, Stack size 24 bytes, ff.o(i.dir_sdi))
<BR><BR>[Stack]<UL><LI>Max Depth = 176<LI>Call Chain = dir_sdi &rArr; get_fat &rArr; move_window &rArr; sync_window &rArr; disk_write &rArr; send_cmd &rArr;  send_cmd (Cycle)
</UL>
<BR>[Calls]<UL><LI><a href="#[b4]">&gt;&gt;</a>&nbsp;&nbsp;&nbsp;get_fat
<LI><a href="#[c1]">&gt;&gt;</a>&nbsp;&nbsp;&nbsp;clust2sect
</UL>
<BR>[Called By]<UL><LI><a href="#[d4]">&gt;&gt;</a>&nbsp;&nbsp;&nbsp;follow_path
<LI><a href="#[be]">&gt;&gt;</a>&nbsp;&nbsp;&nbsp;dir_find
<LI><a href="#[bb]">&gt;&gt;</a>&nbsp;&nbsp;&nbsp;dir_alloc
</UL>

<P><STRONG><a name="[d3]"></a>find_volume</STRONG> (Thumb, 890 bytes, Stack size 80 bytes, ff.o(i.find_volume))
<BR><BR>[Stack]<UL><LI>Max Depth = 216<LI>Call Chain = find_volume &rArr; check_fs &rArr; move_window &rArr; sync_window &rArr; disk_write &rArr; send_cmd &rArr;  send_cmd (Cycle)
</UL>
<BR>[Calls]<UL><LI><a href="#[b1]">&gt;&gt;</a>&nbsp;&nbsp;&nbsp;move_window
<LI><a href="#[d2]">&gt;&gt;</a>&nbsp;&nbsp;&nbsp;get_ldnumber
<LI><a href="#[b0]">&gt;&gt;</a>&nbsp;&nbsp;&nbsp;check_fs
<LI><a href="#[d9]">&gt;&gt;</a>&nbsp;&nbsp;&nbsp;disk_status
<LI><a href="#[c4]">&gt;&gt;</a>&nbsp;&nbsp;&nbsp;disk_initialize
</UL>
<BR>[Called By]<UL><LI><a href="#[96]">&gt;&gt;</a>&nbsp;&nbsp;&nbsp;f_open
<LI><a href="#[d1]">&gt;&gt;</a>&nbsp;&nbsp;&nbsp;f_mount
</UL>

<P><STRONG><a name="[d4]"></a>follow_path</STRONG> (Thumb, 176 bytes, Stack size 32 bytes, ff.o(i.follow_path))
<BR><BR>[Stack]<UL><LI>Max Depth = 264<LI>Call Chain = follow_path &rArr; dir_find &rArr; dir_next &rArr; create_chain &rArr; put_fat &rArr; move_window &rArr; sync_window &rArr; disk_write &rArr; send_cmd &rArr;  send_cmd (Cycle)
</UL>
<BR>[Calls]<UL><LI><a href="#[d5]">&gt;&gt;</a>&nbsp;&nbsp;&nbsp;ld_clust
<LI><a href="#[bc]">&gt;&gt;</a>&nbsp;&nbsp;&nbsp;dir_sdi
<LI><a href="#[be]">&gt;&gt;</a>&nbsp;&nbsp;&nbsp;dir_find
<LI><a href="#[b6]">&gt;&gt;</a>&nbsp;&nbsp;&nbsp;create_name
</UL>
<BR>[Called By]<UL><LI><a href="#[96]">&gt;&gt;</a>&nbsp;&nbsp;&nbsp;f_open
</UL>

<P><STRONG><a name="[d2]"></a>get_ldnumber</STRONG> (Thumb, 74 bytes, Stack size 16 bytes, ff.o(i.get_ldnumber))
<BR><BR>[Stack]<UL><LI>Max Depth = 16<LI>Call Chain = get_ldnumber
</UL>
<BR>[Called By]<UL><LI><a href="#[d1]">&gt;&gt;</a>&nbsp;&nbsp;&nbsp;f_mount
<LI><a href="#[d3]">&gt;&gt;</a>&nbsp;&nbsp;&nbsp;find_volume
</UL>

<P><STRONG><a name="[d5]"></a>ld_clust</STRONG> (Thumb, 32 bytes, Stack size 8 bytes, ff.o(i.ld_clust))
<BR><BR>[Stack]<UL><LI>Max Depth = 8<LI>Call Chain = ld_clust
</UL>
<BR>[Called By]<UL><LI><a href="#[96]">&gt;&gt;</a>&nbsp;&nbsp;&nbsp;f_open
<LI><a href="#[d4]">&gt;&gt;</a>&nbsp;&nbsp;&nbsp;follow_path
</UL>

<P><STRONG><a name="[bf]"></a>mem_cmp</STRONG> (Thumb, 38 bytes, Stack size 20 bytes, ff.o(i.mem_cmp))
<BR><BR>[Stack]<UL><LI>Max Depth = 20<LI>Call Chain = mem_cmp
</UL>
<BR>[Called By]<UL><LI><a href="#[be]">&gt;&gt;</a>&nbsp;&nbsp;&nbsp;dir_find
</UL>

<P><STRONG><a name="[c3]"></a>mem_cpy</STRONG> (Thumb, 26 bytes, Stack size 16 bytes, ff.o(i.mem_cpy))
<BR><BR>[Stack]<UL><LI>Max Depth = 16<LI>Call Chain = mem_cpy
</UL>
<BR>[Called By]<UL><LI><a href="#[99]">&gt;&gt;</a>&nbsp;&nbsp;&nbsp;f_write
<LI><a href="#[9b]">&gt;&gt;</a>&nbsp;&nbsp;&nbsp;f_read
<LI><a href="#[c2]">&gt;&gt;</a>&nbsp;&nbsp;&nbsp;dir_register
</UL>

<P><STRONG><a name="[b7]"></a>mem_set</STRONG> (Thumb, 20 bytes, Stack size 12 bytes, ff.o(i.mem_set))
<BR><BR>[Stack]<UL><LI>Max Depth = 12<LI>Call Chain = mem_set
</UL>
<BR>[Called By]<UL><LI><a href="#[d8]">&gt;&gt;</a>&nbsp;&nbsp;&nbsp;sync_fs
<LI><a href="#[c2]">&gt;&gt;</a>&nbsp;&nbsp;&nbsp;dir_register
<LI><a href="#[bd]">&gt;&gt;</a>&nbsp;&nbsp;&nbsp;dir_next
<LI><a href="#[b6]">&gt;&gt;</a>&nbsp;&nbsp;&nbsp;create_name
</UL>

<P><STRONG><a name="[b1]"></a>move_window</STRONG> (Thumb, 52 bytes, Stack size 16 bytes, ff.o(i.move_window))
<BR><BR>[Stack]<UL><LI>Max Depth = 120<LI>Call Chain = move_window &rArr; sync_window &rArr; disk_write &rArr; send_cmd &rArr;  send_cmd (Cycle)
</UL>
<BR>[Calls]<UL><LI><a href="#[c0]">&gt;&gt;</a>&nbsp;&nbsp;&nbsp;sync_window
<LI><a href="#[cb]">&gt;&gt;</a>&nbsp;&nbsp;&nbsp;disk_read
</UL>
<BR>[Called By]<UL><LI><a href="#[b5]">&gt;&gt;</a>&nbsp;&nbsp;&nbsp;put_fat
<LI><a href="#[b4]">&gt;&gt;</a>&nbsp;&nbsp;&nbsp;get_fat
<LI><a href="#[ce]">&gt;&gt;</a>&nbsp;&nbsp;&nbsp;f_sync
<LI><a href="#[96]">&gt;&gt;</a>&nbsp;&nbsp;&nbsp;f_open
<LI><a href="#[d3]">&gt;&gt;</a>&nbsp;&nbsp;&nbsp;find_volume
<LI><a href="#[c2]">&gt;&gt;</a>&nbsp;&nbsp;&nbsp;dir_register
<LI><a href="#[be]">&gt;&gt;</a>&nbsp;&nbsp;&nbsp;dir_find
<LI><a href="#[bb]">&gt;&gt;</a>&nbsp;&nbsp;&nbsp;dir_alloc
<LI><a href="#[b0]">&gt;&gt;</a>&nbsp;&nbsp;&nbsp;check_fs
</UL>

<P><STRONG><a name="[d7]"></a>remove_chain</STRONG> (Thumb, 108 bytes, Stack size 24 bytes, ff.o(i.remove_chain))
<BR><BR>[Stack]<UL><LI>Max Depth = 176<LI>Call Chain = remove_chain &rArr; put_fat &rArr; move_window &rArr; sync_window &rArr; disk_write &rArr; send_cmd &rArr;  send_cmd (Cycle)
</UL>
<BR>[Calls]<UL><LI><a href="#[b5]">&gt;&gt;</a>&nbsp;&nbsp;&nbsp;put_fat
<LI><a href="#[b4]">&gt;&gt;</a>&nbsp;&nbsp;&nbsp;get_fat
</UL>
<BR>[Called By]<UL><LI><a href="#[96]">&gt;&gt;</a>&nbsp;&nbsp;&nbsp;f_open
</UL>

<P><STRONG><a name="[d6]"></a>st_clust</STRONG> (Thumb, 16 bytes, Stack size 0 bytes, ff.o(i.st_clust))
<BR><BR>[Called By]<UL><LI><a href="#[ce]">&gt;&gt;</a>&nbsp;&nbsp;&nbsp;f_sync
<LI><a href="#[96]">&gt;&gt;</a>&nbsp;&nbsp;&nbsp;f_open
</UL>

<P><STRONG><a name="[d8]"></a>sync_fs</STRONG> (Thumb, 200 bytes, Stack size 16 bytes, ff.o(i.sync_fs))
<BR><BR>[Stack]<UL><LI>Max Depth = 128<LI>Call Chain = sync_fs &rArr; disk_ioctl &rArr;  disk_ioctl (Cycle)
</UL>
<BR>[Calls]<UL><LI><a href="#[c0]">&gt;&gt;</a>&nbsp;&nbsp;&nbsp;sync_window
<LI><a href="#[b7]">&gt;&gt;</a>&nbsp;&nbsp;&nbsp;mem_set
<LI><a href="#[cc]">&gt;&gt;</a>&nbsp;&nbsp;&nbsp;disk_write
<LI><a href="#[c7]">&gt;&gt;</a>&nbsp;&nbsp;&nbsp;disk_ioctl
</UL>
<BR>[Called By]<UL><LI><a href="#[ce]">&gt;&gt;</a>&nbsp;&nbsp;&nbsp;f_sync
</UL>

<P><STRONG><a name="[c0]"></a>sync_window</STRONG> (Thumb, 82 bytes, Stack size 24 bytes, ff.o(i.sync_window))
<BR><BR>[Stack]<UL><LI>Max Depth = 104<LI>Call Chain = sync_window &rArr; disk_write &rArr; send_cmd &rArr;  send_cmd (Cycle)
</UL>
<BR>[Calls]<UL><LI><a href="#[cc]">&gt;&gt;</a>&nbsp;&nbsp;&nbsp;disk_write
</UL>
<BR>[Called By]<UL><LI><a href="#[d8]">&gt;&gt;</a>&nbsp;&nbsp;&nbsp;sync_fs
<LI><a href="#[b1]">&gt;&gt;</a>&nbsp;&nbsp;&nbsp;move_window
<LI><a href="#[bd]">&gt;&gt;</a>&nbsp;&nbsp;&nbsp;dir_next
</UL>

<P><STRONG><a name="[cf]"></a>validate</STRONG> (Thumb, 54 bytes, Stack size 16 bytes, ff.o(i.validate))
<BR><BR>[Stack]<UL><LI>Max Depth = 16<LI>Call Chain = validate
</UL>
<BR>[Calls]<UL><LI><a href="#[d9]">&gt;&gt;</a>&nbsp;&nbsp;&nbsp;disk_status
</UL>
<BR>[Called By]<UL><LI><a href="#[99]">&gt;&gt;</a>&nbsp;&nbsp;&nbsp;f_write
<LI><a href="#[ce]">&gt;&gt;</a>&nbsp;&nbsp;&nbsp;f_sync
<LI><a href="#[9b]">&gt;&gt;</a>&nbsp;&nbsp;&nbsp;f_read
<LI><a href="#[d0]">&gt;&gt;</a>&nbsp;&nbsp;&nbsp;f_lseek
<LI><a href="#[9a]">&gt;&gt;</a>&nbsp;&nbsp;&nbsp;f_close
</UL>

<P><STRONG><a name="[ac]"></a>commandList</STRONG> (Thumb, 86 bytes, Stack size 24 bytes, st7735.o(i.commandList))
<BR><BR>[Stack]<UL><LI>Max Depth = 32<LI>Call Chain = commandList &rArr; writedata
</UL>
<BR>[Calls]<UL><LI><a href="#[a8]">&gt;&gt;</a>&nbsp;&nbsp;&nbsp;writedata
<LI><a href="#[ad]">&gt;&gt;</a>&nbsp;&nbsp;&nbsp;writecommand
<LI><a href="#[94]">&gt;&gt;</a>&nbsp;&nbsp;&nbsp;Delay1ms
</UL>
<BR>[Called By]<UL><LI><a href="#[ab]">&gt;&gt;</a>&nbsp;&nbsp;&nbsp;commonInit
<LI><a href="#[aa]">&gt;&gt;</a>&nbsp;&nbsp;&nbsp;ST7735_InitR
</UL>

<P><STRONG><a name="[ab]"></a>commonInit</STRONG> (Thumb, 386 bytes, Stack size 8 bytes, st7735.o(i.commonInit))
<BR><BR>[Stack]<UL><LI>Max Depth = 40<LI>Call Chain = commonInit &rArr; commandList &rArr; writedata
</UL>
<BR>[Calls]<UL><LI><a href="#[ac]">&gt;&gt;</a>&nbsp;&nbsp;&nbsp;commandList
<LI><a href="#[b2]">&gt;&gt;</a>&nbsp;&nbsp;&nbsp;SDC_CS_Init
<LI><a href="#[94]">&gt;&gt;</a>&nbsp;&nbsp;&nbsp;Delay1ms
</UL>
<BR>[Called By]<UL><LI><a href="#[aa]">&gt;&gt;</a>&nbsp;&nbsp;&nbsp;ST7735_InitR
</UL>

<P><STRONG><a name="[a4]"></a>pushColor</STRONG> (Thumb, 18 bytes, Stack size 8 bytes, st7735.o(i.pushColor))
<BR><BR>[Stack]<UL><LI>Max Depth = 16<LI>Call Chain = pushColor &rArr; writedata
</UL>
<BR>[Calls]<UL><LI><a href="#[a8]">&gt;&gt;</a>&nbsp;&nbsp;&nbsp;writedata
</UL>
<BR>[Called By]<UL><LI><a href="#[9c]">&gt;&gt;</a>&nbsp;&nbsp;&nbsp;ST7735_DrawChar
<LI><a href="#[a6]">&gt;&gt;</a>&nbsp;&nbsp;&nbsp;ST7735_DrawPixel
</UL>

<P><STRONG><a name="[a3]"></a>setAddrWindow</STRONG> (Thumb, 106 bytes, Stack size 24 bytes, st7735.o(i.setAddrWindow))
<BR><BR>[Stack]<UL><LI>Max Depth = 32<LI>Call Chain = setAddrWindow &rArr; writedata
</UL>
<BR>[Calls]<UL><LI><a href="#[a8]">&gt;&gt;</a>&nbsp;&nbsp;&nbsp;writedata
<LI><a href="#[ad]">&gt;&gt;</a>&nbsp;&nbsp;&nbsp;writecommand
</UL>
<BR>[Called By]<UL><LI><a href="#[9c]">&gt;&gt;</a>&nbsp;&nbsp;&nbsp;ST7735_DrawChar
<LI><a href="#[a7]">&gt;&gt;</a>&nbsp;&nbsp;&nbsp;ST7735_FillRect
<LI><a href="#[a6]">&gt;&gt;</a>&nbsp;&nbsp;&nbsp;ST7735_DrawPixel
</UL>

<P><STRONG><a name="[ad]"></a>writecommand</STRONG> (Thumb, 68 bytes, Stack size 8 bytes, st7735.o(i.writecommand))
<BR><BR>[Stack]<UL><LI>Max Depth = 8<LI>Call Chain = writecommand
</UL>
<BR>[Called By]<UL><LI><a href="#[a3]">&gt;&gt;</a>&nbsp;&nbsp;&nbsp;setAddrWindow
<LI><a href="#[ac]">&gt;&gt;</a>&nbsp;&nbsp;&nbsp;commandList
<LI><a href="#[aa]">&gt;&gt;</a>&nbsp;&nbsp;&nbsp;ST7735_InitR
</UL>

<P><STRONG><a name="[a8]"></a>writedata</STRONG> (Thumb, 70 bytes, Stack size 8 bytes, st7735.o(i.writedata))
<BR><BR>[Stack]<UL><LI>Max Depth = 8<LI>Call Chain = writedata
</UL>
<BR>[Called By]<UL><LI><a href="#[a3]">&gt;&gt;</a>&nbsp;&nbsp;&nbsp;setAddrWindow
<LI><a href="#[a4]">&gt;&gt;</a>&nbsp;&nbsp;&nbsp;pushColor
<LI><a href="#[ac]">&gt;&gt;</a>&nbsp;&nbsp;&nbsp;commandList
<LI><a href="#[aa]">&gt;&gt;</a>&nbsp;&nbsp;&nbsp;ST7735_InitR
<LI><a href="#[a7]">&gt;&gt;</a>&nbsp;&nbsp;&nbsp;ST7735_FillRect
</UL>
<P>
<H3>
Undefined Global Symbols
</H3><HR></body></html>
