Component: ARM Compiler 5.06 update 6 (build 750) Tool: armlink [4d35ed]

==============================================================================

Section Cross References

    startup.o(STACK) refers (Special) to heapauxi.o(.text) for __use_two_region_memory
    startup.o(HEAP) refers (Special) to heapauxi.o(.text) for __use_two_region_memory
    startup.o(RESET) refers (Special) to heapauxi.o(.text) for __use_two_region_memory
    startup.o(RESET) refers to startup.o(STACK) for StackMem
    startup.o(RESET) refers to uart2.o(i.UART0_Handler) for UART0_Handler
    startup.o(RESET) refers to timer0.o(i.Timer0A_Handler) for Timer0A_Handler
    startup.o(RESET) refers to __main.o(!!!main) for __main
    startup.o(.text) refers (Special) to heapauxi.o(.text) for __use_two_region_memory
    startup.o(.text) refers to startup.o(HEAP) for HeapMem
    startup.o(.text) refers to startup.o(STACK) for StackMem
    tester.o(i.ColorWheel) refers to tester.o(.data) for i
    tester.o(i.ColorWheel) refers to tester.o(.constdata) for COLORWHEEL
    tester.o(i.FlashBlue) refers to tester.o(.data) for i
    tester.o(i.FlashGreen) refers to tester.o(.data) for i
    tester.o(i.FlashRed) refers to tester.o(.data) for i
    tester.o(i.FlashYellow) refers to tester.o(.data) for i
    tester.o(i.digitaltest) refers to uart2.o(i.UART_OutString) for UART_OutString
    tester.o(i.digitaltest) refers to uart2.o(i.UART_OutChar) for UART_OutChar
    tester.o(i.digitaltest) refers to uart2.o(i.UART_OutUDec) for UART_OutUDec
    tester.o(i.digitaltest) refers to tester.o(.data) for printLines
    tester.o(i.main) refers to pll.o(i.PLL_Init) for PLL_Init
    tester.o(i.main) refers to uart2.o(i.UART_Init) for UART_Init
    tester.o(i.main) refers to uart2.o(i.UART_OutString) for UART_OutString
    tester.o(i.main) refers to tester.o(i.digitaltest) for digitaltest
    tester.o(i.main) refers to adcswtrigger.o(i.ADC0_InitSWTriggerSeq3) for ADC0_InitSWTriggerSeq3
    tester.o(i.main) refers to adcswtrigger.o(i.ADC0_InSeq3) for ADC0_InSeq3
    tester.o(i.main) refers to uart2.o(i.UART_OutChar) for UART_OutChar
    tester.o(i.main) refers to uart2.o(i.UART_OutUDec) for UART_OutUDec
    tester.o(i.main) refers to tester.o(.data) for printLines
    tester.o(i.main) refers to timer0.o(i.Timer0_Init) for Timer0_Init
    tester.o(i.main) refers to tester.o(i.FlashRed) for FlashRed
    tester.o(i.main) refers to startup.o(.text) for WaitForInterrupt
    tester.o(i.main) refers to tester.o(i.FlashYellow) for FlashYellow
    tester.o(i.main) refers to tester.o(i.FlashGreen) for FlashGreen
    timer0.o(i.Timer0A_Handler) refers to timer0.o(.data) for PeriodicTask
    timer0.o(i.Timer0_Init) refers to startup.o(.text) for StartCritical
    timer0.o(i.Timer0_Init) refers to timer0.o(.data) for PeriodicTask
    uart2.o(i.RxFifo_Get) refers to uart2.o(.data) for RxPutI
    uart2.o(i.RxFifo_Get) refers to uart2.o(.bss) for RxFifo
    uart2.o(i.RxFifo_Init) refers to startup.o(.text) for StartCritical
    uart2.o(i.RxFifo_Init) refers to uart2.o(.data) for RxGetI
    uart2.o(i.RxFifo_Put) refers to uart2.o(.data) for RxPutI
    uart2.o(i.RxFifo_Put) refers to uart2.o(.bss) for RxFifo
    uart2.o(i.RxFifo_Size) refers to uart2.o(.data) for RxPutI
    uart2.o(i.TxFifo_Get) refers to uart2.o(.data) for TxPutI
    uart2.o(i.TxFifo_Get) refers to uart2.o(.bss) for TxFifo
    uart2.o(i.TxFifo_Init) refers to startup.o(.text) for StartCritical
    uart2.o(i.TxFifo_Init) refers to uart2.o(.data) for TxGetI
    uart2.o(i.TxFifo_Put) refers to uart2.o(.data) for TxPutI
    uart2.o(i.TxFifo_Put) refers to uart2.o(.bss) for TxFifo
    uart2.o(i.TxFifo_Size) refers to uart2.o(.data) for TxPutI
    uart2.o(i.UART0_Handler) refers to uart2.o(i.copySoftwareToHardware) for copySoftwareToHardware
    uart2.o(i.UART0_Handler) refers to uart2.o(i.TxFifo_Size) for TxFifo_Size
    uart2.o(i.UART0_Handler) refers to uart2.o(i.copyHardwareToSoftware) for copyHardwareToSoftware
    uart2.o(i.UART_InChar) refers to uart2.o(i.RxFifo_Get) for RxFifo_Get
    uart2.o(i.UART_InString) refers to uart2.o(i.UART_InChar) for UART_InChar
    uart2.o(i.UART_InString) refers to uart2.o(i.UART_OutChar) for UART_OutChar
    uart2.o(i.UART_InUDec) refers to uart2.o(i.UART_InChar) for UART_InChar
    uart2.o(i.UART_InUDec) refers to uart2.o(i.UART_OutChar) for UART_OutChar
    uart2.o(i.UART_InUHex) refers to uart2.o(i.UART_InChar) for UART_InChar
    uart2.o(i.UART_InUHex) refers to uart2.o(i.UART_OutChar) for UART_OutChar
    uart2.o(i.UART_Init) refers to uart2.o(i.RxFifo_Init) for RxFifo_Init
    uart2.o(i.UART_Init) refers to uart2.o(i.TxFifo_Init) for TxFifo_Init
    uart2.o(i.UART_Init) refers to startup.o(.text) for EnableInterrupts
    uart2.o(i.UART_OutChar) refers to uart2.o(i.TxFifo_Put) for TxFifo_Put
    uart2.o(i.UART_OutChar) refers to uart2.o(i.copySoftwareToHardware) for copySoftwareToHardware
    uart2.o(i.UART_OutString) refers to uart2.o(i.UART_OutChar) for UART_OutChar
    uart2.o(i.UART_OutUDec) refers to uart2.o(i.UART_OutChar) for UART_OutChar
    uart2.o(i.UART_OutUHex) refers to uart2.o(i.UART_OutChar) for UART_OutChar
    uart2.o(i.copyHardwareToSoftware) refers to uart2.o(i.RxFifo_Put) for RxFifo_Put
    uart2.o(i.copyHardwareToSoftware) refers to uart2.o(i.RxFifo_Size) for RxFifo_Size
    uart2.o(i.copySoftwareToHardware) refers to uart2.o(i.TxFifo_Get) for TxFifo_Get
    uart2.o(i.copySoftwareToHardware) refers to uart2.o(i.TxFifo_Size) for TxFifo_Size
    __main.o(!!!main) refers to __rtentry.o(.ARM.Collect$$rtentry$$00000000) for __rt_entry
    __rtentry.o(.ARM.Collect$$rtentry$$00000000) refers (Special) to __rtentry2.o(.ARM.Collect$$rtentry$$0000000A) for __rt_entry_li
    __rtentry.o(.ARM.Collect$$rtentry$$00000000) refers (Special) to __rtentry2.o(.ARM.Collect$$rtentry$$0000000D) for __rt_entry_main
    __rtentry.o(.ARM.Collect$$rtentry$$00000000) refers (Special) to __rtentry2.o(.ARM.Collect$$rtentry$$0000000C) for __rt_entry_postli_1
    __rtentry.o(.ARM.Collect$$rtentry$$00000000) refers (Special) to __rtentry2.o(.ARM.Collect$$rtentry$$00000009) for __rt_entry_postsh_1
    __rtentry.o(.ARM.Collect$$rtentry$$00000000) refers (Special) to __rtentry2.o(.ARM.Collect$$rtentry$$00000002) for __rt_entry_presh_1
    __rtentry.o(.ARM.Collect$$rtentry$$00000000) refers (Special) to __rtentry4.o(.ARM.Collect$$rtentry$$00000004) for __rt_entry_sh
    __rtentry2.o(.ARM.Collect$$rtentry$$00000008) refers to boardinit2.o(.text) for _platform_post_stackheap_init
    __rtentry2.o(.ARM.Collect$$rtentry$$0000000A) refers to libinit.o(.ARM.Collect$$libinit$$00000000) for __rt_lib_init
    __rtentry2.o(.ARM.Collect$$rtentry$$0000000B) refers to boardinit3.o(.text) for _platform_post_lib_init
    __rtentry2.o(.ARM.Collect$$rtentry$$0000000D) refers to tester.o(i.main) for main
    __rtentry2.o(.ARM.Collect$$rtentry$$0000000D) refers to exit.o(.text) for exit
    __rtentry2.o(.ARM.exidx) refers to __rtentry2.o(.ARM.Collect$$rtentry$$00000001) for .ARM.Collect$$rtentry$$00000001
    __rtentry2.o(.ARM.exidx) refers to __rtentry2.o(.ARM.Collect$$rtentry$$00000008) for .ARM.Collect$$rtentry$$00000008
    __rtentry2.o(.ARM.exidx) refers to __rtentry2.o(.ARM.Collect$$rtentry$$0000000A) for .ARM.Collect$$rtentry$$0000000A
    __rtentry2.o(.ARM.exidx) refers to __rtentry2.o(.ARM.Collect$$rtentry$$0000000B) for .ARM.Collect$$rtentry$$0000000B
    __rtentry2.o(.ARM.exidx) refers to __rtentry2.o(.ARM.Collect$$rtentry$$0000000D) for .ARM.Collect$$rtentry$$0000000D
    __rtentry4.o(.ARM.Collect$$rtentry$$00000004) refers to sys_stackheap_outer.o(.text) for __user_setup_stackheap
    __rtentry4.o(.ARM.exidx) refers to __rtentry4.o(.ARM.Collect$$rtentry$$00000004) for .ARM.Collect$$rtentry$$00000004
    sys_stackheap_outer.o(.text) refers to libspace.o(.text) for __user_perproc_libspace
    sys_stackheap_outer.o(.text) refers to startup.o(.text) for __user_initial_stackheap
    exit.o(.text) refers to rtexit.o(.ARM.Collect$$rtexit$$00000000) for __rt_exit
    libinit.o(.ARM.Collect$$libinit$$00000000) refers (Special) to libinit2.o(.ARM.Collect$$libinit$$0000002E) for __rt_lib_init_alloca_1
    libinit.o(.ARM.Collect$$libinit$$00000000) refers (Special) to libinit2.o(.ARM.Collect$$libinit$$0000002C) for __rt_lib_init_argv_1
    libinit.o(.ARM.Collect$$libinit$$00000000) refers (Special) to libinit2.o(.ARM.Collect$$libinit$$0000001B) for __rt_lib_init_atexit_1
    libinit.o(.ARM.Collect$$libinit$$00000000) refers (Special) to libinit2.o(.ARM.Collect$$libinit$$00000021) for __rt_lib_init_clock_1
    libinit.o(.ARM.Collect$$libinit$$00000000) refers (Special) to libinit2.o(.ARM.Collect$$libinit$$00000032) for __rt_lib_init_cpp_1
    libinit.o(.ARM.Collect$$libinit$$00000000) refers (Special) to libinit2.o(.ARM.Collect$$libinit$$00000030) for __rt_lib_init_exceptions_1
    libinit.o(.ARM.Collect$$libinit$$00000000) refers (Special) to libinit2.o(.ARM.Collect$$libinit$$00000002) for __rt_lib_init_fp_1
    libinit.o(.ARM.Collect$$libinit$$00000000) refers (Special) to libinit2.o(.ARM.Collect$$libinit$$0000001F) for __rt_lib_init_fp_trap_1
    libinit.o(.ARM.Collect$$libinit$$00000000) refers (Special) to libinit2.o(.ARM.Collect$$libinit$$00000023) for __rt_lib_init_getenv_1
    libinit.o(.ARM.Collect$$libinit$$00000000) refers (Special) to libinit2.o(.ARM.Collect$$libinit$$0000000A) for __rt_lib_init_heap_1
    libinit.o(.ARM.Collect$$libinit$$00000000) refers (Special) to libinit2.o(.ARM.Collect$$libinit$$00000011) for __rt_lib_init_lc_collate_1
    libinit.o(.ARM.Collect$$libinit$$00000000) refers (Special) to libinit2.o(.ARM.Collect$$libinit$$00000013) for __rt_lib_init_lc_ctype_1
    libinit.o(.ARM.Collect$$libinit$$00000000) refers (Special) to libinit2.o(.ARM.Collect$$libinit$$00000015) for __rt_lib_init_lc_monetary_1
    libinit.o(.ARM.Collect$$libinit$$00000000) refers (Special) to libinit2.o(.ARM.Collect$$libinit$$00000017) for __rt_lib_init_lc_numeric_1
    libinit.o(.ARM.Collect$$libinit$$00000000) refers (Special) to libinit2.o(.ARM.Collect$$libinit$$00000019) for __rt_lib_init_lc_time_1
    libinit.o(.ARM.Collect$$libinit$$00000000) refers (Special) to libinit2.o(.ARM.Collect$$libinit$$00000004) for __rt_lib_init_preinit_1
    libinit.o(.ARM.Collect$$libinit$$00000000) refers (Special) to libinit2.o(.ARM.Collect$$libinit$$0000000E) for __rt_lib_init_rand_1
    libinit.o(.ARM.Collect$$libinit$$00000000) refers (Special) to libinit2.o(.ARM.Collect$$libinit$$00000033) for __rt_lib_init_return
    libinit.o(.ARM.Collect$$libinit$$00000000) refers (Special) to libinit2.o(.ARM.Collect$$libinit$$0000001D) for __rt_lib_init_signal_1
    libinit.o(.ARM.Collect$$libinit$$00000000) refers (Special) to libinit2.o(.ARM.Collect$$libinit$$00000025) for __rt_lib_init_stdio_1
    libinit.o(.ARM.Collect$$libinit$$00000000) refers (Special) to libinit2.o(.ARM.Collect$$libinit$$0000000C) for __rt_lib_init_user_alloc_1
    libspace.o(.text) refers to libspace.o(.bss) for __libspace_start
    rtexit.o(.ARM.Collect$$rtexit$$00000000) refers (Special) to rtexit2.o(.ARM.Collect$$rtexit$$00000004) for __rt_exit_exit
    rtexit.o(.ARM.Collect$$rtexit$$00000000) refers (Special) to rtexit2.o(.ARM.Collect$$rtexit$$00000003) for __rt_exit_ls
    rtexit.o(.ARM.Collect$$rtexit$$00000000) refers (Special) to rtexit2.o(.ARM.Collect$$rtexit$$00000002) for __rt_exit_prels_1
    rtexit.o(.ARM.exidx) refers (Special) to rtexit2.o(.ARM.Collect$$rtexit$$00000004) for __rt_exit_exit
    rtexit.o(.ARM.exidx) refers (Special) to rtexit2.o(.ARM.Collect$$rtexit$$00000003) for __rt_exit_ls
    rtexit.o(.ARM.exidx) refers (Special) to rtexit2.o(.ARM.Collect$$rtexit$$00000002) for __rt_exit_prels_1
    rtexit.o(.ARM.exidx) refers to rtexit.o(.ARM.Collect$$rtexit$$00000000) for .ARM.Collect$$rtexit$$00000000
    libinit2.o(.ARM.Collect$$libinit$$00000010) refers to libinit2.o(.ARM.Collect$$libinit$$0000000F) for .ARM.Collect$$libinit$$0000000F
    libinit2.o(.ARM.Collect$$libinit$$00000012) refers to libinit2.o(.ARM.Collect$$libinit$$0000000F) for .ARM.Collect$$libinit$$0000000F
    libinit2.o(.ARM.Collect$$libinit$$00000014) refers to libinit2.o(.ARM.Collect$$libinit$$0000000F) for .ARM.Collect$$libinit$$0000000F
    libinit2.o(.ARM.Collect$$libinit$$00000016) refers to libinit2.o(.ARM.Collect$$libinit$$0000000F) for .ARM.Collect$$libinit$$0000000F
    libinit2.o(.ARM.Collect$$libinit$$00000018) refers to libinit2.o(.ARM.Collect$$libinit$$0000000F) for .ARM.Collect$$libinit$$0000000F
    libinit2.o(.ARM.Collect$$libinit$$00000026) refers to argv_veneer.o(.emb_text) for __ARM_argv_veneer
    libinit2.o(.ARM.Collect$$libinit$$00000027) refers to argv_veneer.o(.emb_text) for __ARM_argv_veneer
    rtexit2.o(.ARM.Collect$$rtexit$$00000003) refers to libshutdown.o(.ARM.Collect$$libshutdown$$00000000) for __rt_lib_shutdown
    rtexit2.o(.ARM.Collect$$rtexit$$00000004) refers to sys_exit.o(.text) for _sys_exit
    rtexit2.o(.ARM.exidx) refers to rtexit2.o(.ARM.Collect$$rtexit$$00000001) for .ARM.Collect$$rtexit$$00000001
    rtexit2.o(.ARM.exidx) refers to rtexit2.o(.ARM.Collect$$rtexit$$00000003) for .ARM.Collect$$rtexit$$00000003
    rtexit2.o(.ARM.exidx) refers to rtexit2.o(.ARM.Collect$$rtexit$$00000004) for .ARM.Collect$$rtexit$$00000004
    argv_veneer.o(.emb_text) refers to no_argv.o(.text) for __ARM_get_argv
    sys_exit.o(.text) refers (Special) to use_no_semi.o(.text) for __I$use$semihosting
    sys_exit.o(.text) refers (Special) to indicate_semi.o(.text) for __semihosting_library_function
    _get_argv_nomalloc.o(.text) refers (Special) to hrguard.o(.text) for __heap_region$guard
    _get_argv_nomalloc.o(.text) refers to defsig_rtmem_outer.o(.text) for __rt_SIGRTMEM
    _get_argv_nomalloc.o(.text) refers to sys_command.o(.text) for _sys_command_string
    libshutdown.o(.ARM.Collect$$libshutdown$$00000000) refers (Special) to libshutdown2.o(.ARM.Collect$$libshutdown$$00000002) for __rt_lib_shutdown_cpp_1
    libshutdown.o(.ARM.Collect$$libshutdown$$00000000) refers (Special) to libshutdown2.o(.ARM.Collect$$libshutdown$$00000007) for __rt_lib_shutdown_fp_trap_1
    libshutdown.o(.ARM.Collect$$libshutdown$$00000000) refers (Special) to libshutdown2.o(.ARM.Collect$$libshutdown$$0000000F) for __rt_lib_shutdown_heap_1
    libshutdown.o(.ARM.Collect$$libshutdown$$00000000) refers (Special) to libshutdown2.o(.ARM.Collect$$libshutdown$$00000010) for __rt_lib_shutdown_return
    libshutdown.o(.ARM.Collect$$libshutdown$$00000000) refers (Special) to libshutdown2.o(.ARM.Collect$$libshutdown$$0000000A) for __rt_lib_shutdown_signal_1
    libshutdown.o(.ARM.Collect$$libshutdown$$00000000) refers (Special) to libshutdown2.o(.ARM.Collect$$libshutdown$$00000004) for __rt_lib_shutdown_stdio_1
    libshutdown.o(.ARM.Collect$$libshutdown$$00000000) refers (Special) to libshutdown2.o(.ARM.Collect$$libshutdown$$0000000C) for __rt_lib_shutdown_user_alloc_1
    sys_command.o(.text) refers (Special) to use_no_semi.o(.text) for __I$use$semihosting
    sys_command.o(.text) refers (Special) to indicate_semi.o(.text) for __semihosting_library_function
    defsig_rtmem_outer.o(.text) refers to defsig_rtmem_inner.o(.text) for __rt_SIGRTMEM_inner
    defsig_rtmem_outer.o(.text) refers to defsig_exit.o(.text) for __sig_exit
    defsig_rtmem_formal.o(.text) refers to rt_raise.o(.text) for __rt_raise
    rt_raise.o(.text) refers to __raise.o(.text) for __raise
    rt_raise.o(.text) refers to sys_exit.o(.text) for _sys_exit
    defsig_exit.o(.text) refers to sys_exit.o(.text) for _sys_exit
    defsig_rtmem_inner.o(.text) refers to defsig_general.o(.text) for __default_signal_display
    __raise.o(.text) refers to defsig.o(CL$$defsig) for __default_signal_handler
    defsig_general.o(.text) refers to sys_wrch.o(.text) for _ttywrch
    sys_wrch.o(.text) refers (Special) to use_no_semi.o(.text) for __I$use$semihosting
    sys_wrch.o(.text) refers (Special) to indicate_semi.o(.text) for __semihosting_library_function
    defsig.o(CL$$defsig) refers to defsig_rtmem_inner.o(.text) for __rt_SIGRTMEM_inner
    defsig_abrt_inner.o(.text) refers to defsig_general.o(.text) for __default_signal_display
    defsig_fpe_inner.o(.text) refers to defsig_general.o(.text) for __default_signal_display
    defsig_rtred_inner.o(.text) refers to defsig_general.o(.text) for __default_signal_display
    defsig_stak_inner.o(.text) refers to defsig_general.o(.text) for __default_signal_display
    defsig_pvfn_inner.o(.text) refers to defsig_general.o(.text) for __default_signal_display
    defsig_cppl_inner.o(.text) refers to defsig_general.o(.text) for __default_signal_display
    defsig_segv_inner.o(.text) refers to defsig_general.o(.text) for __default_signal_display
    defsig_other.o(.text) refers to defsig_general.o(.text) for __default_signal_display


==============================================================================

Removing Unused input sections from the image.

    Removing adcswtrigger.o(i.ADC0_InitAllTriggerSeq3), (1028 bytes).
    Removing adcswtrigger.o(i.ADC0_InitSWTriggerSeq3_Ch9), (244 bytes).
    Removing tester.o(i.ColorWheel), (44 bytes).
    Removing tester.o(i.FlashBlue), (52 bytes).
    Removing tester.o(.constdata), (32 bytes).
    Removing uart2.o(i.RxFifo_Get), (60 bytes).
    Removing uart2.o(i.UART_InChar), (20 bytes).
    Removing uart2.o(i.UART_InString), (70 bytes).
    Removing uart2.o(i.UART_InUDec), (76 bytes).
    Removing uart2.o(i.UART_InUHex), (108 bytes).
    Removing uart2.o(i.UART_OutUHex), (52 bytes).

11 unused section(s) (total 1786 bytes) removed from the image.

==============================================================================

Image Symbol Table

    Local Symbols

    Symbol Name                              Value     Ov Type        Size  Object(Section)

    RESET                                    0x00000000   Section      660  startup.o(RESET)
    ../clib/angel/boardlib.s                 0x00000000   Number         0  boardinit3.o ABSOLUTE
    ../clib/angel/boardlib.s                 0x00000000   Number         0  boardinit2.o ABSOLUTE
    ../clib/angel/boardlib.s                 0x00000000   Number         0  boardinit1.o ABSOLUTE
    ../clib/angel/boardlib.s                 0x00000000   Number         0  boardshut.o ABSOLUTE
    ../clib/angel/handlers.s                 0x00000000   Number         0  __scatter_zi.o ABSOLUTE
    ../clib/angel/handlers.s                 0x00000000   Number         0  __scatter_copy.o ABSOLUTE
    ../clib/angel/kernel.s                   0x00000000   Number         0  __rtentry2.o ABSOLUTE
    ../clib/angel/kernel.s                   0x00000000   Number         0  rtexit2.o ABSOLUTE
    ../clib/angel/kernel.s                   0x00000000   Number         0  __rtentry4.o ABSOLUTE
    ../clib/angel/kernel.s                   0x00000000   Number         0  __rtentry.o ABSOLUTE
    ../clib/angel/kernel.s                   0x00000000   Number         0  rtexit.o ABSOLUTE
    ../clib/angel/rt.s                       0x00000000   Number         0  rt_raise.o ABSOLUTE
    ../clib/angel/scatter.s                  0x00000000   Number         0  __scatter.o ABSOLUTE
    ../clib/angel/startup.s                  0x00000000   Number         0  __main.o ABSOLUTE
    ../clib/angel/sys.s                      0x00000000   Number         0  use_no_semi.o ABSOLUTE
    ../clib/angel/sys.s                      0x00000000   Number         0  sys_stackheap_outer.o ABSOLUTE
    ../clib/angel/sys.s                      0x00000000   Number         0  indicate_semi.o ABSOLUTE
    ../clib/angel/sys.s                      0x00000000   Number         0  libspace.o ABSOLUTE
    ../clib/angel/sysapp.c                   0x00000000   Number         0  sys_command.o ABSOLUTE
    ../clib/angel/sysapp.c                   0x00000000   Number         0  sys_wrch.o ABSOLUTE
    ../clib/angel/sysapp.c                   0x00000000   Number         0  sys_exit.o ABSOLUTE
    ../clib/armsys.c                         0x00000000   Number         0  argv_veneer.o ABSOLUTE
    ../clib/armsys.c                         0x00000000   Number         0  argv_veneer.o ABSOLUTE
    ../clib/armsys.c                         0x00000000   Number         0  no_argv.o ABSOLUTE
    ../clib/armsys.c                         0x00000000   Number         0  _get_argv_nomalloc.o ABSOLUTE
    ../clib/heapalloc.c                      0x00000000   Number         0  hrguard.o ABSOLUTE
    ../clib/heapaux.c                        0x00000000   Number         0  heapauxi.o ABSOLUTE
    ../clib/libinit.s                        0x00000000   Number         0  libinit.o ABSOLUTE
    ../clib/libinit.s                        0x00000000   Number         0  libinit2.o ABSOLUTE
    ../clib/libinit.s                        0x00000000   Number         0  libshutdown2.o ABSOLUTE
    ../clib/libinit.s                        0x00000000   Number         0  libshutdown.o ABSOLUTE
    ../clib/signal.c                         0x00000000   Number         0  defsig_general.o ABSOLUTE
    ../clib/signal.c                         0x00000000   Number         0  __raise.o ABSOLUTE
    ../clib/signal.c                         0x00000000   Number         0  defsig_exit.o ABSOLUTE
    ../clib/signal.c                         0x00000000   Number         0  defsig_abrt_inner.o ABSOLUTE
    ../clib/signal.c                         0x00000000   Number         0  defsig_fpe_inner.o ABSOLUTE
    ../clib/signal.c                         0x00000000   Number         0  defsig_stak_inner.o ABSOLUTE
    ../clib/signal.c                         0x00000000   Number         0  defsig_pvfn_inner.o ABSOLUTE
    ../clib/signal.c                         0x00000000   Number         0  defsig_cppl_inner.o ABSOLUTE
    ../clib/signal.c                         0x00000000   Number         0  defsig_segv_inner.o ABSOLUTE
    ../clib/signal.c                         0x00000000   Number         0  defsig_other.o ABSOLUTE
    ../clib/signal.c                         0x00000000   Number         0  defsig_rtmem_formal.o ABSOLUTE
    ../clib/signal.c                         0x00000000   Number         0  defsig_rtmem_inner.o ABSOLUTE
    ../clib/signal.c                         0x00000000   Number         0  defsig_rtmem_outer.o ABSOLUTE
    ../clib/signal.c                         0x00000000   Number         0  defsig_rtred_inner.o ABSOLUTE
    ../clib/signal.s                         0x00000000   Number         0  defsig.o ABSOLUTE
    ../clib/stdlib.c                         0x00000000   Number         0  exit.o ABSOLUTE
    ../fplib/fpinit.s                        0x00000000   Number         0  fpinit.o ABSOLUTE
    ADCSWTrigger.c                           0x00000000   Number         0  adcswtrigger.o ABSOLUTE
    PLL.c                                    0x00000000   Number         0  pll.o ABSOLUTE
    Tester.c                                 0x00000000   Number         0  tester.o ABSOLUTE
    Timer0.c                                 0x00000000   Number         0  timer0.o ABSOLUTE
    UART2.c                                  0x00000000   Number         0  uart2.o ABSOLUTE
    dc.s                                     0x00000000   Number         0  dc.o ABSOLUTE
    startup.s                                0x00000000   Number         0  startup.o ABSOLUTE
    !!!main                                  0x00000294   Section        8  __main.o(!!!main)
    !!!scatter                               0x0000029c   Section       52  __scatter.o(!!!scatter)
    !!handler_copy                           0x000002d0   Section       26  __scatter_copy.o(!!handler_copy)
    !!handler_zi                             0x000002ec   Section       28  __scatter_zi.o(!!handler_zi)
    .ARM.Collect$$libinit$$00000000          0x00000308   Section        2  libinit.o(.ARM.Collect$$libinit$$00000000)
    .ARM.Collect$$libinit$$00000002          0x0000030a   Section        0  libinit2.o(.ARM.Collect$$libinit$$00000002)
    .ARM.Collect$$libinit$$00000004          0x0000030a   Section        0  libinit2.o(.ARM.Collect$$libinit$$00000004)
    .ARM.Collect$$libinit$$0000000A          0x0000030a   Section        0  libinit2.o(.ARM.Collect$$libinit$$0000000A)
    .ARM.Collect$$libinit$$0000000C          0x0000030a   Section        0  libinit2.o(.ARM.Collect$$libinit$$0000000C)
    .ARM.Collect$$libinit$$0000000E          0x0000030a   Section        0  libinit2.o(.ARM.Collect$$libinit$$0000000E)
    .ARM.Collect$$libinit$$00000011          0x0000030a   Section        0  libinit2.o(.ARM.Collect$$libinit$$00000011)
    .ARM.Collect$$libinit$$00000013          0x0000030a   Section        0  libinit2.o(.ARM.Collect$$libinit$$00000013)
    .ARM.Collect$$libinit$$00000015          0x0000030a   Section        0  libinit2.o(.ARM.Collect$$libinit$$00000015)
    .ARM.Collect$$libinit$$00000017          0x0000030a   Section        0  libinit2.o(.ARM.Collect$$libinit$$00000017)
    .ARM.Collect$$libinit$$00000019          0x0000030a   Section        0  libinit2.o(.ARM.Collect$$libinit$$00000019)
    .ARM.Collect$$libinit$$0000001B          0x0000030a   Section        0  libinit2.o(.ARM.Collect$$libinit$$0000001B)
    .ARM.Collect$$libinit$$0000001D          0x0000030a   Section        0  libinit2.o(.ARM.Collect$$libinit$$0000001D)
    .ARM.Collect$$libinit$$0000001F          0x0000030a   Section        0  libinit2.o(.ARM.Collect$$libinit$$0000001F)
    .ARM.Collect$$libinit$$00000021          0x0000030a   Section        0  libinit2.o(.ARM.Collect$$libinit$$00000021)
    .ARM.Collect$$libinit$$00000023          0x0000030a   Section        0  libinit2.o(.ARM.Collect$$libinit$$00000023)
    .ARM.Collect$$libinit$$00000025          0x0000030a   Section        0  libinit2.o(.ARM.Collect$$libinit$$00000025)
    .ARM.Collect$$libinit$$0000002C          0x0000030a   Section        0  libinit2.o(.ARM.Collect$$libinit$$0000002C)
    .ARM.Collect$$libinit$$0000002E          0x0000030a   Section        0  libinit2.o(.ARM.Collect$$libinit$$0000002E)
    .ARM.Collect$$libinit$$00000030          0x0000030a   Section        0  libinit2.o(.ARM.Collect$$libinit$$00000030)
    .ARM.Collect$$libinit$$00000032          0x0000030a   Section        0  libinit2.o(.ARM.Collect$$libinit$$00000032)
    .ARM.Collect$$libinit$$00000033          0x0000030a   Section        2  libinit2.o(.ARM.Collect$$libinit$$00000033)
    .ARM.Collect$$libshutdown$$00000000      0x0000030c   Section        2  libshutdown.o(.ARM.Collect$$libshutdown$$00000000)
    .ARM.Collect$$libshutdown$$00000002      0x0000030e   Section        0  libshutdown2.o(.ARM.Collect$$libshutdown$$00000002)
    .ARM.Collect$$libshutdown$$00000004      0x0000030e   Section        0  libshutdown2.o(.ARM.Collect$$libshutdown$$00000004)
    .ARM.Collect$$libshutdown$$00000007      0x0000030e   Section        0  libshutdown2.o(.ARM.Collect$$libshutdown$$00000007)
    .ARM.Collect$$libshutdown$$0000000A      0x0000030e   Section        0  libshutdown2.o(.ARM.Collect$$libshutdown$$0000000A)
    .ARM.Collect$$libshutdown$$0000000C      0x0000030e   Section        0  libshutdown2.o(.ARM.Collect$$libshutdown$$0000000C)
    .ARM.Collect$$libshutdown$$0000000F      0x0000030e   Section        0  libshutdown2.o(.ARM.Collect$$libshutdown$$0000000F)
    .ARM.Collect$$libshutdown$$00000010      0x0000030e   Section        2  libshutdown2.o(.ARM.Collect$$libshutdown$$00000010)
    .ARM.Collect$$rtentry$$00000000          0x00000310   Section        0  __rtentry.o(.ARM.Collect$$rtentry$$00000000)
    .ARM.Collect$$rtentry$$00000002          0x00000310   Section        0  __rtentry2.o(.ARM.Collect$$rtentry$$00000002)
    .ARM.Collect$$rtentry$$00000004          0x00000310   Section        6  __rtentry4.o(.ARM.Collect$$rtentry$$00000004)
    .ARM.Collect$$rtentry$$00000009          0x00000316   Section        0  __rtentry2.o(.ARM.Collect$$rtentry$$00000009)
    .ARM.Collect$$rtentry$$0000000A          0x00000316   Section        4  __rtentry2.o(.ARM.Collect$$rtentry$$0000000A)
    .ARM.Collect$$rtentry$$0000000C          0x0000031a   Section        0  __rtentry2.o(.ARM.Collect$$rtentry$$0000000C)
    .ARM.Collect$$rtentry$$0000000D          0x0000031a   Section        8  __rtentry2.o(.ARM.Collect$$rtentry$$0000000D)
    .ARM.Collect$$rtexit$$00000000           0x00000322   Section        2  rtexit.o(.ARM.Collect$$rtexit$$00000000)
    .ARM.Collect$$rtexit$$00000002           0x00000324   Section        0  rtexit2.o(.ARM.Collect$$rtexit$$00000002)
    .ARM.Collect$$rtexit$$00000003           0x00000324   Section        4  rtexit2.o(.ARM.Collect$$rtexit$$00000003)
    .ARM.Collect$$rtexit$$00000004           0x00000328   Section        6  rtexit2.o(.ARM.Collect$$rtexit$$00000004)
    .text                                    0x00000330   Section       48  startup.o(.text)
    .text                                    0x00000360   Section        0  heapauxi.o(.text)
    .text                                    0x00000366   Section       74  sys_stackheap_outer.o(.text)
    .text                                    0x000003b0   Section        0  exit.o(.text)
    .text                                    0x000003c4   Section        8  libspace.o(.text)
    .text                                    0x000003cc   Section        0  sys_exit.o(.text)
    .text                                    0x000003d8   Section        2  use_no_semi.o(.text)
    .text                                    0x000003da   Section        0  indicate_semi.o(.text)
    i.ADC0_InSeq3                            0x000003dc   Section        0  adcswtrigger.o(i.ADC0_InSeq3)
    i.ADC0_InitSWTriggerSeq3                 0x00000408   Section        0  adcswtrigger.o(i.ADC0_InitSWTriggerSeq3)
    i.FlashGreen                             0x0000080c   Section        0  tester.o(i.FlashGreen)
    i.FlashRed                               0x00000840   Section        0  tester.o(i.FlashRed)
    i.FlashYellow                            0x00000874   Section        0  tester.o(i.FlashYellow)
    i.PLL_Init                               0x000008a8   Section        0  pll.o(i.PLL_Init)
    i.RxFifo_Init                            0x00000924   Section        0  uart2.o(i.RxFifo_Init)
    i.RxFifo_Put                             0x00000948   Section        0  uart2.o(i.RxFifo_Put)
    i.RxFifo_Size                            0x00000984   Section        0  uart2.o(i.RxFifo_Size)
    i.Timer0A_Handler                        0x0000099c   Section        0  timer0.o(i.Timer0A_Handler)
    i.Timer0_Init                            0x000009b4   Section        0  timer0.o(i.Timer0_Init)
    i.TxFifo_Get                             0x00000a3c   Section        0  uart2.o(i.TxFifo_Get)
    i.TxFifo_Init                            0x00000a78   Section        0  uart2.o(i.TxFifo_Init)
    i.TxFifo_Put                             0x00000a9c   Section        0  uart2.o(i.TxFifo_Put)
    i.TxFifo_Size                            0x00000ad8   Section        0  uart2.o(i.TxFifo_Size)
    i.UART0_Handler                          0x00000af0   Section        0  uart2.o(i.UART0_Handler)
    i.UART_Init                              0x00000b48   Section        0  uart2.o(i.UART_Init)
    i.UART_OutChar                           0x00000c14   Section        0  uart2.o(i.UART_OutChar)
    i.UART_OutString                         0x00000c48   Section        0  uart2.o(i.UART_OutString)
    i.UART_OutUDec                           0x00000c5e   Section        0  uart2.o(i.UART_OutUDec)
    i.copyHardwareToSoftware                 0x00000c88   Section        0  uart2.o(i.copyHardwareToSoftware)
    copyHardwareToSoftware                   0x00000c89   Thumb Code    36  uart2.o(i.copyHardwareToSoftware)
    i.copySoftwareToHardware                 0x00000cb0   Section        0  uart2.o(i.copySoftwareToHardware)
    copySoftwareToHardware                   0x00000cb1   Thumb Code    38  uart2.o(i.copySoftwareToHardware)
    i.digitaltest                            0x00000cdc   Section        0  tester.o(i.digitaltest)
    i.main                                   0x00000e7c   Section        0  tester.o(i.main)
    .data                                    0x20000000   Section       24  tester.o(.data)
    i                                        0x20000004   Data           4  tester.o(.data)
    i                                        0x20000008   Data           4  tester.o(.data)
    i                                        0x2000000c   Data           4  tester.o(.data)
    i                                        0x20000010   Data           4  tester.o(.data)
    i                                        0x20000014   Data           4  tester.o(.data)
    .data                                    0x20000018   Section        4  timer0.o(.data)
    .data                                    0x2000001c   Section       16  uart2.o(.data)
    .bss                                     0x2000002c   Section       32  uart2.o(.bss)
    RxFifo                                   0x2000002c   Data          16  uart2.o(.bss)
    TxFifo                                   0x2000003c   Data          16  uart2.o(.bss)
    .bss                                     0x2000004c   Section       96  libspace.o(.bss)
    HEAP                                     0x200000b0   Section        0  startup.o(HEAP)
    STACK                                    0x200000b0   Section     1024  startup.o(STACK)
    HeapMem                                  0x200000b0   Data           0  startup.o(HEAP)
    StackMem                                 0x200000b0   Data           0  startup.o(STACK)

    Global Symbols

    Symbol Name                              Value     Ov Type        Size  Object(Section)

    BuildAttributes$$THM_ISAv4$E$P$D$K$B$S$7EM$PE$A:L22UL41UL21$X:L11$S22US41US21$IEEE1$IW$USESV6$~STKCKD$USESV7$~SHL$OSPACE$ROPI$EBA8$UX$STANDARDLIB$REQ8$PRES8$EABIv2 0x00000000   Number         0  anon$$obj.o ABSOLUTE
    __ARM_use_no_argv                        0x00000000   Number         0  tester.o ABSOLUTE
    __Vectors                                0x00000000   Data           0  startup.o(RESET)
    __ARM_exceptions_init                     - Undefined Weak Reference
    __alloca_initialize                       - Undefined Weak Reference
    __arm_preinit_                            - Undefined Weak Reference
    __cpp_initialize__aeabi_                  - Undefined Weak Reference
    __cxa_finalize                            - Undefined Weak Reference
    __rt_locale                               - Undefined Weak Reference
    __sigvec_lookup                           - Undefined Weak Reference
    _atexit_init                              - Undefined Weak Reference
    _call_atexit_fns                          - Undefined Weak Reference
    _clock_init                               - Undefined Weak Reference
    _fp_trap_init                             - Undefined Weak Reference
    _fp_trap_shutdown                         - Undefined Weak Reference
    _get_lc_collate                           - Undefined Weak Reference
    _get_lc_ctype                             - Undefined Weak Reference
    _get_lc_monetary                          - Undefined Weak Reference
    _get_lc_numeric                           - Undefined Weak Reference
    _get_lc_time                              - Undefined Weak Reference
    _getenv_init                              - Undefined Weak Reference
    _handle_redirection                       - Undefined Weak Reference
    _init_alloc                               - Undefined Weak Reference
    _init_user_alloc                          - Undefined Weak Reference
    _initio                                   - Undefined Weak Reference
    _rand_init                                - Undefined Weak Reference
    _signal_finish                            - Undefined Weak Reference
    _signal_init                              - Undefined Weak Reference
    _terminate_alloc                          - Undefined Weak Reference
    _terminate_user_alloc                     - Undefined Weak Reference
    _terminateio                              - Undefined Weak Reference
    Reset_Handler                            0x0000026d   Thumb Code     0  startup.o(RESET)
    NMI_Handler                              0x00000281   Thumb Code     2  startup.o(RESET)
    HardFault_Handler                        0x00000283   Thumb Code     2  startup.o(RESET)
    MemManage_Handler                        0x00000285   Thumb Code     2  startup.o(RESET)
    BusFault_Handler                         0x00000287   Thumb Code     2  startup.o(RESET)
    UsageFault_Handler                       0x00000289   Thumb Code     2  startup.o(RESET)
    SVC_Handler                              0x0000028b   Thumb Code     2  startup.o(RESET)
    DebugMon_Handler                         0x0000028d   Thumb Code     2  startup.o(RESET)
    PendSV_Handler                           0x0000028f   Thumb Code     2  startup.o(RESET)
    SysTick_Handler                          0x00000291   Thumb Code     2  startup.o(RESET)
    ADC0Seq0_Handler                         0x00000293   Thumb Code     0  startup.o(RESET)
    ADC0Seq1_Handler                         0x00000293   Thumb Code     0  startup.o(RESET)
    ADC0Seq2_Handler                         0x00000293   Thumb Code     0  startup.o(RESET)
    ADC0Seq3_Handler                         0x00000293   Thumb Code     0  startup.o(RESET)
    ADC1Seq0_Handler                         0x00000293   Thumb Code     0  startup.o(RESET)
    ADC1Seq1_Handler                         0x00000293   Thumb Code     0  startup.o(RESET)
    ADC1Seq2_Handler                         0x00000293   Thumb Code     0  startup.o(RESET)
    ADC1Seq3_Handler                         0x00000293   Thumb Code     0  startup.o(RESET)
    CAN0_Handler                             0x00000293   Thumb Code     0  startup.o(RESET)
    CAN1_Handler                             0x00000293   Thumb Code     0  startup.o(RESET)
    CAN2_Handler                             0x00000293   Thumb Code     0  startup.o(RESET)
    Comp0_Handler                            0x00000293   Thumb Code     0  startup.o(RESET)
    Comp1_Handler                            0x00000293   Thumb Code     0  startup.o(RESET)
    Comp2_Handler                            0x00000293   Thumb Code     0  startup.o(RESET)
    Ethernet_Handler                         0x00000293   Thumb Code     0  startup.o(RESET)
    ExtBus_Handler                           0x00000293   Thumb Code     0  startup.o(RESET)
    FPU_Handler                              0x00000293   Thumb Code     0  startup.o(RESET)
    Fan0_Handler                             0x00000293   Thumb Code     0  startup.o(RESET)
    FlashCtl_Handler                         0x00000293   Thumb Code     0  startup.o(RESET)
    GPIOPortA_Handler                        0x00000293   Thumb Code     0  startup.o(RESET)
    GPIOPortB_Handler                        0x00000293   Thumb Code     0  startup.o(RESET)
    GPIOPortC_Handler                        0x00000293   Thumb Code     0  startup.o(RESET)
    GPIOPortD_Handler                        0x00000293   Thumb Code     0  startup.o(RESET)
    GPIOPortE_Handler                        0x00000293   Thumb Code     0  startup.o(RESET)
    GPIOPortF_Handler                        0x00000293   Thumb Code     0  startup.o(RESET)
    GPIOPortG_Handler                        0x00000293   Thumb Code     0  startup.o(RESET)
    GPIOPortH_Handler                        0x00000293   Thumb Code     0  startup.o(RESET)
    GPIOPortJ_Handler                        0x00000293   Thumb Code     0  startup.o(RESET)
    GPIOPortK_Handler                        0x00000293   Thumb Code     0  startup.o(RESET)
    GPIOPortL_Handler                        0x00000293   Thumb Code     0  startup.o(RESET)
    GPIOPortM_Handler                        0x00000293   Thumb Code     0  startup.o(RESET)
    GPIOPortN_Handler                        0x00000293   Thumb Code     0  startup.o(RESET)
    GPIOPortP1_Handler                       0x00000293   Thumb Code     0  startup.o(RESET)
    GPIOPortP2_Handler                       0x00000293   Thumb Code     0  startup.o(RESET)
    GPIOPortP3_Handler                       0x00000293   Thumb Code     0  startup.o(RESET)
    GPIOPortP4_Handler                       0x00000293   Thumb Code     0  startup.o(RESET)
    GPIOPortP5_Handler                       0x00000293   Thumb Code     0  startup.o(RESET)
    GPIOPortP6_Handler                       0x00000293   Thumb Code     0  startup.o(RESET)
    GPIOPortP7_Handler                       0x00000293   Thumb Code     0  startup.o(RESET)
    GPIOPortP_Handler                        0x00000293   Thumb Code     0  startup.o(RESET)
    GPIOPortQ1_Handler                       0x00000293   Thumb Code     0  startup.o(RESET)
    GPIOPortQ2_Handler                       0x00000293   Thumb Code     0  startup.o(RESET)
    GPIOPortQ3_Handler                       0x00000293   Thumb Code     0  startup.o(RESET)
    GPIOPortQ4_Handler                       0x00000293   Thumb Code     0  startup.o(RESET)
    GPIOPortQ5_Handler                       0x00000293   Thumb Code     0  startup.o(RESET)
    GPIOPortQ6_Handler                       0x00000293   Thumb Code     0  startup.o(RESET)
    GPIOPortQ7_Handler                       0x00000293   Thumb Code     0  startup.o(RESET)
    GPIOPortQ_Handler                        0x00000293   Thumb Code     0  startup.o(RESET)
    GPIOPortR_Handler                        0x00000293   Thumb Code     0  startup.o(RESET)
    GPIOPortS_Handler                        0x00000293   Thumb Code     0  startup.o(RESET)
    Hibernate_Handler                        0x00000293   Thumb Code     0  startup.o(RESET)
    I2C0_Handler                             0x00000293   Thumb Code     0  startup.o(RESET)
    I2C1_Handler                             0x00000293   Thumb Code     0  startup.o(RESET)
    I2C2_Handler                             0x00000293   Thumb Code     0  startup.o(RESET)
    I2C3_Handler                             0x00000293   Thumb Code     0  startup.o(RESET)
    I2C4_Handler                             0x00000293   Thumb Code     0  startup.o(RESET)
    I2C5_Handler                             0x00000293   Thumb Code     0  startup.o(RESET)
    I2S0_Handler                             0x00000293   Thumb Code     0  startup.o(RESET)
    LPC0_Handler                             0x00000293   Thumb Code     0  startup.o(RESET)
    PECI0_Handler                            0x00000293   Thumb Code     0  startup.o(RESET)
    PWM0Fault_Handler                        0x00000293   Thumb Code     0  startup.o(RESET)
    PWM0Generator0_Handler                   0x00000293   Thumb Code     0  startup.o(RESET)
    PWM0Generator1_Handler                   0x00000293   Thumb Code     0  startup.o(RESET)
    PWM0Generator2_Handler                   0x00000293   Thumb Code     0  startup.o(RESET)
    PWM0Generator3_Handler                   0x00000293   Thumb Code     0  startup.o(RESET)
    PWM1Fault_Handler                        0x00000293   Thumb Code     0  startup.o(RESET)
    PWM1Generator0_Handler                   0x00000293   Thumb Code     0  startup.o(RESET)
    PWM1Generator1_Handler                   0x00000293   Thumb Code     0  startup.o(RESET)
    PWM1Generator2_Handler                   0x00000293   Thumb Code     0  startup.o(RESET)
    PWM1Generator3_Handler                   0x00000293   Thumb Code     0  startup.o(RESET)
    Quadrature0_Handler                      0x00000293   Thumb Code     0  startup.o(RESET)
    Quadrature1_Handler                      0x00000293   Thumb Code     0  startup.o(RESET)
    Quadrature2_Handler                      0x00000293   Thumb Code     0  startup.o(RESET)
    SSI0_Handler                             0x00000293   Thumb Code     0  startup.o(RESET)
    SSI1_Handler                             0x00000293   Thumb Code     0  startup.o(RESET)
    SSI2_Handler                             0x00000293   Thumb Code     0  startup.o(RESET)
    SSI3_Handler                             0x00000293   Thumb Code     0  startup.o(RESET)
    SysCtl_Handler                           0x00000293   Thumb Code     0  startup.o(RESET)
    Timer0B_Handler                          0x00000293   Thumb Code     0  startup.o(RESET)
    Timer1A_Handler                          0x00000293   Thumb Code     0  startup.o(RESET)
    Timer1B_Handler                          0x00000293   Thumb Code     0  startup.o(RESET)
    Timer2A_Handler                          0x00000293   Thumb Code     0  startup.o(RESET)
    Timer2B_Handler                          0x00000293   Thumb Code     0  startup.o(RESET)
    Timer3A_Handler                          0x00000293   Thumb Code     0  startup.o(RESET)
    Timer3B_Handler                          0x00000293   Thumb Code     0  startup.o(RESET)
    Timer4A_Handler                          0x00000293   Thumb Code     0  startup.o(RESET)
    Timer4B_Handler                          0x00000293   Thumb Code     0  startup.o(RESET)
    Timer5A_Handler                          0x00000293   Thumb Code     0  startup.o(RESET)
    Timer5B_Handler                          0x00000293   Thumb Code     0  startup.o(RESET)
    UART1_Handler                            0x00000293   Thumb Code     0  startup.o(RESET)
    UART2_Handler                            0x00000293   Thumb Code     0  startup.o(RESET)
    UART3_Handler                            0x00000293   Thumb Code     0  startup.o(RESET)
    UART4_Handler                            0x00000293   Thumb Code     0  startup.o(RESET)
    UART5_Handler                            0x00000293   Thumb Code     0  startup.o(RESET)
    UART6_Handler                            0x00000293   Thumb Code     0  startup.o(RESET)
    UART7_Handler                            0x00000293   Thumb Code     0  startup.o(RESET)
    USB0_Handler                             0x00000293   Thumb Code     0  startup.o(RESET)
    WDT_Handler                              0x00000293   Thumb Code     0  startup.o(RESET)
    WideTimer0A_Handler                      0x00000293   Thumb Code     0  startup.o(RESET)
    WideTimer0B_Handler                      0x00000293   Thumb Code     0  startup.o(RESET)
    WideTimer1A_Handler                      0x00000293   Thumb Code     0  startup.o(RESET)
    WideTimer1B_Handler                      0x00000293   Thumb Code     0  startup.o(RESET)
    WideTimer2A_Handler                      0x00000293   Thumb Code     0  startup.o(RESET)
    WideTimer2B_Handler                      0x00000293   Thumb Code     0  startup.o(RESET)
    WideTimer3A_Handler                      0x00000293   Thumb Code     0  startup.o(RESET)
    WideTimer3B_Handler                      0x00000293   Thumb Code     0  startup.o(RESET)
    WideTimer4A_Handler                      0x00000293   Thumb Code     0  startup.o(RESET)
    WideTimer4B_Handler                      0x00000293   Thumb Code     0  startup.o(RESET)
    WideTimer5A_Handler                      0x00000293   Thumb Code     0  startup.o(RESET)
    WideTimer5B_Handler                      0x00000293   Thumb Code     0  startup.o(RESET)
    uDMA_Error                               0x00000293   Thumb Code     0  startup.o(RESET)
    uDMA_Handler                             0x00000293   Thumb Code     0  startup.o(RESET)
    __main                                   0x00000295   Thumb Code     8  __main.o(!!!main)
    __scatterload                            0x0000029d   Thumb Code     0  __scatter.o(!!!scatter)
    __scatterload_rt2                        0x0000029d   Thumb Code    44  __scatter.o(!!!scatter)
    __scatterload_rt2_thumb_only             0x0000029d   Thumb Code     0  __scatter.o(!!!scatter)
    __scatterload_null                       0x000002ab   Thumb Code     0  __scatter.o(!!!scatter)
    __scatterload_copy                       0x000002d1   Thumb Code    26  __scatter_copy.o(!!handler_copy)
    __scatterload_zeroinit                   0x000002ed   Thumb Code    28  __scatter_zi.o(!!handler_zi)
    __rt_lib_init                            0x00000309   Thumb Code     0  libinit.o(.ARM.Collect$$libinit$$00000000)
    __rt_lib_init_alloca_1                   0x0000030b   Thumb Code     0  libinit2.o(.ARM.Collect$$libinit$$0000002E)
    __rt_lib_init_argv_1                     0x0000030b   Thumb Code     0  libinit2.o(.ARM.Collect$$libinit$$0000002C)
    __rt_lib_init_atexit_1                   0x0000030b   Thumb Code     0  libinit2.o(.ARM.Collect$$libinit$$0000001B)
    __rt_lib_init_clock_1                    0x0000030b   Thumb Code     0  libinit2.o(.ARM.Collect$$libinit$$00000021)
    __rt_lib_init_cpp_1                      0x0000030b   Thumb Code     0  libinit2.o(.ARM.Collect$$libinit$$00000032)
    __rt_lib_init_exceptions_1               0x0000030b   Thumb Code     0  libinit2.o(.ARM.Collect$$libinit$$00000030)
    __rt_lib_init_fp_1                       0x0000030b   Thumb Code     0  libinit2.o(.ARM.Collect$$libinit$$00000002)
    __rt_lib_init_fp_trap_1                  0x0000030b   Thumb Code     0  libinit2.o(.ARM.Collect$$libinit$$0000001F)
    __rt_lib_init_getenv_1                   0x0000030b   Thumb Code     0  libinit2.o(.ARM.Collect$$libinit$$00000023)
    __rt_lib_init_heap_1                     0x0000030b   Thumb Code     0  libinit2.o(.ARM.Collect$$libinit$$0000000A)
    __rt_lib_init_lc_collate_1               0x0000030b   Thumb Code     0  libinit2.o(.ARM.Collect$$libinit$$00000011)
    __rt_lib_init_lc_ctype_1                 0x0000030b   Thumb Code     0  libinit2.o(.ARM.Collect$$libinit$$00000013)
    __rt_lib_init_lc_monetary_1              0x0000030b   Thumb Code     0  libinit2.o(.ARM.Collect$$libinit$$00000015)
    __rt_lib_init_lc_numeric_1               0x0000030b   Thumb Code     0  libinit2.o(.ARM.Collect$$libinit$$00000017)
    __rt_lib_init_lc_time_1                  0x0000030b   Thumb Code     0  libinit2.o(.ARM.Collect$$libinit$$00000019)
    __rt_lib_init_preinit_1                  0x0000030b   Thumb Code     0  libinit2.o(.ARM.Collect$$libinit$$00000004)
    __rt_lib_init_rand_1                     0x0000030b   Thumb Code     0  libinit2.o(.ARM.Collect$$libinit$$0000000E)
    __rt_lib_init_return                     0x0000030b   Thumb Code     0  libinit2.o(.ARM.Collect$$libinit$$00000033)
    __rt_lib_init_signal_1                   0x0000030b   Thumb Code     0  libinit2.o(.ARM.Collect$$libinit$$0000001D)
    __rt_lib_init_stdio_1                    0x0000030b   Thumb Code     0  libinit2.o(.ARM.Collect$$libinit$$00000025)
    __rt_lib_init_user_alloc_1               0x0000030b   Thumb Code     0  libinit2.o(.ARM.Collect$$libinit$$0000000C)
    __rt_lib_shutdown                        0x0000030d   Thumb Code     0  libshutdown.o(.ARM.Collect$$libshutdown$$00000000)
    __rt_lib_shutdown_cpp_1                  0x0000030f   Thumb Code     0  libshutdown2.o(.ARM.Collect$$libshutdown$$00000002)
    __rt_lib_shutdown_fp_trap_1              0x0000030f   Thumb Code     0  libshutdown2.o(.ARM.Collect$$libshutdown$$00000007)
    __rt_lib_shutdown_heap_1                 0x0000030f   Thumb Code     0  libshutdown2.o(.ARM.Collect$$libshutdown$$0000000F)
    __rt_lib_shutdown_return                 0x0000030f   Thumb Code     0  libshutdown2.o(.ARM.Collect$$libshutdown$$00000010)
    __rt_lib_shutdown_signal_1               0x0000030f   Thumb Code     0  libshutdown2.o(.ARM.Collect$$libshutdown$$0000000A)
    __rt_lib_shutdown_stdio_1                0x0000030f   Thumb Code     0  libshutdown2.o(.ARM.Collect$$libshutdown$$00000004)
    __rt_lib_shutdown_user_alloc_1           0x0000030f   Thumb Code     0  libshutdown2.o(.ARM.Collect$$libshutdown$$0000000C)
    __rt_entry                               0x00000311   Thumb Code     0  __rtentry.o(.ARM.Collect$$rtentry$$00000000)
    __rt_entry_presh_1                       0x00000311   Thumb Code     0  __rtentry2.o(.ARM.Collect$$rtentry$$00000002)
    __rt_entry_sh                            0x00000311   Thumb Code     0  __rtentry4.o(.ARM.Collect$$rtentry$$00000004)
    __rt_entry_li                            0x00000317   Thumb Code     0  __rtentry2.o(.ARM.Collect$$rtentry$$0000000A)
    __rt_entry_postsh_1                      0x00000317   Thumb Code     0  __rtentry2.o(.ARM.Collect$$rtentry$$00000009)
    __rt_entry_main                          0x0000031b   Thumb Code     0  __rtentry2.o(.ARM.Collect$$rtentry$$0000000D)
    __rt_entry_postli_1                      0x0000031b   Thumb Code     0  __rtentry2.o(.ARM.Collect$$rtentry$$0000000C)
    __rt_exit                                0x00000323   Thumb Code     0  rtexit.o(.ARM.Collect$$rtexit$$00000000)
    __rt_exit_ls                             0x00000325   Thumb Code     0  rtexit2.o(.ARM.Collect$$rtexit$$00000003)
    __rt_exit_prels_1                        0x00000325   Thumb Code     0  rtexit2.o(.ARM.Collect$$rtexit$$00000002)
    __rt_exit_exit                           0x00000329   Thumb Code     0  rtexit2.o(.ARM.Collect$$rtexit$$00000004)
    DisableInterrupts                        0x00000331   Thumb Code     0  startup.o(.text)
    EnableInterrupts                         0x00000335   Thumb Code     0  startup.o(.text)
    StartCritical                            0x00000339   Thumb Code     0  startup.o(.text)
    EndCritical                              0x00000341   Thumb Code     0  startup.o(.text)
    WaitForInterrupt                         0x00000347   Thumb Code     0  startup.o(.text)
    __user_initial_stackheap                 0x0000034b   Thumb Code     0  startup.o(.text)
    __use_two_region_memory                  0x00000361   Thumb Code     2  heapauxi.o(.text)
    __rt_heap_escrow$2region                 0x00000363   Thumb Code     2  heapauxi.o(.text)
    __rt_heap_expand$2region                 0x00000365   Thumb Code     2  heapauxi.o(.text)
    __user_setup_stackheap                   0x00000367   Thumb Code    74  sys_stackheap_outer.o(.text)
    exit                                     0x000003b1   Thumb Code    18  exit.o(.text)
    __user_libspace                          0x000003c5   Thumb Code     8  libspace.o(.text)
    __user_perproc_libspace                  0x000003c5   Thumb Code     0  libspace.o(.text)
    __user_perthread_libspace                0x000003c5   Thumb Code     0  libspace.o(.text)
    _sys_exit                                0x000003cd   Thumb Code     8  sys_exit.o(.text)
    __I$use$semihosting                      0x000003d9   Thumb Code     0  use_no_semi.o(.text)
    __use_no_semihosting_swi                 0x000003d9   Thumb Code     2  use_no_semi.o(.text)
    __semihosting_library_function           0x000003db   Thumb Code     0  indicate_semi.o(.text)
    ADC0_InSeq3                              0x000003dd   Thumb Code    38  adcswtrigger.o(i.ADC0_InSeq3)
    ADC0_InitSWTriggerSeq3                   0x00000409   Thumb Code   984  adcswtrigger.o(i.ADC0_InitSWTriggerSeq3)
    FlashGreen                               0x0000080d   Thumb Code    42  tester.o(i.FlashGreen)
    FlashRed                                 0x00000841   Thumb Code    42  tester.o(i.FlashRed)
    FlashYellow                              0x00000875   Thumb Code    42  tester.o(i.FlashYellow)
    PLL_Init                                 0x000008a9   Thumb Code   120  pll.o(i.PLL_Init)
    RxFifo_Init                              0x00000925   Thumb Code    26  uart2.o(i.RxFifo_Init)
    RxFifo_Put                               0x00000949   Thumb Code    48  uart2.o(i.RxFifo_Put)
    RxFifo_Size                              0x00000985   Thumb Code    14  uart2.o(i.RxFifo_Size)
    Timer0A_Handler                          0x0000099d   Thumb Code    16  timer0.o(i.Timer0A_Handler)
    Timer0_Init                              0x000009b5   Thumb Code   116  timer0.o(i.Timer0_Init)
    TxFifo_Get                               0x00000a3d   Thumb Code    46  uart2.o(i.TxFifo_Get)
    TxFifo_Init                              0x00000a79   Thumb Code    26  uart2.o(i.TxFifo_Init)
    TxFifo_Put                               0x00000a9d   Thumb Code    48  uart2.o(i.TxFifo_Put)
    TxFifo_Size                              0x00000ad9   Thumb Code    14  uart2.o(i.TxFifo_Size)
    UART0_Handler                            0x00000af1   Thumb Code    82  uart2.o(i.UART0_Handler)
    UART_Init                                0x00000b49   Thumb Code   174  uart2.o(i.UART_Init)
    UART_OutChar                             0x00000c15   Thumb Code    46  uart2.o(i.UART_OutChar)
    UART_OutString                           0x00000c49   Thumb Code    22  uart2.o(i.UART_OutString)
    UART_OutUDec                             0x00000c5f   Thumb Code    42  uart2.o(i.UART_OutUDec)
    digitaltest                              0x00000cdd   Thumb Code   324  tester.o(i.digitaltest)
    main                                     0x00000e7d   Thumb Code  4172  tester.o(i.main)
    Region$$Table$$Base                      0x00001ed8   Number         0  anon$$obj.o(Region$$Table)
    Region$$Table$$Limit                     0x00001ef8   Number         0  anon$$obj.o(Region$$Table)
    printLines                               0x20000000   Data           2  tester.o(.data)
    PeriodicTask                             0x20000018   Data           4  timer0.o(.data)
    RxPutI                                   0x2000001c   Data           4  uart2.o(.data)
    RxGetI                                   0x20000020   Data           4  uart2.o(.data)
    TxPutI                                   0x20000024   Data           4  uart2.o(.data)
    TxGetI                                   0x20000028   Data           4  uart2.o(.data)
    __libspace_start                         0x2000004c   Data          96  libspace.o(.bss)
    __temporary_stack_top$libspace           0x200000ac   Data           0  libspace.o(.bss)



==============================================================================

Memory Map of the image

  Image Entry point : 0x0000026d

  Load Region LR_1 (Base: 0x00000000, Size: 0x00001f24, Max: 0xffffffff, ABSOLUTE)

    Execution Region ER_RO (Exec base: 0x00000000, Load base: 0x00000000, Size: 0x00001ef8, Max: 0xffffffff, ABSOLUTE)

    Exec Addr    Load Addr    Size         Type   Attr      Idx    E Section Name        Object

    0x00000000   0x00000000   0x00000294   Code   RO            3  * RESET               startup.o
    0x00000294   0x00000294   0x00000008   Code   RO          275  * !!!main             c_w.l(__main.o)
    0x0000029c   0x0000029c   0x00000034   Code   RO          432    !!!scatter          c_w.l(__scatter.o)
    0x000002d0   0x000002d0   0x0000001a   Code   RO          434    !!handler_copy      c_w.l(__scatter_copy.o)
    0x000002ea   0x000002ea   0x00000002   PAD
    0x000002ec   0x000002ec   0x0000001c   Code   RO          436    !!handler_zi        c_w.l(__scatter_zi.o)
    0x00000308   0x00000308   0x00000002   Code   RO          302    .ARM.Collect$$libinit$$00000000  c_w.l(libinit.o)
    0x0000030a   0x0000030a   0x00000000   Code   RO          309    .ARM.Collect$$libinit$$00000002  c_w.l(libinit2.o)
    0x0000030a   0x0000030a   0x00000000   Code   RO          311    .ARM.Collect$$libinit$$00000004  c_w.l(libinit2.o)
    0x0000030a   0x0000030a   0x00000000   Code   RO          314    .ARM.Collect$$libinit$$0000000A  c_w.l(libinit2.o)
    0x0000030a   0x0000030a   0x00000000   Code   RO          316    .ARM.Collect$$libinit$$0000000C  c_w.l(libinit2.o)
    0x0000030a   0x0000030a   0x00000000   Code   RO          318    .ARM.Collect$$libinit$$0000000E  c_w.l(libinit2.o)
    0x0000030a   0x0000030a   0x00000000   Code   RO          321    .ARM.Collect$$libinit$$00000011  c_w.l(libinit2.o)
    0x0000030a   0x0000030a   0x00000000   Code   RO          323    .ARM.Collect$$libinit$$00000013  c_w.l(libinit2.o)
    0x0000030a   0x0000030a   0x00000000   Code   RO          325    .ARM.Collect$$libinit$$00000015  c_w.l(libinit2.o)
    0x0000030a   0x0000030a   0x00000000   Code   RO          327    .ARM.Collect$$libinit$$00000017  c_w.l(libinit2.o)
    0x0000030a   0x0000030a   0x00000000   Code   RO          329    .ARM.Collect$$libinit$$00000019  c_w.l(libinit2.o)
    0x0000030a   0x0000030a   0x00000000   Code   RO          331    .ARM.Collect$$libinit$$0000001B  c_w.l(libinit2.o)
    0x0000030a   0x0000030a   0x00000000   Code   RO          333    .ARM.Collect$$libinit$$0000001D  c_w.l(libinit2.o)
    0x0000030a   0x0000030a   0x00000000   Code   RO          335    .ARM.Collect$$libinit$$0000001F  c_w.l(libinit2.o)
    0x0000030a   0x0000030a   0x00000000   Code   RO          337    .ARM.Collect$$libinit$$00000021  c_w.l(libinit2.o)
    0x0000030a   0x0000030a   0x00000000   Code   RO          339    .ARM.Collect$$libinit$$00000023  c_w.l(libinit2.o)
    0x0000030a   0x0000030a   0x00000000   Code   RO          341    .ARM.Collect$$libinit$$00000025  c_w.l(libinit2.o)
    0x0000030a   0x0000030a   0x00000000   Code   RO          345    .ARM.Collect$$libinit$$0000002C  c_w.l(libinit2.o)
    0x0000030a   0x0000030a   0x00000000   Code   RO          347    .ARM.Collect$$libinit$$0000002E  c_w.l(libinit2.o)
    0x0000030a   0x0000030a   0x00000000   Code   RO          349    .ARM.Collect$$libinit$$00000030  c_w.l(libinit2.o)
    0x0000030a   0x0000030a   0x00000000   Code   RO          351    .ARM.Collect$$libinit$$00000032  c_w.l(libinit2.o)
    0x0000030a   0x0000030a   0x00000002   Code   RO          352    .ARM.Collect$$libinit$$00000033  c_w.l(libinit2.o)
    0x0000030c   0x0000030c   0x00000002   Code   RO          372    .ARM.Collect$$libshutdown$$00000000  c_w.l(libshutdown.o)
    0x0000030e   0x0000030e   0x00000000   Code   RO          385    .ARM.Collect$$libshutdown$$00000002  c_w.l(libshutdown2.o)
    0x0000030e   0x0000030e   0x00000000   Code   RO          387    .ARM.Collect$$libshutdown$$00000004  c_w.l(libshutdown2.o)
    0x0000030e   0x0000030e   0x00000000   Code   RO          390    .ARM.Collect$$libshutdown$$00000007  c_w.l(libshutdown2.o)
    0x0000030e   0x0000030e   0x00000000   Code   RO          393    .ARM.Collect$$libshutdown$$0000000A  c_w.l(libshutdown2.o)
    0x0000030e   0x0000030e   0x00000000   Code   RO          395    .ARM.Collect$$libshutdown$$0000000C  c_w.l(libshutdown2.o)
    0x0000030e   0x0000030e   0x00000000   Code   RO          398    .ARM.Collect$$libshutdown$$0000000F  c_w.l(libshutdown2.o)
    0x0000030e   0x0000030e   0x00000002   Code   RO          399    .ARM.Collect$$libshutdown$$00000010  c_w.l(libshutdown2.o)
    0x00000310   0x00000310   0x00000000   Code   RO          277    .ARM.Collect$$rtentry$$00000000  c_w.l(__rtentry.o)
    0x00000310   0x00000310   0x00000000   Code   RO          279    .ARM.Collect$$rtentry$$00000002  c_w.l(__rtentry2.o)
    0x00000310   0x00000310   0x00000006   Code   RO          291    .ARM.Collect$$rtentry$$00000004  c_w.l(__rtentry4.o)
    0x00000316   0x00000316   0x00000000   Code   RO          281    .ARM.Collect$$rtentry$$00000009  c_w.l(__rtentry2.o)
    0x00000316   0x00000316   0x00000004   Code   RO          282    .ARM.Collect$$rtentry$$0000000A  c_w.l(__rtentry2.o)
    0x0000031a   0x0000031a   0x00000000   Code   RO          284    .ARM.Collect$$rtentry$$0000000C  c_w.l(__rtentry2.o)
    0x0000031a   0x0000031a   0x00000008   Code   RO          285    .ARM.Collect$$rtentry$$0000000D  c_w.l(__rtentry2.o)
    0x00000322   0x00000322   0x00000002   Code   RO          306    .ARM.Collect$$rtexit$$00000000  c_w.l(rtexit.o)
    0x00000324   0x00000324   0x00000000   Code   RO          354    .ARM.Collect$$rtexit$$00000002  c_w.l(rtexit2.o)
    0x00000324   0x00000324   0x00000004   Code   RO          355    .ARM.Collect$$rtexit$$00000003  c_w.l(rtexit2.o)
    0x00000328   0x00000328   0x00000006   Code   RO          356    .ARM.Collect$$rtexit$$00000004  c_w.l(rtexit2.o)
    0x0000032e   0x0000032e   0x00000002   PAD
    0x00000330   0x00000330   0x00000030   Code   RO            4    .text               startup.o
    0x00000360   0x00000360   0x00000006   Code   RO          273    .text               c_w.l(heapauxi.o)
    0x00000366   0x00000366   0x0000004a   Code   RO          293    .text               c_w.l(sys_stackheap_outer.o)
    0x000003b0   0x000003b0   0x00000012   Code   RO          295    .text               c_w.l(exit.o)
    0x000003c2   0x000003c2   0x00000002   PAD
    0x000003c4   0x000003c4   0x00000008   Code   RO          303    .text               c_w.l(libspace.o)
    0x000003cc   0x000003cc   0x0000000c   Code   RO          364    .text               c_w.l(sys_exit.o)
    0x000003d8   0x000003d8   0x00000002   Code   RO          375    .text               c_w.l(use_no_semi.o)
    0x000003da   0x000003da   0x00000000   Code   RO          377    .text               c_w.l(indicate_semi.o)
    0x000003da   0x000003da   0x00000002   PAD
    0x000003dc   0x000003dc   0x0000002c   Code   RO           12    i.ADC0_InSeq3       adcswtrigger.o
    0x00000408   0x00000408   0x00000404   Code   RO           14    i.ADC0_InitSWTriggerSeq3  adcswtrigger.o
    0x0000080c   0x0000080c   0x00000034   Code   RO           63    i.FlashGreen        tester.o
    0x00000840   0x00000840   0x00000034   Code   RO           64    i.FlashRed          tester.o
    0x00000874   0x00000874   0x00000034   Code   RO           65    i.FlashYellow       tester.o
    0x000008a8   0x000008a8   0x0000007c   Code   RO           46    i.PLL_Init          pll.o
    0x00000924   0x00000924   0x00000024   Code   RO          141    i.RxFifo_Init       uart2.o
    0x00000948   0x00000948   0x0000003c   Code   RO          142    i.RxFifo_Put        uart2.o
    0x00000984   0x00000984   0x00000018   Code   RO          143    i.RxFifo_Size       uart2.o
    0x0000099c   0x0000099c   0x00000018   Code   RO          119    i.Timer0A_Handler   timer0.o
    0x000009b4   0x000009b4   0x00000088   Code   RO          120    i.Timer0_Init       timer0.o
    0x00000a3c   0x00000a3c   0x0000003c   Code   RO          144    i.TxFifo_Get        uart2.o
    0x00000a78   0x00000a78   0x00000024   Code   RO          145    i.TxFifo_Init       uart2.o
    0x00000a9c   0x00000a9c   0x0000003c   Code   RO          146    i.TxFifo_Put        uart2.o
    0x00000ad8   0x00000ad8   0x00000018   Code   RO          147    i.TxFifo_Size       uart2.o
    0x00000af0   0x00000af0   0x00000058   Code   RO          148    i.UART0_Handler     uart2.o
    0x00000b48   0x00000b48   0x000000cc   Code   RO          153    i.UART_Init         uart2.o
    0x00000c14   0x00000c14   0x00000034   Code   RO          154    i.UART_OutChar      uart2.o
    0x00000c48   0x00000c48   0x00000016   Code   RO          155    i.UART_OutString    uart2.o
    0x00000c5e   0x00000c5e   0x0000002a   Code   RO          156    i.UART_OutUDec      uart2.o
    0x00000c88   0x00000c88   0x00000028   Code   RO          158    i.copyHardwareToSoftware  uart2.o
    0x00000cb0   0x00000cb0   0x0000002c   Code   RO          159    i.copySoftwareToHardware  uart2.o
    0x00000cdc   0x00000cdc   0x000001a0   Code   RO           66    i.digitaltest       tester.o
    0x00000e7c   0x00000e7c   0x0000105c   Code   RO           67    i.main              tester.o
    0x00001ed8   0x00001ed8   0x00000020   Data   RO          430    Region$$Table       anon$$obj.o


    Execution Region ER_RW (Exec base: 0x20000000, Load base: 0x00001ef8, Size: 0x0000002c, Max: 0xffffffff, ABSOLUTE)

    Exec Addr    Load Addr    Size         Type   Attr      Idx    E Section Name        Object

    0x20000000   0x00001ef8   0x00000018   Data   RW           69    .data               tester.o
    0x20000018   0x00001f10   0x00000004   Data   RW          121    .data               timer0.o
    0x2000001c   0x00001f14   0x00000010   Data   RW          161    .data               uart2.o


    Execution Region ER_ZI (Exec base: 0x2000002c, Load base: 0x00001f24, Size: 0x00000484, Max: 0xffffffff, ABSOLUTE)

    Exec Addr    Load Addr    Size         Type   Attr      Idx    E Section Name        Object

    0x2000002c        -       0x00000020   Zero   RW          160    .bss                uart2.o
    0x2000004c        -       0x00000060   Zero   RW          304    .bss                c_w.l(libspace.o)
    0x200000ac   0x00001f24   0x00000004   PAD
    0x200000b0        -       0x00000000   Zero   RW            2    HEAP                startup.o
    0x200000b0        -       0x00000400   Zero   RW            1    STACK               startup.o


==============================================================================

Image component sizes


      Code (inc. data)   RO Data    RW Data    ZI Data      Debug   Object Name

      1072         74          0          0          0       2779   adcswtrigger.o
       124          4          0          0          0        407   pll.o
       708        632          0          0       1024        976   startup.o
      4760       1188          0         24          0      10044   tester.o
       160         28          0          4          0       2403   timer0.o
       792        130          0         16         32       8620   uart2.o

    ----------------------------------------------------------------------
      7616       2056         32         44       1056      25229   Object Totals
         0          0         32          0          0          0   (incl. Generated)
         0          0          0          0          0          0   (incl. Padding)

    ----------------------------------------------------------------------

      Code (inc. data)   RO Data    RW Data    ZI Data      Debug   Library Member Name

         8          0          0          0          0         68   __main.o
         0          0          0          0          0          0   __rtentry.o
        12          0          0          0          0          0   __rtentry2.o
         6          0          0          0          0          0   __rtentry4.o
        52          8          0          0          0          0   __scatter.o
        26          0          0          0          0          0   __scatter_copy.o
        28          0          0          0          0          0   __scatter_zi.o
        18          0          0          0          0         80   exit.o
         6          0          0          0          0        152   heapauxi.o
         0          0          0          0          0          0   indicate_semi.o
         2          0          0          0          0          0   libinit.o
         2          0          0          0          0          0   libinit2.o
         2          0          0          0          0          0   libshutdown.o
         2          0          0          0          0          0   libshutdown2.o
         8          4          0          0         96         68   libspace.o
         2          0          0          0          0          0   rtexit.o
        10          0          0          0          0          0   rtexit2.o
        12          4          0          0          0         68   sys_exit.o
        74          0          0          0          0         80   sys_stackheap_outer.o
         2          0          0          0          0         68   use_no_semi.o

    ----------------------------------------------------------------------
       280         16          0          0        100        584   Library Totals
         8          0          0          0          4          0   (incl. Padding)

    ----------------------------------------------------------------------

      Code (inc. data)   RO Data    RW Data    ZI Data      Debug   Library Name

       272         16          0          0         96        584   c_w.l

    ----------------------------------------------------------------------
       280         16          0          0        100        584   Library Totals

    ----------------------------------------------------------------------

==============================================================================


      Code (inc. data)   RO Data    RW Data    ZI Data      Debug   

      7896       2072         32         44       1156      24561   Grand Totals
      7896       2072         32         44       1156      24561   ELF Image Totals
      7896       2072         32         44          0          0   ROM Totals

==============================================================================

    Total RO  Size (Code + RO Data)                 7928 (   7.74kB)
    Total RW  Size (RW Data + ZI Data)              1200 (   1.17kB)
    Total ROM Size (Code + RO Data + RW Data)       7972 (   7.79kB)

==============================================================================

