<!doctype html public "-//w3c//dtd html 4.0 transitional//en">
<html><head>
<title>Static Call Graph - [.\SSD1306.axf]</title></head>
<body><HR>
<H1>Static Call Graph for image .\SSD1306.axf</H1><HR>
<BR><P>#&#060CALLGRAPH&#062# ARM Linker, 5060750: Last Updated: Sat Jan 09 16:17:11 2021
<BR><P>
<H3>Maximum Stack Usage =         56 bytes + Unknown(Functions without stacksize, Cycles, Untraceable Function Pointers)</H3><H3>
Call chain for Maximum Stack Depth:</H3>
main &rArr; SSD1306_Init &rArr; SSD1306_ClearBuffer &rArr; SSD1306_SetCursor &rArr; ssd1306command &rArr; I2C3_Send2
<P>
<H3>
Functions with no stack information
</H3><UL>
 <LI><a href="#[7d]">Reset_Handler</a>
</UL>
</UL>
<P>
<H3>
Mutually Recursive functions
</H3> <LI><a href="#[1]">NMI_Handler</a>&nbsp;&nbsp;&nbsp;&rArr;&nbsp;&nbsp;&nbsp;<a href="#[1]">NMI_Handler</a><BR>
 <LI><a href="#[2]">HardFault_Handler</a>&nbsp;&nbsp;&nbsp;&rArr;&nbsp;&nbsp;&nbsp;<a href="#[2]">HardFault_Handler</a><BR>
 <LI><a href="#[3]">MemManage_Handler</a>&nbsp;&nbsp;&nbsp;&rArr;&nbsp;&nbsp;&nbsp;<a href="#[3]">MemManage_Handler</a><BR>
 <LI><a href="#[4]">BusFault_Handler</a>&nbsp;&nbsp;&nbsp;&rArr;&nbsp;&nbsp;&nbsp;<a href="#[4]">BusFault_Handler</a><BR>
 <LI><a href="#[5]">UsageFault_Handler</a>&nbsp;&nbsp;&nbsp;&rArr;&nbsp;&nbsp;&nbsp;<a href="#[5]">UsageFault_Handler</a><BR>
 <LI><a href="#[6]">SVC_Handler</a>&nbsp;&nbsp;&nbsp;&rArr;&nbsp;&nbsp;&nbsp;<a href="#[6]">SVC_Handler</a><BR>
 <LI><a href="#[7]">DebugMon_Handler</a>&nbsp;&nbsp;&nbsp;&rArr;&nbsp;&nbsp;&nbsp;<a href="#[7]">DebugMon_Handler</a><BR>
 <LI><a href="#[8]">PendSV_Handler</a>&nbsp;&nbsp;&nbsp;&rArr;&nbsp;&nbsp;&nbsp;<a href="#[8]">PendSV_Handler</a><BR>
 <LI><a href="#[18]">ADC0Seq0_Handler</a>&nbsp;&nbsp;&nbsp;&rArr;&nbsp;&nbsp;&nbsp;<a href="#[18]">ADC0Seq0_Handler</a><BR>
 <LI><a href="#[81]">Clock_Delay</a>&nbsp;&nbsp;&nbsp;&rArr;&nbsp;&nbsp;&nbsp;<a href="#[81]">Clock_Delay</a><BR>
</UL>
<P>
<H3>
Function Pointers
</H3><UL>
 <LI><a href="#[18]">ADC0Seq0_Handler</a> from startup.o(RESET) referenced from startup.o(RESET)
 <LI><a href="#[19]">ADC0Seq1_Handler</a> from startup.o(RESET) referenced from startup.o(RESET)
 <LI><a href="#[1a]">ADC0Seq2_Handler</a> from startup.o(RESET) referenced from startup.o(RESET)
 <LI><a href="#[1b]">ADC0Seq3_Handler</a> from startup.o(RESET) referenced from startup.o(RESET)
 <LI><a href="#[3a]">ADC1Seq0_Handler</a> from startup.o(RESET) referenced from startup.o(RESET)
 <LI><a href="#[3b]">ADC1Seq1_Handler</a> from startup.o(RESET) referenced from startup.o(RESET)
 <LI><a href="#[3c]">ADC1Seq2_Handler</a> from startup.o(RESET) referenced from startup.o(RESET)
 <LI><a href="#[3d]">ADC1Seq3_Handler</a> from startup.o(RESET) referenced from startup.o(RESET)
 <LI><a href="#[4]">BusFault_Handler</a> from startup.o(RESET) referenced from startup.o(RESET)
 <LI><a href="#[31]">CAN0_Handler</a> from startup.o(RESET) referenced from startup.o(RESET)
 <LI><a href="#[32]">CAN1_Handler</a> from startup.o(RESET) referenced from startup.o(RESET)
 <LI><a href="#[33]">CAN2_Handler</a> from startup.o(RESET) referenced from startup.o(RESET)
 <LI><a href="#[23]">Comp0_Handler</a> from startup.o(RESET) referenced from startup.o(RESET)
 <LI><a href="#[24]">Comp1_Handler</a> from startup.o(RESET) referenced from startup.o(RESET)
 <LI><a href="#[25]">Comp2_Handler</a> from startup.o(RESET) referenced from startup.o(RESET)
 <LI><a href="#[7]">DebugMon_Handler</a> from startup.o(RESET) referenced from startup.o(RESET)
 <LI><a href="#[34]">Ethernet_Handler</a> from startup.o(RESET) referenced from startup.o(RESET)
 <LI><a href="#[3f]">ExtBus_Handler</a> from startup.o(RESET) referenced from startup.o(RESET)
 <LI><a href="#[5c]">FPU_Handler</a> from startup.o(RESET) referenced from startup.o(RESET)
 <LI><a href="#[64]">Fan0_Handler</a> from startup.o(RESET) referenced from startup.o(RESET)
 <LI><a href="#[27]">FlashCtl_Handler</a> from startup.o(RESET) referenced from startup.o(RESET)
 <LI><a href="#[a]">GPIOPortA_Handler</a> from startup.o(RESET) referenced from startup.o(RESET)
 <LI><a href="#[b]">GPIOPortB_Handler</a> from startup.o(RESET) referenced from startup.o(RESET)
 <LI><a href="#[c]">GPIOPortC_Handler</a> from startup.o(RESET) referenced from startup.o(RESET)
 <LI><a href="#[d]">GPIOPortD_Handler</a> from startup.o(RESET) referenced from startup.o(RESET)
 <LI><a href="#[e]">GPIOPortE_Handler</a> from startup.o(RESET) referenced from startup.o(RESET)
 <LI><a href="#[28]">GPIOPortF_Handler</a> from startup.o(RESET) referenced from startup.o(RESET)
 <LI><a href="#[29]">GPIOPortG_Handler</a> from startup.o(RESET) referenced from startup.o(RESET)
 <LI><a href="#[2a]">GPIOPortH_Handler</a> from startup.o(RESET) referenced from startup.o(RESET)
 <LI><a href="#[40]">GPIOPortJ_Handler</a> from startup.o(RESET) referenced from startup.o(RESET)
 <LI><a href="#[41]">GPIOPortK_Handler</a> from startup.o(RESET) referenced from startup.o(RESET)
 <LI><a href="#[42]">GPIOPortL_Handler</a> from startup.o(RESET) referenced from startup.o(RESET)
 <LI><a href="#[61]">GPIOPortM_Handler</a> from startup.o(RESET) referenced from startup.o(RESET)
 <LI><a href="#[62]">GPIOPortN_Handler</a> from startup.o(RESET) referenced from startup.o(RESET)
 <LI><a href="#[66]">GPIOPortP1_Handler</a> from startup.o(RESET) referenced from startup.o(RESET)
 <LI><a href="#[67]">GPIOPortP2_Handler</a> from startup.o(RESET) referenced from startup.o(RESET)
 <LI><a href="#[68]">GPIOPortP3_Handler</a> from startup.o(RESET) referenced from startup.o(RESET)
 <LI><a href="#[69]">GPIOPortP4_Handler</a> from startup.o(RESET) referenced from startup.o(RESET)
 <LI><a href="#[6a]">GPIOPortP5_Handler</a> from startup.o(RESET) referenced from startup.o(RESET)
 <LI><a href="#[6b]">GPIOPortP6_Handler</a> from startup.o(RESET) referenced from startup.o(RESET)
 <LI><a href="#[6c]">GPIOPortP7_Handler</a> from startup.o(RESET) referenced from startup.o(RESET)
 <LI><a href="#[65]">GPIOPortP_Handler</a> from startup.o(RESET) referenced from startup.o(RESET)
 <LI><a href="#[6e]">GPIOPortQ1_Handler</a> from startup.o(RESET) referenced from startup.o(RESET)
 <LI><a href="#[6f]">GPIOPortQ2_Handler</a> from startup.o(RESET) referenced from startup.o(RESET)
 <LI><a href="#[70]">GPIOPortQ3_Handler</a> from startup.o(RESET) referenced from startup.o(RESET)
 <LI><a href="#[71]">GPIOPortQ4_Handler</a> from startup.o(RESET) referenced from startup.o(RESET)
 <LI><a href="#[72]">GPIOPortQ5_Handler</a> from startup.o(RESET) referenced from startup.o(RESET)
 <LI><a href="#[73]">GPIOPortQ6_Handler</a> from startup.o(RESET) referenced from startup.o(RESET)
 <LI><a href="#[74]">GPIOPortQ7_Handler</a> from startup.o(RESET) referenced from startup.o(RESET)
 <LI><a href="#[6d]">GPIOPortQ_Handler</a> from startup.o(RESET) referenced from startup.o(RESET)
 <LI><a href="#[75]">GPIOPortR_Handler</a> from startup.o(RESET) referenced from startup.o(RESET)
 <LI><a href="#[76]">GPIOPortS_Handler</a> from startup.o(RESET) referenced from startup.o(RESET)
 <LI><a href="#[2]">HardFault_Handler</a> from startup.o(RESET) referenced from startup.o(RESET)
 <LI><a href="#[35]">Hibernate_Handler</a> from startup.o(RESET) referenced from startup.o(RESET)
 <LI><a href="#[12]">I2C0_Handler</a> from startup.o(RESET) referenced from startup.o(RESET)
 <LI><a href="#[2f]">I2C1_Handler</a> from startup.o(RESET) referenced from startup.o(RESET)
 <LI><a href="#[4a]">I2C2_Handler</a> from startup.o(RESET) referenced from startup.o(RESET)
 <LI><a href="#[4b]">I2C3_Handler</a> from startup.o(RESET) referenced from startup.o(RESET)
 <LI><a href="#[5f]">I2C4_Handler</a> from startup.o(RESET) referenced from startup.o(RESET)
 <LI><a href="#[60]">I2C5_Handler</a> from startup.o(RESET) referenced from startup.o(RESET)
 <LI><a href="#[3e]">I2S0_Handler</a> from startup.o(RESET) referenced from startup.o(RESET)
 <LI><a href="#[5e]">LPC0_Handler</a> from startup.o(RESET) referenced from startup.o(RESET)
 <LI><a href="#[3]">MemManage_Handler</a> from startup.o(RESET) referenced from startup.o(RESET)
 <LI><a href="#[1]">NMI_Handler</a> from startup.o(RESET) referenced from startup.o(RESET)
 <LI><a href="#[5d]">PECI0_Handler</a> from startup.o(RESET) referenced from startup.o(RESET)
 <LI><a href="#[13]">PWM0Fault_Handler</a> from startup.o(RESET) referenced from startup.o(RESET)
 <LI><a href="#[14]">PWM0Generator0_Handler</a> from startup.o(RESET) referenced from startup.o(RESET)
 <LI><a href="#[15]">PWM0Generator1_Handler</a> from startup.o(RESET) referenced from startup.o(RESET)
 <LI><a href="#[16]">PWM0Generator2_Handler</a> from startup.o(RESET) referenced from startup.o(RESET)
 <LI><a href="#[37]">PWM0Generator3_Handler</a> from startup.o(RESET) referenced from startup.o(RESET)
 <LI><a href="#[7b]">PWM1Fault_Handler</a> from startup.o(RESET) referenced from startup.o(RESET)
 <LI><a href="#[77]">PWM1Generator0_Handler</a> from startup.o(RESET) referenced from startup.o(RESET)
 <LI><a href="#[78]">PWM1Generator1_Handler</a> from startup.o(RESET) referenced from startup.o(RESET)
 <LI><a href="#[79]">PWM1Generator2_Handler</a> from startup.o(RESET) referenced from startup.o(RESET)
 <LI><a href="#[7a]">PWM1Generator3_Handler</a> from startup.o(RESET) referenced from startup.o(RESET)
 <LI><a href="#[8]">PendSV_Handler</a> from startup.o(RESET) referenced from startup.o(RESET)
 <LI><a href="#[17]">Quadrature0_Handler</a> from startup.o(RESET) referenced from startup.o(RESET)
 <LI><a href="#[30]">Quadrature1_Handler</a> from startup.o(RESET) referenced from startup.o(RESET)
 <LI><a href="#[63]">Quadrature2_Handler</a> from startup.o(RESET) referenced from startup.o(RESET)
 <LI><a href="#[7d]">Reset_Handler</a> from startup.o(RESET) referenced from startup.o(RESET)
 <LI><a href="#[11]">SSI0_Handler</a> from startup.o(RESET) referenced from startup.o(RESET)
 <LI><a href="#[2c]">SSI1_Handler</a> from startup.o(RESET) referenced from startup.o(RESET)
 <LI><a href="#[43]">SSI2_Handler</a> from startup.o(RESET) referenced from startup.o(RESET)
 <LI><a href="#[44]">SSI3_Handler</a> from startup.o(RESET) referenced from startup.o(RESET)
 <LI><a href="#[6]">SVC_Handler</a> from startup.o(RESET) referenced from startup.o(RESET)
 <LI><a href="#[26]">SysCtl_Handler</a> from startup.o(RESET) referenced from startup.o(RESET)
 <LI><a href="#[9]">SysTick_Handler</a> from ssd1306testmain.o(i.SysTick_Handler) referenced from startup.o(RESET)
 <LI><a href="#[1d]">Timer0A_Handler</a> from startup.o(RESET) referenced from startup.o(RESET)
 <LI><a href="#[1e]">Timer0B_Handler</a> from startup.o(RESET) referenced from startup.o(RESET)
 <LI><a href="#[1f]">Timer1A_Handler</a> from startup.o(RESET) referenced from startup.o(RESET)
 <LI><a href="#[20]">Timer1B_Handler</a> from startup.o(RESET) referenced from startup.o(RESET)
 <LI><a href="#[21]">Timer2A_Handler</a> from timer2a.o(i.Timer2A_Handler) referenced from startup.o(RESET)
 <LI><a href="#[22]">Timer2B_Handler</a> from startup.o(RESET) referenced from startup.o(RESET)
 <LI><a href="#[2d]">Timer3A_Handler</a> from startup.o(RESET) referenced from startup.o(RESET)
 <LI><a href="#[2e]">Timer3B_Handler</a> from startup.o(RESET) referenced from startup.o(RESET)
 <LI><a href="#[4c]">Timer4A_Handler</a> from startup.o(RESET) referenced from startup.o(RESET)
 <LI><a href="#[4d]">Timer4B_Handler</a> from startup.o(RESET) referenced from startup.o(RESET)
 <LI><a href="#[4e]">Timer5A_Handler</a> from startup.o(RESET) referenced from startup.o(RESET)
 <LI><a href="#[4f]">Timer5B_Handler</a> from startup.o(RESET) referenced from startup.o(RESET)
 <LI><a href="#[f]">UART0_Handler</a> from startup.o(RESET) referenced from startup.o(RESET)
 <LI><a href="#[10]">UART1_Handler</a> from startup.o(RESET) referenced from startup.o(RESET)
 <LI><a href="#[2b]">UART2_Handler</a> from startup.o(RESET) referenced from startup.o(RESET)
 <LI><a href="#[45]">UART3_Handler</a> from startup.o(RESET) referenced from startup.o(RESET)
 <LI><a href="#[46]">UART4_Handler</a> from startup.o(RESET) referenced from startup.o(RESET)
 <LI><a href="#[47]">UART5_Handler</a> from startup.o(RESET) referenced from startup.o(RESET)
 <LI><a href="#[48]">UART6_Handler</a> from startup.o(RESET) referenced from startup.o(RESET)
 <LI><a href="#[49]">UART7_Handler</a> from startup.o(RESET) referenced from startup.o(RESET)
 <LI><a href="#[36]">USB0_Handler</a> from startup.o(RESET) referenced from startup.o(RESET)
 <LI><a href="#[5]">UsageFault_Handler</a> from startup.o(RESET) referenced from startup.o(RESET)
 <LI><a href="#[1c]">WDT_Handler</a> from startup.o(RESET) referenced from startup.o(RESET)
 <LI><a href="#[50]">WideTimer0A_Handler</a> from startup.o(RESET) referenced from startup.o(RESET)
 <LI><a href="#[51]">WideTimer0B_Handler</a> from startup.o(RESET) referenced from startup.o(RESET)
 <LI><a href="#[52]">WideTimer1A_Handler</a> from startup.o(RESET) referenced from startup.o(RESET)
 <LI><a href="#[53]">WideTimer1B_Handler</a> from startup.o(RESET) referenced from startup.o(RESET)
 <LI><a href="#[54]">WideTimer2A_Handler</a> from startup.o(RESET) referenced from startup.o(RESET)
 <LI><a href="#[55]">WideTimer2B_Handler</a> from startup.o(RESET) referenced from startup.o(RESET)
 <LI><a href="#[56]">WideTimer3A_Handler</a> from startup.o(RESET) referenced from startup.o(RESET)
 <LI><a href="#[57]">WideTimer3B_Handler</a> from startup.o(RESET) referenced from startup.o(RESET)
 <LI><a href="#[58]">WideTimer4A_Handler</a> from startup.o(RESET) referenced from startup.o(RESET)
 <LI><a href="#[59]">WideTimer4B_Handler</a> from startup.o(RESET) referenced from startup.o(RESET)
 <LI><a href="#[5a]">WideTimer5A_Handler</a> from startup.o(RESET) referenced from startup.o(RESET)
 <LI><a href="#[5b]">WideTimer5B_Handler</a> from startup.o(RESET) referenced from startup.o(RESET)
 <LI><a href="#[7c]">main</a> from ssd1306testmain.o(i.main) referenced from entry9a.o(.ARM.Collect$$$$0000000B)
 <LI><a href="#[39]">uDMA_Error</a> from startup.o(RESET) referenced from startup.o(RESET)
 <LI><a href="#[38]">uDMA_Handler</a> from startup.o(RESET) referenced from startup.o(RESET)
</UL>
<P>
<H3>
Global Symbols
</H3>
<P><STRONG><a name="[7d]"></a>Reset_Handler</STRONG> (Thumb, 0 bytes, Stack size unknown bytes, startup.o(RESET))
<BR><BR>[Calls]<UL><LI><a href="#[7e]">&gt;&gt;</a>&nbsp;&nbsp;&nbsp;__main
</UL>

<P><STRONG><a name="[1]"></a>NMI_Handler</STRONG> (Thumb, 2 bytes, Stack size 0 bytes, startup.o(RESET))
<BR><BR>[Calls]<UL><LI><a href="#[1]">&gt;&gt;</a>&nbsp;&nbsp;&nbsp;NMI_Handler
</UL>
<BR>[Called By]<UL><LI><a href="#[1]">&gt;&gt;</a>&nbsp;&nbsp;&nbsp;NMI_Handler
</UL>
<BR>[Address Reference Count : 1]<UL><LI> startup.o(RESET)
</UL>
<P><STRONG><a name="[2]"></a>HardFault_Handler</STRONG> (Thumb, 2 bytes, Stack size 0 bytes, startup.o(RESET))
<BR><BR>[Calls]<UL><LI><a href="#[2]">&gt;&gt;</a>&nbsp;&nbsp;&nbsp;HardFault_Handler
</UL>
<BR>[Called By]<UL><LI><a href="#[2]">&gt;&gt;</a>&nbsp;&nbsp;&nbsp;HardFault_Handler
</UL>
<BR>[Address Reference Count : 1]<UL><LI> startup.o(RESET)
</UL>
<P><STRONG><a name="[3]"></a>MemManage_Handler</STRONG> (Thumb, 2 bytes, Stack size 0 bytes, startup.o(RESET))
<BR><BR>[Calls]<UL><LI><a href="#[3]">&gt;&gt;</a>&nbsp;&nbsp;&nbsp;MemManage_Handler
</UL>
<BR>[Called By]<UL><LI><a href="#[3]">&gt;&gt;</a>&nbsp;&nbsp;&nbsp;MemManage_Handler
</UL>
<BR>[Address Reference Count : 1]<UL><LI> startup.o(RESET)
</UL>
<P><STRONG><a name="[4]"></a>BusFault_Handler</STRONG> (Thumb, 2 bytes, Stack size 0 bytes, startup.o(RESET))
<BR><BR>[Calls]<UL><LI><a href="#[4]">&gt;&gt;</a>&nbsp;&nbsp;&nbsp;BusFault_Handler
</UL>
<BR>[Called By]<UL><LI><a href="#[4]">&gt;&gt;</a>&nbsp;&nbsp;&nbsp;BusFault_Handler
</UL>
<BR>[Address Reference Count : 1]<UL><LI> startup.o(RESET)
</UL>
<P><STRONG><a name="[5]"></a>UsageFault_Handler</STRONG> (Thumb, 2 bytes, Stack size 0 bytes, startup.o(RESET))
<BR><BR>[Calls]<UL><LI><a href="#[5]">&gt;&gt;</a>&nbsp;&nbsp;&nbsp;UsageFault_Handler
</UL>
<BR>[Called By]<UL><LI><a href="#[5]">&gt;&gt;</a>&nbsp;&nbsp;&nbsp;UsageFault_Handler
</UL>
<BR>[Address Reference Count : 1]<UL><LI> startup.o(RESET)
</UL>
<P><STRONG><a name="[6]"></a>SVC_Handler</STRONG> (Thumb, 2 bytes, Stack size 0 bytes, startup.o(RESET))
<BR><BR>[Calls]<UL><LI><a href="#[6]">&gt;&gt;</a>&nbsp;&nbsp;&nbsp;SVC_Handler
</UL>
<BR>[Called By]<UL><LI><a href="#[6]">&gt;&gt;</a>&nbsp;&nbsp;&nbsp;SVC_Handler
</UL>
<BR>[Address Reference Count : 1]<UL><LI> startup.o(RESET)
</UL>
<P><STRONG><a name="[7]"></a>DebugMon_Handler</STRONG> (Thumb, 2 bytes, Stack size 0 bytes, startup.o(RESET))
<BR><BR>[Calls]<UL><LI><a href="#[7]">&gt;&gt;</a>&nbsp;&nbsp;&nbsp;DebugMon_Handler
</UL>
<BR>[Called By]<UL><LI><a href="#[7]">&gt;&gt;</a>&nbsp;&nbsp;&nbsp;DebugMon_Handler
</UL>
<BR>[Address Reference Count : 1]<UL><LI> startup.o(RESET)
</UL>
<P><STRONG><a name="[8]"></a>PendSV_Handler</STRONG> (Thumb, 2 bytes, Stack size 0 bytes, startup.o(RESET))
<BR><BR>[Calls]<UL><LI><a href="#[8]">&gt;&gt;</a>&nbsp;&nbsp;&nbsp;PendSV_Handler
</UL>
<BR>[Called By]<UL><LI><a href="#[8]">&gt;&gt;</a>&nbsp;&nbsp;&nbsp;PendSV_Handler
</UL>
<BR>[Address Reference Count : 1]<UL><LI> startup.o(RESET)
</UL>
<P><STRONG><a name="[18]"></a>ADC0Seq0_Handler</STRONG> (Thumb, 0 bytes, Stack size 0 bytes, startup.o(RESET))
<BR><BR>[Calls]<UL><LI><a href="#[18]">&gt;&gt;</a>&nbsp;&nbsp;&nbsp;ADC0Seq0_Handler
</UL>
<BR>[Called By]<UL><LI><a href="#[18]">&gt;&gt;</a>&nbsp;&nbsp;&nbsp;ADC0Seq0_Handler
</UL>
<BR>[Address Reference Count : 1]<UL><LI> startup.o(RESET)
</UL>
<P><STRONG><a name="[19]"></a>ADC0Seq1_Handler</STRONG> (Thumb, 0 bytes, Stack size 0 bytes, startup.o(RESET))
<BR>[Address Reference Count : 1]<UL><LI> startup.o(RESET)
</UL>
<P><STRONG><a name="[1a]"></a>ADC0Seq2_Handler</STRONG> (Thumb, 0 bytes, Stack size 0 bytes, startup.o(RESET))
<BR>[Address Reference Count : 1]<UL><LI> startup.o(RESET)
</UL>
<P><STRONG><a name="[1b]"></a>ADC0Seq3_Handler</STRONG> (Thumb, 0 bytes, Stack size 0 bytes, startup.o(RESET))
<BR>[Address Reference Count : 1]<UL><LI> startup.o(RESET)
</UL>
<P><STRONG><a name="[3a]"></a>ADC1Seq0_Handler</STRONG> (Thumb, 0 bytes, Stack size 0 bytes, startup.o(RESET))
<BR>[Address Reference Count : 1]<UL><LI> startup.o(RESET)
</UL>
<P><STRONG><a name="[3b]"></a>ADC1Seq1_Handler</STRONG> (Thumb, 0 bytes, Stack size 0 bytes, startup.o(RESET))
<BR>[Address Reference Count : 1]<UL><LI> startup.o(RESET)
</UL>
<P><STRONG><a name="[3c]"></a>ADC1Seq2_Handler</STRONG> (Thumb, 0 bytes, Stack size 0 bytes, startup.o(RESET))
<BR>[Address Reference Count : 1]<UL><LI> startup.o(RESET)
</UL>
<P><STRONG><a name="[3d]"></a>ADC1Seq3_Handler</STRONG> (Thumb, 0 bytes, Stack size 0 bytes, startup.o(RESET))
<BR>[Address Reference Count : 1]<UL><LI> startup.o(RESET)
</UL>
<P><STRONG><a name="[31]"></a>CAN0_Handler</STRONG> (Thumb, 0 bytes, Stack size 0 bytes, startup.o(RESET))
<BR>[Address Reference Count : 1]<UL><LI> startup.o(RESET)
</UL>
<P><STRONG><a name="[32]"></a>CAN1_Handler</STRONG> (Thumb, 0 bytes, Stack size 0 bytes, startup.o(RESET))
<BR>[Address Reference Count : 1]<UL><LI> startup.o(RESET)
</UL>
<P><STRONG><a name="[33]"></a>CAN2_Handler</STRONG> (Thumb, 0 bytes, Stack size 0 bytes, startup.o(RESET))
<BR>[Address Reference Count : 1]<UL><LI> startup.o(RESET)
</UL>
<P><STRONG><a name="[23]"></a>Comp0_Handler</STRONG> (Thumb, 0 bytes, Stack size 0 bytes, startup.o(RESET))
<BR>[Address Reference Count : 1]<UL><LI> startup.o(RESET)
</UL>
<P><STRONG><a name="[24]"></a>Comp1_Handler</STRONG> (Thumb, 0 bytes, Stack size 0 bytes, startup.o(RESET))
<BR>[Address Reference Count : 1]<UL><LI> startup.o(RESET)
</UL>
<P><STRONG><a name="[25]"></a>Comp2_Handler</STRONG> (Thumb, 0 bytes, Stack size 0 bytes, startup.o(RESET))
<BR>[Address Reference Count : 1]<UL><LI> startup.o(RESET)
</UL>
<P><STRONG><a name="[34]"></a>Ethernet_Handler</STRONG> (Thumb, 0 bytes, Stack size 0 bytes, startup.o(RESET))
<BR>[Address Reference Count : 1]<UL><LI> startup.o(RESET)
</UL>
<P><STRONG><a name="[3f]"></a>ExtBus_Handler</STRONG> (Thumb, 0 bytes, Stack size 0 bytes, startup.o(RESET))
<BR>[Address Reference Count : 1]<UL><LI> startup.o(RESET)
</UL>
<P><STRONG><a name="[5c]"></a>FPU_Handler</STRONG> (Thumb, 0 bytes, Stack size 0 bytes, startup.o(RESET))
<BR>[Address Reference Count : 1]<UL><LI> startup.o(RESET)
</UL>
<P><STRONG><a name="[64]"></a>Fan0_Handler</STRONG> (Thumb, 0 bytes, Stack size 0 bytes, startup.o(RESET))
<BR>[Address Reference Count : 1]<UL><LI> startup.o(RESET)
</UL>
<P><STRONG><a name="[27]"></a>FlashCtl_Handler</STRONG> (Thumb, 0 bytes, Stack size 0 bytes, startup.o(RESET))
<BR>[Address Reference Count : 1]<UL><LI> startup.o(RESET)
</UL>
<P><STRONG><a name="[a]"></a>GPIOPortA_Handler</STRONG> (Thumb, 0 bytes, Stack size 0 bytes, startup.o(RESET))
<BR>[Address Reference Count : 1]<UL><LI> startup.o(RESET)
</UL>
<P><STRONG><a name="[b]"></a>GPIOPortB_Handler</STRONG> (Thumb, 0 bytes, Stack size 0 bytes, startup.o(RESET))
<BR>[Address Reference Count : 1]<UL><LI> startup.o(RESET)
</UL>
<P><STRONG><a name="[c]"></a>GPIOPortC_Handler</STRONG> (Thumb, 0 bytes, Stack size 0 bytes, startup.o(RESET))
<BR>[Address Reference Count : 1]<UL><LI> startup.o(RESET)
</UL>
<P><STRONG><a name="[d]"></a>GPIOPortD_Handler</STRONG> (Thumb, 0 bytes, Stack size 0 bytes, startup.o(RESET))
<BR>[Address Reference Count : 1]<UL><LI> startup.o(RESET)
</UL>
<P><STRONG><a name="[e]"></a>GPIOPortE_Handler</STRONG> (Thumb, 0 bytes, Stack size 0 bytes, startup.o(RESET))
<BR>[Address Reference Count : 1]<UL><LI> startup.o(RESET)
</UL>
<P><STRONG><a name="[28]"></a>GPIOPortF_Handler</STRONG> (Thumb, 0 bytes, Stack size 0 bytes, startup.o(RESET))
<BR>[Address Reference Count : 1]<UL><LI> startup.o(RESET)
</UL>
<P><STRONG><a name="[29]"></a>GPIOPortG_Handler</STRONG> (Thumb, 0 bytes, Stack size 0 bytes, startup.o(RESET))
<BR>[Address Reference Count : 1]<UL><LI> startup.o(RESET)
</UL>
<P><STRONG><a name="[2a]"></a>GPIOPortH_Handler</STRONG> (Thumb, 0 bytes, Stack size 0 bytes, startup.o(RESET))
<BR>[Address Reference Count : 1]<UL><LI> startup.o(RESET)
</UL>
<P><STRONG><a name="[40]"></a>GPIOPortJ_Handler</STRONG> (Thumb, 0 bytes, Stack size 0 bytes, startup.o(RESET))
<BR>[Address Reference Count : 1]<UL><LI> startup.o(RESET)
</UL>
<P><STRONG><a name="[41]"></a>GPIOPortK_Handler</STRONG> (Thumb, 0 bytes, Stack size 0 bytes, startup.o(RESET))
<BR>[Address Reference Count : 1]<UL><LI> startup.o(RESET)
</UL>
<P><STRONG><a name="[42]"></a>GPIOPortL_Handler</STRONG> (Thumb, 0 bytes, Stack size 0 bytes, startup.o(RESET))
<BR>[Address Reference Count : 1]<UL><LI> startup.o(RESET)
</UL>
<P><STRONG><a name="[61]"></a>GPIOPortM_Handler</STRONG> (Thumb, 0 bytes, Stack size 0 bytes, startup.o(RESET))
<BR>[Address Reference Count : 1]<UL><LI> startup.o(RESET)
</UL>
<P><STRONG><a name="[62]"></a>GPIOPortN_Handler</STRONG> (Thumb, 0 bytes, Stack size 0 bytes, startup.o(RESET))
<BR>[Address Reference Count : 1]<UL><LI> startup.o(RESET)
</UL>
<P><STRONG><a name="[66]"></a>GPIOPortP1_Handler</STRONG> (Thumb, 0 bytes, Stack size 0 bytes, startup.o(RESET))
<BR>[Address Reference Count : 1]<UL><LI> startup.o(RESET)
</UL>
<P><STRONG><a name="[67]"></a>GPIOPortP2_Handler</STRONG> (Thumb, 0 bytes, Stack size 0 bytes, startup.o(RESET))
<BR>[Address Reference Count : 1]<UL><LI> startup.o(RESET)
</UL>
<P><STRONG><a name="[68]"></a>GPIOPortP3_Handler</STRONG> (Thumb, 0 bytes, Stack size 0 bytes, startup.o(RESET))
<BR>[Address Reference Count : 1]<UL><LI> startup.o(RESET)
</UL>
<P><STRONG><a name="[69]"></a>GPIOPortP4_Handler</STRONG> (Thumb, 0 bytes, Stack size 0 bytes, startup.o(RESET))
<BR>[Address Reference Count : 1]<UL><LI> startup.o(RESET)
</UL>
<P><STRONG><a name="[6a]"></a>GPIOPortP5_Handler</STRONG> (Thumb, 0 bytes, Stack size 0 bytes, startup.o(RESET))
<BR>[Address Reference Count : 1]<UL><LI> startup.o(RESET)
</UL>
<P><STRONG><a name="[6b]"></a>GPIOPortP6_Handler</STRONG> (Thumb, 0 bytes, Stack size 0 bytes, startup.o(RESET))
<BR>[Address Reference Count : 1]<UL><LI> startup.o(RESET)
</UL>
<P><STRONG><a name="[6c]"></a>GPIOPortP7_Handler</STRONG> (Thumb, 0 bytes, Stack size 0 bytes, startup.o(RESET))
<BR>[Address Reference Count : 1]<UL><LI> startup.o(RESET)
</UL>
<P><STRONG><a name="[65]"></a>GPIOPortP_Handler</STRONG> (Thumb, 0 bytes, Stack size 0 bytes, startup.o(RESET))
<BR>[Address Reference Count : 1]<UL><LI> startup.o(RESET)
</UL>
<P><STRONG><a name="[6e]"></a>GPIOPortQ1_Handler</STRONG> (Thumb, 0 bytes, Stack size 0 bytes, startup.o(RESET))
<BR>[Address Reference Count : 1]<UL><LI> startup.o(RESET)
</UL>
<P><STRONG><a name="[6f]"></a>GPIOPortQ2_Handler</STRONG> (Thumb, 0 bytes, Stack size 0 bytes, startup.o(RESET))
<BR>[Address Reference Count : 1]<UL><LI> startup.o(RESET)
</UL>
<P><STRONG><a name="[70]"></a>GPIOPortQ3_Handler</STRONG> (Thumb, 0 bytes, Stack size 0 bytes, startup.o(RESET))
<BR>[Address Reference Count : 1]<UL><LI> startup.o(RESET)
</UL>
<P><STRONG><a name="[71]"></a>GPIOPortQ4_Handler</STRONG> (Thumb, 0 bytes, Stack size 0 bytes, startup.o(RESET))
<BR>[Address Reference Count : 1]<UL><LI> startup.o(RESET)
</UL>
<P><STRONG><a name="[72]"></a>GPIOPortQ5_Handler</STRONG> (Thumb, 0 bytes, Stack size 0 bytes, startup.o(RESET))
<BR>[Address Reference Count : 1]<UL><LI> startup.o(RESET)
</UL>
<P><STRONG><a name="[73]"></a>GPIOPortQ6_Handler</STRONG> (Thumb, 0 bytes, Stack size 0 bytes, startup.o(RESET))
<BR>[Address Reference Count : 1]<UL><LI> startup.o(RESET)
</UL>
<P><STRONG><a name="[74]"></a>GPIOPortQ7_Handler</STRONG> (Thumb, 0 bytes, Stack size 0 bytes, startup.o(RESET))
<BR>[Address Reference Count : 1]<UL><LI> startup.o(RESET)
</UL>
<P><STRONG><a name="[6d]"></a>GPIOPortQ_Handler</STRONG> (Thumb, 0 bytes, Stack size 0 bytes, startup.o(RESET))
<BR>[Address Reference Count : 1]<UL><LI> startup.o(RESET)
</UL>
<P><STRONG><a name="[75]"></a>GPIOPortR_Handler</STRONG> (Thumb, 0 bytes, Stack size 0 bytes, startup.o(RESET))
<BR>[Address Reference Count : 1]<UL><LI> startup.o(RESET)
</UL>
<P><STRONG><a name="[76]"></a>GPIOPortS_Handler</STRONG> (Thumb, 0 bytes, Stack size 0 bytes, startup.o(RESET))
<BR>[Address Reference Count : 1]<UL><LI> startup.o(RESET)
</UL>
<P><STRONG><a name="[35]"></a>Hibernate_Handler</STRONG> (Thumb, 0 bytes, Stack size 0 bytes, startup.o(RESET))
<BR>[Address Reference Count : 1]<UL><LI> startup.o(RESET)
</UL>
<P><STRONG><a name="[12]"></a>I2C0_Handler</STRONG> (Thumb, 0 bytes, Stack size 0 bytes, startup.o(RESET))
<BR>[Address Reference Count : 1]<UL><LI> startup.o(RESET)
</UL>
<P><STRONG><a name="[2f]"></a>I2C1_Handler</STRONG> (Thumb, 0 bytes, Stack size 0 bytes, startup.o(RESET))
<BR>[Address Reference Count : 1]<UL><LI> startup.o(RESET)
</UL>
<P><STRONG><a name="[4a]"></a>I2C2_Handler</STRONG> (Thumb, 0 bytes, Stack size 0 bytes, startup.o(RESET))
<BR>[Address Reference Count : 1]<UL><LI> startup.o(RESET)
</UL>
<P><STRONG><a name="[4b]"></a>I2C3_Handler</STRONG> (Thumb, 0 bytes, Stack size 0 bytes, startup.o(RESET))
<BR>[Address Reference Count : 1]<UL><LI> startup.o(RESET)
</UL>
<P><STRONG><a name="[5f]"></a>I2C4_Handler</STRONG> (Thumb, 0 bytes, Stack size 0 bytes, startup.o(RESET))
<BR>[Address Reference Count : 1]<UL><LI> startup.o(RESET)
</UL>
<P><STRONG><a name="[60]"></a>I2C5_Handler</STRONG> (Thumb, 0 bytes, Stack size 0 bytes, startup.o(RESET))
<BR>[Address Reference Count : 1]<UL><LI> startup.o(RESET)
</UL>
<P><STRONG><a name="[3e]"></a>I2S0_Handler</STRONG> (Thumb, 0 bytes, Stack size 0 bytes, startup.o(RESET))
<BR>[Address Reference Count : 1]<UL><LI> startup.o(RESET)
</UL>
<P><STRONG><a name="[5e]"></a>LPC0_Handler</STRONG> (Thumb, 0 bytes, Stack size 0 bytes, startup.o(RESET))
<BR>[Address Reference Count : 1]<UL><LI> startup.o(RESET)
</UL>
<P><STRONG><a name="[5d]"></a>PECI0_Handler</STRONG> (Thumb, 0 bytes, Stack size 0 bytes, startup.o(RESET))
<BR>[Address Reference Count : 1]<UL><LI> startup.o(RESET)
</UL>
<P><STRONG><a name="[13]"></a>PWM0Fault_Handler</STRONG> (Thumb, 0 bytes, Stack size 0 bytes, startup.o(RESET))
<BR>[Address Reference Count : 1]<UL><LI> startup.o(RESET)
</UL>
<P><STRONG><a name="[14]"></a>PWM0Generator0_Handler</STRONG> (Thumb, 0 bytes, Stack size 0 bytes, startup.o(RESET))
<BR>[Address Reference Count : 1]<UL><LI> startup.o(RESET)
</UL>
<P><STRONG><a name="[15]"></a>PWM0Generator1_Handler</STRONG> (Thumb, 0 bytes, Stack size 0 bytes, startup.o(RESET))
<BR>[Address Reference Count : 1]<UL><LI> startup.o(RESET)
</UL>
<P><STRONG><a name="[16]"></a>PWM0Generator2_Handler</STRONG> (Thumb, 0 bytes, Stack size 0 bytes, startup.o(RESET))
<BR>[Address Reference Count : 1]<UL><LI> startup.o(RESET)
</UL>
<P><STRONG><a name="[37]"></a>PWM0Generator3_Handler</STRONG> (Thumb, 0 bytes, Stack size 0 bytes, startup.o(RESET))
<BR>[Address Reference Count : 1]<UL><LI> startup.o(RESET)
</UL>
<P><STRONG><a name="[7b]"></a>PWM1Fault_Handler</STRONG> (Thumb, 0 bytes, Stack size 0 bytes, startup.o(RESET))
<BR>[Address Reference Count : 1]<UL><LI> startup.o(RESET)
</UL>
<P><STRONG><a name="[77]"></a>PWM1Generator0_Handler</STRONG> (Thumb, 0 bytes, Stack size 0 bytes, startup.o(RESET))
<BR>[Address Reference Count : 1]<UL><LI> startup.o(RESET)
</UL>
<P><STRONG><a name="[78]"></a>PWM1Generator1_Handler</STRONG> (Thumb, 0 bytes, Stack size 0 bytes, startup.o(RESET))
<BR>[Address Reference Count : 1]<UL><LI> startup.o(RESET)
</UL>
<P><STRONG><a name="[79]"></a>PWM1Generator2_Handler</STRONG> (Thumb, 0 bytes, Stack size 0 bytes, startup.o(RESET))
<BR>[Address Reference Count : 1]<UL><LI> startup.o(RESET)
</UL>
<P><STRONG><a name="[7a]"></a>PWM1Generator3_Handler</STRONG> (Thumb, 0 bytes, Stack size 0 bytes, startup.o(RESET))
<BR>[Address Reference Count : 1]<UL><LI> startup.o(RESET)
</UL>
<P><STRONG><a name="[17]"></a>Quadrature0_Handler</STRONG> (Thumb, 0 bytes, Stack size 0 bytes, startup.o(RESET))
<BR>[Address Reference Count : 1]<UL><LI> startup.o(RESET)
</UL>
<P><STRONG><a name="[30]"></a>Quadrature1_Handler</STRONG> (Thumb, 0 bytes, Stack size 0 bytes, startup.o(RESET))
<BR>[Address Reference Count : 1]<UL><LI> startup.o(RESET)
</UL>
<P><STRONG><a name="[63]"></a>Quadrature2_Handler</STRONG> (Thumb, 0 bytes, Stack size 0 bytes, startup.o(RESET))
<BR>[Address Reference Count : 1]<UL><LI> startup.o(RESET)
</UL>
<P><STRONG><a name="[11]"></a>SSI0_Handler</STRONG> (Thumb, 0 bytes, Stack size 0 bytes, startup.o(RESET))
<BR>[Address Reference Count : 1]<UL><LI> startup.o(RESET)
</UL>
<P><STRONG><a name="[2c]"></a>SSI1_Handler</STRONG> (Thumb, 0 bytes, Stack size 0 bytes, startup.o(RESET))
<BR>[Address Reference Count : 1]<UL><LI> startup.o(RESET)
</UL>
<P><STRONG><a name="[43]"></a>SSI2_Handler</STRONG> (Thumb, 0 bytes, Stack size 0 bytes, startup.o(RESET))
<BR>[Address Reference Count : 1]<UL><LI> startup.o(RESET)
</UL>
<P><STRONG><a name="[44]"></a>SSI3_Handler</STRONG> (Thumb, 0 bytes, Stack size 0 bytes, startup.o(RESET))
<BR>[Address Reference Count : 1]<UL><LI> startup.o(RESET)
</UL>
<P><STRONG><a name="[26]"></a>SysCtl_Handler</STRONG> (Thumb, 0 bytes, Stack size 0 bytes, startup.o(RESET))
<BR>[Address Reference Count : 1]<UL><LI> startup.o(RESET)
</UL>
<P><STRONG><a name="[1d]"></a>Timer0A_Handler</STRONG> (Thumb, 0 bytes, Stack size 0 bytes, startup.o(RESET))
<BR>[Address Reference Count : 1]<UL><LI> startup.o(RESET)
</UL>
<P><STRONG><a name="[1e]"></a>Timer0B_Handler</STRONG> (Thumb, 0 bytes, Stack size 0 bytes, startup.o(RESET))
<BR>[Address Reference Count : 1]<UL><LI> startup.o(RESET)
</UL>
<P><STRONG><a name="[1f]"></a>Timer1A_Handler</STRONG> (Thumb, 0 bytes, Stack size 0 bytes, startup.o(RESET))
<BR>[Address Reference Count : 1]<UL><LI> startup.o(RESET)
</UL>
<P><STRONG><a name="[20]"></a>Timer1B_Handler</STRONG> (Thumb, 0 bytes, Stack size 0 bytes, startup.o(RESET))
<BR>[Address Reference Count : 1]<UL><LI> startup.o(RESET)
</UL>
<P><STRONG><a name="[22]"></a>Timer2B_Handler</STRONG> (Thumb, 0 bytes, Stack size 0 bytes, startup.o(RESET))
<BR>[Address Reference Count : 1]<UL><LI> startup.o(RESET)
</UL>
<P><STRONG><a name="[2d]"></a>Timer3A_Handler</STRONG> (Thumb, 0 bytes, Stack size 0 bytes, startup.o(RESET))
<BR>[Address Reference Count : 1]<UL><LI> startup.o(RESET)
</UL>
<P><STRONG><a name="[2e]"></a>Timer3B_Handler</STRONG> (Thumb, 0 bytes, Stack size 0 bytes, startup.o(RESET))
<BR>[Address Reference Count : 1]<UL><LI> startup.o(RESET)
</UL>
<P><STRONG><a name="[4c]"></a>Timer4A_Handler</STRONG> (Thumb, 0 bytes, Stack size 0 bytes, startup.o(RESET))
<BR>[Address Reference Count : 1]<UL><LI> startup.o(RESET)
</UL>
<P><STRONG><a name="[4d]"></a>Timer4B_Handler</STRONG> (Thumb, 0 bytes, Stack size 0 bytes, startup.o(RESET))
<BR>[Address Reference Count : 1]<UL><LI> startup.o(RESET)
</UL>
<P><STRONG><a name="[4e]"></a>Timer5A_Handler</STRONG> (Thumb, 0 bytes, Stack size 0 bytes, startup.o(RESET))
<BR>[Address Reference Count : 1]<UL><LI> startup.o(RESET)
</UL>
<P><STRONG><a name="[4f]"></a>Timer5B_Handler</STRONG> (Thumb, 0 bytes, Stack size 0 bytes, startup.o(RESET))
<BR>[Address Reference Count : 1]<UL><LI> startup.o(RESET)
</UL>
<P><STRONG><a name="[f]"></a>UART0_Handler</STRONG> (Thumb, 0 bytes, Stack size 0 bytes, startup.o(RESET))
<BR>[Address Reference Count : 1]<UL><LI> startup.o(RESET)
</UL>
<P><STRONG><a name="[10]"></a>UART1_Handler</STRONG> (Thumb, 0 bytes, Stack size 0 bytes, startup.o(RESET))
<BR>[Address Reference Count : 1]<UL><LI> startup.o(RESET)
</UL>
<P><STRONG><a name="[2b]"></a>UART2_Handler</STRONG> (Thumb, 0 bytes, Stack size 0 bytes, startup.o(RESET))
<BR>[Address Reference Count : 1]<UL><LI> startup.o(RESET)
</UL>
<P><STRONG><a name="[45]"></a>UART3_Handler</STRONG> (Thumb, 0 bytes, Stack size 0 bytes, startup.o(RESET))
<BR>[Address Reference Count : 1]<UL><LI> startup.o(RESET)
</UL>
<P><STRONG><a name="[46]"></a>UART4_Handler</STRONG> (Thumb, 0 bytes, Stack size 0 bytes, startup.o(RESET))
<BR>[Address Reference Count : 1]<UL><LI> startup.o(RESET)
</UL>
<P><STRONG><a name="[47]"></a>UART5_Handler</STRONG> (Thumb, 0 bytes, Stack size 0 bytes, startup.o(RESET))
<BR>[Address Reference Count : 1]<UL><LI> startup.o(RESET)
</UL>
<P><STRONG><a name="[48]"></a>UART6_Handler</STRONG> (Thumb, 0 bytes, Stack size 0 bytes, startup.o(RESET))
<BR>[Address Reference Count : 1]<UL><LI> startup.o(RESET)
</UL>
<P><STRONG><a name="[49]"></a>UART7_Handler</STRONG> (Thumb, 0 bytes, Stack size 0 bytes, startup.o(RESET))
<BR>[Address Reference Count : 1]<UL><LI> startup.o(RESET)
</UL>
<P><STRONG><a name="[36]"></a>USB0_Handler</STRONG> (Thumb, 0 bytes, Stack size 0 bytes, startup.o(RESET))
<BR>[Address Reference Count : 1]<UL><LI> startup.o(RESET)
</UL>
<P><STRONG><a name="[1c]"></a>WDT_Handler</STRONG> (Thumb, 0 bytes, Stack size 0 bytes, startup.o(RESET))
<BR>[Address Reference Count : 1]<UL><LI> startup.o(RESET)
</UL>
<P><STRONG><a name="[50]"></a>WideTimer0A_Handler</STRONG> (Thumb, 0 bytes, Stack size 0 bytes, startup.o(RESET))
<BR>[Address Reference Count : 1]<UL><LI> startup.o(RESET)
</UL>
<P><STRONG><a name="[51]"></a>WideTimer0B_Handler</STRONG> (Thumb, 0 bytes, Stack size 0 bytes, startup.o(RESET))
<BR>[Address Reference Count : 1]<UL><LI> startup.o(RESET)
</UL>
<P><STRONG><a name="[52]"></a>WideTimer1A_Handler</STRONG> (Thumb, 0 bytes, Stack size 0 bytes, startup.o(RESET))
<BR>[Address Reference Count : 1]<UL><LI> startup.o(RESET)
</UL>
<P><STRONG><a name="[53]"></a>WideTimer1B_Handler</STRONG> (Thumb, 0 bytes, Stack size 0 bytes, startup.o(RESET))
<BR>[Address Reference Count : 1]<UL><LI> startup.o(RESET)
</UL>
<P><STRONG><a name="[54]"></a>WideTimer2A_Handler</STRONG> (Thumb, 0 bytes, Stack size 0 bytes, startup.o(RESET))
<BR>[Address Reference Count : 1]<UL><LI> startup.o(RESET)
</UL>
<P><STRONG><a name="[55]"></a>WideTimer2B_Handler</STRONG> (Thumb, 0 bytes, Stack size 0 bytes, startup.o(RESET))
<BR>[Address Reference Count : 1]<UL><LI> startup.o(RESET)
</UL>
<P><STRONG><a name="[56]"></a>WideTimer3A_Handler</STRONG> (Thumb, 0 bytes, Stack size 0 bytes, startup.o(RESET))
<BR>[Address Reference Count : 1]<UL><LI> startup.o(RESET)
</UL>
<P><STRONG><a name="[57]"></a>WideTimer3B_Handler</STRONG> (Thumb, 0 bytes, Stack size 0 bytes, startup.o(RESET))
<BR>[Address Reference Count : 1]<UL><LI> startup.o(RESET)
</UL>
<P><STRONG><a name="[58]"></a>WideTimer4A_Handler</STRONG> (Thumb, 0 bytes, Stack size 0 bytes, startup.o(RESET))
<BR>[Address Reference Count : 1]<UL><LI> startup.o(RESET)
</UL>
<P><STRONG><a name="[59]"></a>WideTimer4B_Handler</STRONG> (Thumb, 0 bytes, Stack size 0 bytes, startup.o(RESET))
<BR>[Address Reference Count : 1]<UL><LI> startup.o(RESET)
</UL>
<P><STRONG><a name="[5a]"></a>WideTimer5A_Handler</STRONG> (Thumb, 0 bytes, Stack size 0 bytes, startup.o(RESET))
<BR>[Address Reference Count : 1]<UL><LI> startup.o(RESET)
</UL>
<P><STRONG><a name="[5b]"></a>WideTimer5B_Handler</STRONG> (Thumb, 0 bytes, Stack size 0 bytes, startup.o(RESET))
<BR>[Address Reference Count : 1]<UL><LI> startup.o(RESET)
</UL>
<P><STRONG><a name="[39]"></a>uDMA_Error</STRONG> (Thumb, 0 bytes, Stack size 0 bytes, startup.o(RESET))
<BR>[Address Reference Count : 1]<UL><LI> startup.o(RESET)
</UL>
<P><STRONG><a name="[38]"></a>uDMA_Handler</STRONG> (Thumb, 0 bytes, Stack size 0 bytes, startup.o(RESET))
<BR>[Address Reference Count : 1]<UL><LI> startup.o(RESET)
</UL>
<P><STRONG><a name="[7e]"></a>__main</STRONG> (Thumb, 0 bytes, Stack size unknown bytes, entry.o(.ARM.Collect$$$$00000000))
<BR><BR>[Called By]<UL><LI><a href="#[7d]">&gt;&gt;</a>&nbsp;&nbsp;&nbsp;Reset_Handler
</UL>

<P><STRONG><a name="[92]"></a>_main_stk</STRONG> (Thumb, 0 bytes, Stack size unknown bytes, entry2.o(.ARM.Collect$$$$00000001))

<P><STRONG><a name="[7f]"></a>_main_scatterload</STRONG> (Thumb, 0 bytes, Stack size unknown bytes, entry5.o(.ARM.Collect$$$$00000004))
<BR><BR>[Calls]<UL><LI><a href="#[80]">&gt;&gt;</a>&nbsp;&nbsp;&nbsp;__scatterload
</UL>

<P><STRONG><a name="[82]"></a>__main_after_scatterload</STRONG> (Thumb, 0 bytes, Stack size unknown bytes, entry5.o(.ARM.Collect$$$$00000004))
<BR><BR>[Called By]<UL><LI><a href="#[80]">&gt;&gt;</a>&nbsp;&nbsp;&nbsp;__scatterload
</UL>

<P><STRONG><a name="[93]"></a>_main_clock</STRONG> (Thumb, 0 bytes, Stack size unknown bytes, entry7b.o(.ARM.Collect$$$$00000008))

<P><STRONG><a name="[94]"></a>_main_cpp_init</STRONG> (Thumb, 0 bytes, Stack size unknown bytes, entry8b.o(.ARM.Collect$$$$0000000A))

<P><STRONG><a name="[95]"></a>_main_init</STRONG> (Thumb, 0 bytes, Stack size unknown bytes, entry9a.o(.ARM.Collect$$$$0000000B))

<P><STRONG><a name="[96]"></a>__rt_final_cpp</STRONG> (Thumb, 0 bytes, Stack size unknown bytes, entry10a.o(.ARM.Collect$$$$0000000D))

<P><STRONG><a name="[97]"></a>__rt_final_exit</STRONG> (Thumb, 0 bytes, Stack size unknown bytes, entry11a.o(.ARM.Collect$$$$0000000F))

<P><STRONG><a name="[81]"></a>Clock_Delay</STRONG> (Thumb, 6 bytes, Stack size 0 bytes, cortexm.o(.emb_text))
<BR><BR>[Calls]<UL><LI><a href="#[81]">&gt;&gt;</a>&nbsp;&nbsp;&nbsp;Clock_Delay
</UL>
<BR>[Called By]<UL><LI><a href="#[83]">&gt;&gt;</a>&nbsp;&nbsp;&nbsp;Clock_Delay1ms
<LI><a href="#[81]">&gt;&gt;</a>&nbsp;&nbsp;&nbsp;Clock_Delay
</UL>

<P><STRONG><a name="[80]"></a>__scatterload</STRONG> (Thumb, 28 bytes, Stack size 0 bytes, init.o(.text))
<BR><BR>[Calls]<UL><LI><a href="#[82]">&gt;&gt;</a>&nbsp;&nbsp;&nbsp;__main_after_scatterload
</UL>
<BR>[Called By]<UL><LI><a href="#[7f]">&gt;&gt;</a>&nbsp;&nbsp;&nbsp;_main_scatterload
</UL>

<P><STRONG><a name="[98]"></a>__scatterload_rt2</STRONG> (Thumb, 0 bytes, Stack size 0 bytes, init.o(.text), UNUSED)

<P><STRONG><a name="[83]"></a>Clock_Delay1ms</STRONG> (Thumb, 22 bytes, Stack size 8 bytes, cortexm.o(i.Clock_Delay1ms))
<BR><BR>[Stack]<UL><LI>Max Depth = 8<LI>Call Chain = Clock_Delay1ms
</UL>
<BR>[Calls]<UL><LI><a href="#[81]">&gt;&gt;</a>&nbsp;&nbsp;&nbsp;Clock_Delay
</UL>
<BR>[Called By]<UL><LI><a href="#[88]">&gt;&gt;</a>&nbsp;&nbsp;&nbsp;SSD1306_Init
</UL>

<P><STRONG><a name="[89]"></a>I2C3_Init</STRONG> (Thumb, 152 bytes, Stack size 0 bytes, i2c3.o(i.I2C3_Init))
<BR><BR>[Called By]<UL><LI><a href="#[88]">&gt;&gt;</a>&nbsp;&nbsp;&nbsp;SSD1306_Init
</UL>

<P><STRONG><a name="[91]"></a>I2C3_Send</STRONG> (Thumb, 220 bytes, Stack size 12 bytes, i2c3.o(i.I2C3_Send))
<BR><BR>[Stack]<UL><LI>Max Depth = 12<LI>Call Chain = I2C3_Send
</UL>
<BR>[Called By]<UL><LI><a href="#[8a]">&gt;&gt;</a>&nbsp;&nbsp;&nbsp;ssd1306commandList
</UL>

<P><STRONG><a name="[90]"></a>I2C3_Send2</STRONG> (Thumb, 106 bytes, Stack size 8 bytes, i2c3.o(i.I2C3_Send2))
<BR><BR>[Stack]<UL><LI>Max Depth = 8<LI>Call Chain = I2C3_Send2
</UL>
<BR>[Called By]<UL><LI><a href="#[8b]">&gt;&gt;</a>&nbsp;&nbsp;&nbsp;ssd1306command1
<LI><a href="#[8e]">&gt;&gt;</a>&nbsp;&nbsp;&nbsp;ssd1306command
</UL>

<P><STRONG><a name="[8d]"></a>I2C3_SendData</STRONG> (Thumb, 118 bytes, Stack size 12 bytes, i2c3.o(i.I2C3_SendData))
<BR><BR>[Stack]<UL><LI>Max Depth = 12<LI>Call Chain = I2C3_SendData
</UL>
<BR>[Called By]<UL><LI><a href="#[8c]">&gt;&gt;</a>&nbsp;&nbsp;&nbsp;SSD1306_OutBuffer
</UL>

<P><STRONG><a name="[84]"></a>SSD1306_ClearBuffer</STRONG> (Thumb, 30 bytes, Stack size 8 bytes, ssd1306.o(i.SSD1306_ClearBuffer))
<BR><BR>[Stack]<UL><LI>Max Depth = 40<LI>Call Chain = SSD1306_ClearBuffer &rArr; SSD1306_SetCursor &rArr; ssd1306command &rArr; I2C3_Send2
</UL>
<BR>[Calls]<UL><LI><a href="#[85]">&gt;&gt;</a>&nbsp;&nbsp;&nbsp;SSD1306_SetCursor
</UL>
<BR>[Called By]<UL><LI><a href="#[88]">&gt;&gt;</a>&nbsp;&nbsp;&nbsp;SSD1306_Init
<LI><a href="#[7c]">&gt;&gt;</a>&nbsp;&nbsp;&nbsp;main
</UL>

<P><STRONG><a name="[87]"></a>SSD1306_DrawPixel</STRONG> (Thumb, 240 bytes, Stack size 16 bytes, ssd1306.o(i.SSD1306_DrawPixel))
<BR><BR>[Stack]<UL><LI>Max Depth = 16<LI>Call Chain = SSD1306_DrawPixel
</UL>
<BR>[Called By]<UL><LI><a href="#[86]">&gt;&gt;</a>&nbsp;&nbsp;&nbsp;SSD1306_DrawPoint
</UL>

<P><STRONG><a name="[86]"></a>SSD1306_DrawPoint</STRONG> (Thumb, 96 bytes, Stack size 20 bytes, ssd1306.o(i.SSD1306_DrawPoint))
<BR><BR>[Stack]<UL><LI>Max Depth = 36<LI>Call Chain = SSD1306_DrawPoint &rArr; SSD1306_DrawPixel
</UL>
<BR>[Calls]<UL><LI><a href="#[87]">&gt;&gt;</a>&nbsp;&nbsp;&nbsp;SSD1306_DrawPixel
</UL>
<BR>[Called By]<UL><LI><a href="#[7c]">&gt;&gt;</a>&nbsp;&nbsp;&nbsp;main
</UL>

<P><STRONG><a name="[88]"></a>SSD1306_Init</STRONG> (Thumb, 158 bytes, Stack size 8 bytes, ssd1306.o(i.SSD1306_Init))
<BR><BR>[Stack]<UL><LI>Max Depth = 48<LI>Call Chain = SSD1306_Init &rArr; SSD1306_ClearBuffer &rArr; SSD1306_SetCursor &rArr; ssd1306command &rArr; I2C3_Send2
</UL>
<BR>[Calls]<UL><LI><a href="#[89]">&gt;&gt;</a>&nbsp;&nbsp;&nbsp;I2C3_Init
<LI><a href="#[8a]">&gt;&gt;</a>&nbsp;&nbsp;&nbsp;ssd1306commandList
<LI><a href="#[8b]">&gt;&gt;</a>&nbsp;&nbsp;&nbsp;ssd1306command1
<LI><a href="#[85]">&gt;&gt;</a>&nbsp;&nbsp;&nbsp;SSD1306_SetCursor
<LI><a href="#[8c]">&gt;&gt;</a>&nbsp;&nbsp;&nbsp;SSD1306_OutBuffer
<LI><a href="#[84]">&gt;&gt;</a>&nbsp;&nbsp;&nbsp;SSD1306_ClearBuffer
<LI><a href="#[83]">&gt;&gt;</a>&nbsp;&nbsp;&nbsp;Clock_Delay1ms
</UL>
<BR>[Called By]<UL><LI><a href="#[7c]">&gt;&gt;</a>&nbsp;&nbsp;&nbsp;main
</UL>

<P><STRONG><a name="[8c]"></a>SSD1306_OutBuffer</STRONG> (Thumb, 30 bytes, Stack size 8 bytes, ssd1306.o(i.SSD1306_OutBuffer))
<BR><BR>[Stack]<UL><LI>Max Depth = 36<LI>Call Chain = SSD1306_OutBuffer &rArr; ssd1306commandList &rArr; I2C3_Send
</UL>
<BR>[Calls]<UL><LI><a href="#[8d]">&gt;&gt;</a>&nbsp;&nbsp;&nbsp;I2C3_SendData
<LI><a href="#[8a]">&gt;&gt;</a>&nbsp;&nbsp;&nbsp;ssd1306commandList
<LI><a href="#[8b]">&gt;&gt;</a>&nbsp;&nbsp;&nbsp;ssd1306command1
</UL>
<BR>[Called By]<UL><LI><a href="#[88]">&gt;&gt;</a>&nbsp;&nbsp;&nbsp;SSD1306_Init
<LI><a href="#[7c]">&gt;&gt;</a>&nbsp;&nbsp;&nbsp;main
</UL>

<P><STRONG><a name="[85]"></a>SSD1306_SetCursor</STRONG> (Thumb, 94 bytes, Stack size 16 bytes, ssd1306.o(i.SSD1306_SetCursor))
<BR><BR>[Stack]<UL><LI>Max Depth = 32<LI>Call Chain = SSD1306_SetCursor &rArr; ssd1306command &rArr; I2C3_Send2
</UL>
<BR>[Calls]<UL><LI><a href="#[8e]">&gt;&gt;</a>&nbsp;&nbsp;&nbsp;ssd1306command
</UL>
<BR>[Called By]<UL><LI><a href="#[88]">&gt;&gt;</a>&nbsp;&nbsp;&nbsp;SSD1306_Init
<LI><a href="#[84]">&gt;&gt;</a>&nbsp;&nbsp;&nbsp;SSD1306_ClearBuffer
</UL>

<P><STRONG><a name="[8f]"></a>SSD1306_SetPlot</STRONG> (Thumb, 74 bytes, Stack size 16 bytes, ssd1306.o(i.SSD1306_SetPlot))
<BR><BR>[Stack]<UL><LI>Max Depth = 16<LI>Call Chain = SSD1306_SetPlot
</UL>
<BR>[Called By]<UL><LI><a href="#[7c]">&gt;&gt;</a>&nbsp;&nbsp;&nbsp;main
</UL>

<P><STRONG><a name="[9]"></a>SysTick_Handler</STRONG> (Thumb, 316 bytes, Stack size 0 bytes, ssd1306testmain.o(i.SysTick_Handler))
<BR>[Address Reference Count : 1]<UL><LI> startup.o(RESET)
</UL>
<P><STRONG><a name="[21]"></a>Timer2A_Handler</STRONG> (Thumb, 16 bytes, Stack size 8 bytes, timer2a.o(i.Timer2A_Handler))
<BR><BR>[Stack]<UL><LI>Max Depth = 8<LI>Call Chain = Timer2A_Handler
</UL>
<BR>[Address Reference Count : 1]<UL><LI> startup.o(RESET)
</UL>
<P><STRONG><a name="[99]"></a>__scatterload_copy</STRONG> (Thumb, 14 bytes, Stack size unknown bytes, handlers.o(i.__scatterload_copy), UNUSED)

<P><STRONG><a name="[9a]"></a>__scatterload_null</STRONG> (Thumb, 2 bytes, Stack size unknown bytes, handlers.o(i.__scatterload_null), UNUSED)

<P><STRONG><a name="[9b]"></a>__scatterload_zeroinit</STRONG> (Thumb, 14 bytes, Stack size unknown bytes, handlers.o(i.__scatterload_zeroinit), UNUSED)

<P><STRONG><a name="[7c]"></a>main</STRONG> (Thumb, 76 bytes, Stack size 8 bytes, ssd1306testmain.o(i.main))
<BR><BR>[Stack]<UL><LI>Max Depth = 56<LI>Call Chain = main &rArr; SSD1306_Init &rArr; SSD1306_ClearBuffer &rArr; SSD1306_SetCursor &rArr; ssd1306command &rArr; I2C3_Send2
</UL>
<BR>[Calls]<UL><LI><a href="#[8f]">&gt;&gt;</a>&nbsp;&nbsp;&nbsp;SSD1306_SetPlot
<LI><a href="#[8c]">&gt;&gt;</a>&nbsp;&nbsp;&nbsp;SSD1306_OutBuffer
<LI><a href="#[88]">&gt;&gt;</a>&nbsp;&nbsp;&nbsp;SSD1306_Init
<LI><a href="#[86]">&gt;&gt;</a>&nbsp;&nbsp;&nbsp;SSD1306_DrawPoint
<LI><a href="#[84]">&gt;&gt;</a>&nbsp;&nbsp;&nbsp;SSD1306_ClearBuffer
</UL>
<BR>[Address Reference Count : 1]<UL><LI> entry9a.o(.ARM.Collect$$$$0000000B)
</UL>
<P><STRONG><a name="[8e]"></a>ssd1306command</STRONG> (Thumb, 16 bytes, Stack size 8 bytes, ssd1306.o(i.ssd1306command))
<BR><BR>[Stack]<UL><LI>Max Depth = 16<LI>Call Chain = ssd1306command &rArr; I2C3_Send2
</UL>
<BR>[Calls]<UL><LI><a href="#[90]">&gt;&gt;</a>&nbsp;&nbsp;&nbsp;I2C3_Send2
</UL>
<BR>[Called By]<UL><LI><a href="#[85]">&gt;&gt;</a>&nbsp;&nbsp;&nbsp;SSD1306_SetCursor
</UL>

<P><STRONG><a name="[8b]"></a>ssd1306command1</STRONG> (Thumb, 16 bytes, Stack size 8 bytes, ssd1306.o(i.ssd1306command1))
<BR><BR>[Stack]<UL><LI>Max Depth = 16<LI>Call Chain = ssd1306command1 &rArr; I2C3_Send2
</UL>
<BR>[Calls]<UL><LI><a href="#[90]">&gt;&gt;</a>&nbsp;&nbsp;&nbsp;I2C3_Send2
</UL>
<BR>[Called By]<UL><LI><a href="#[8c]">&gt;&gt;</a>&nbsp;&nbsp;&nbsp;SSD1306_OutBuffer
<LI><a href="#[88]">&gt;&gt;</a>&nbsp;&nbsp;&nbsp;SSD1306_Init
</UL>

<P><STRONG><a name="[8a]"></a>ssd1306commandList</STRONG> (Thumb, 18 bytes, Stack size 16 bytes, ssd1306.o(i.ssd1306commandList))
<BR><BR>[Stack]<UL><LI>Max Depth = 28<LI>Call Chain = ssd1306commandList &rArr; I2C3_Send
</UL>
<BR>[Calls]<UL><LI><a href="#[91]">&gt;&gt;</a>&nbsp;&nbsp;&nbsp;I2C3_Send
</UL>
<BR>[Called By]<UL><LI><a href="#[8c]">&gt;&gt;</a>&nbsp;&nbsp;&nbsp;SSD1306_OutBuffer
<LI><a href="#[88]">&gt;&gt;</a>&nbsp;&nbsp;&nbsp;SSD1306_Init
</UL>
<P>
<H3>
Local Symbols
</H3><P>
<H3>
Undefined Global Symbols
</H3><HR></body></html>
