Component: ARM Compiler 5.06 update 6 (build 750) Tool: armlink [4d35ed]

==============================================================================

Section Cross References

    startup.o(RESET) refers to startup.o(STACK) for StackMem
    startup.o(RESET) refers to ssd1306testmain.o(i.SysTick_Handler) for SysTick_Handler
    startup.o(RESET) refers to timer2a.o(i.Timer2A_Handler) for Timer2A_Handler
    startup.o(RESET) refers to entry.o(.ARM.Collect$$$$00000000) for __main
    launchpad.o(i.LaunchPad_WaitForRelease) refers to launchpad.o(i.DelayMs) for DelayMs
    launchpad.o(i.LaunchPad_WaitForTouch) refers to launchpad.o(i.DelayMs) for DelayMs
    cortexm.o(i.Clock_Delay1ms) refers to cortexm.o(.emb_text) for Clock_Delay
    ssd1306testmain.o(i.BookExamples) refers to printfa.o(i.__0printf) for __2printf
    ssd1306testmain.o(i.BookExamples) refers to f2d.o(.text) for __aeabi_f2d
    ssd1306testmain.o(i.Draw) refers to ssd1306.o(i.SSD1306_ClearBuffer) for SSD1306_ClearBuffer
    ssd1306testmain.o(i.Draw) refers to ssd1306.o(i.SSD1306_DrawBMP) for SSD1306_DrawBMP
    ssd1306testmain.o(i.Draw) refers to ssd1306.o(i.SSD1306_OutBuffer) for SSD1306_OutBuffer
    ssd1306testmain.o(i.Draw) refers to ssd1306testmain.o(.bss) for Enemys
    ssd1306testmain.o(i.Draw1) refers to ssd1306.o(i.SSD1306_ClearBuffer) for SSD1306_ClearBuffer
    ssd1306testmain.o(i.Draw1) refers to ssd1306.o(i.SSD1306_DrawBMP) for SSD1306_DrawBMP
    ssd1306testmain.o(i.Draw1) refers to ssd1306.o(i.SSD1306_OutBuffer) for SSD1306_OutBuffer
    ssd1306testmain.o(i.Draw1) refers to ssd1306testmain.o(.data) for NeedToDraw
    ssd1306testmain.o(i.Draw1) refers to ssd1306testmain.o(.bss) for Enemys1
    ssd1306testmain.o(i.Init) refers to ssd1306testmain.o(.bss) for Enemys
    ssd1306testmain.o(i.Init) refers to ssd1306testmain.o(.constdata) for SmallEnemy
    ssd1306testmain.o(i.Init1) refers to ssd1306testmain.o(.bss) for Enemys1
    ssd1306testmain.o(i.Init1) refers to ssd1306testmain.o(.constdata) for SmallEnemy
    ssd1306testmain.o(i.Init1) refers to ssd1306testmain.o(.data) for NeedToDraw
    ssd1306testmain.o(i.Move1) refers to ssd1306testmain.o(.bss) for Enemys1
    ssd1306testmain.o(i.Move1) refers to ssd1306testmain.o(.data) for NeedToDraw
    ssd1306testmain.o(i.Move2) refers to ssd1306testmain.o(.bss) for Enemys
    ssd1306testmain.o(i.Move2) refers to ssd1306testmain.o(.data) for NeedToDraw
    ssd1306testmain.o(i.Pause) refers to cortexm.o(i.Clock_Delay1ms) for Clock_Delay1ms
    ssd1306testmain.o(i.SSD1306_LanguageTest) refers to ssd1306testmain.o(i.SSD1306_OutPhrase) for SSD1306_OutPhrase
    ssd1306testmain.o(i.SSD1306_LanguageTest) refers to ssd1306.o(i.SSD1306_OutChar) for SSD1306_OutChar
    ssd1306testmain.o(i.SSD1306_LanguageTest) refers to ssd1306testmain.o(.data) for myLanguage
    ssd1306testmain.o(i.SSD1306_OutPhrase) refers to ssd1306.o(i.SSD1306_OutChar) for SSD1306_OutChar
    ssd1306testmain.o(i.SSD1306_OutPhrase) refers to ssd1306testmain.o(.data) for Phrases
    ssd1306testmain.o(i.SSD1306_PhraseTest) refers to ssd1306testmain.o(i.SSD1306_OutPhrase) for SSD1306_OutPhrase
    ssd1306testmain.o(i.SSD1306_PhraseTest) refers to ssd1306.o(i.SSD1306_OutChar) for SSD1306_OutChar
    ssd1306testmain.o(i.SSD1306_PhraseTest) refers to ssd1306testmain.o(.data) for myLanguage
    ssd1306testmain.o(i.SoundOut) refers to launchpad.o(i.LaunchPad_Output) for LaunchPad_Output
    ssd1306testmain.o(i.SoundOut) refers to ssd1306testmain.o(.data) for data
    ssd1306testmain.o(i.SysTick_Handler) refers to ssd1306testmain.o(.bss) for Enemys
    ssd1306testmain.o(i.SysTick_Handler) refers to ssd1306testmain.o(.data) for NeedToDraw
    ssd1306testmain.o(i.main) refers to ssd1306.o(i.SSD1306_Init) for SSD1306_Init
    ssd1306testmain.o(i.main) refers to ssd1306.o(i.SSD1306_SetPlot) for SSD1306_SetPlot
    ssd1306testmain.o(i.main) refers to ssd1306.o(i.SSD1306_ClearBuffer) for SSD1306_ClearBuffer
    ssd1306testmain.o(i.main) refers to ssd1306.o(i.SSD1306_DrawPoint) for SSD1306_DrawPoint
    ssd1306testmain.o(i.main) refers to ssd1306.o(i.SSD1306_OutBuffer) for SSD1306_OutBuffer
    ssd1306testmain.o(i.main0) refers to pll.o(i.PLL_Init) for PLL_Init
    ssd1306testmain.o(i.main0) refers to ssd1306.o(i.SSD1306_Init) for SSD1306_Init
    ssd1306testmain.o(i.main0) refers to ssd1306.o(i.SSD1306_ClearBuffer) for SSD1306_ClearBuffer
    ssd1306testmain.o(i.main0) refers to ssd1306.o(i.SSD1306_DrawBMP) for SSD1306_DrawBMP
    ssd1306testmain.o(i.main0) refers to ssd1306.o(i.SSD1306_OutBuffer) for SSD1306_OutBuffer
    ssd1306testmain.o(i.main0) refers to cortexm.o(i.Clock_Delay1ms) for Clock_Delay1ms
    ssd1306testmain.o(i.main0) refers to ssd1306.o(i.SSD1306_DrawString) for SSD1306_DrawString
    ssd1306testmain.o(i.main0) refers to ssd1306.o(i.SSD1306_DrawFastHLine) for SSD1306_DrawFastHLine
    ssd1306testmain.o(i.main0) refers to ssd1306.o(i.SSD1306_DrawFastVLine) for SSD1306_DrawFastVLine
    ssd1306testmain.o(i.main0) refers to ssd1306.o(i.SSD1306_DrawFullImage) for SSD1306_DrawFullImage
    ssd1306testmain.o(i.main0) refers to ssd1306.o(i.SSD1306_OutClear) for SSD1306_OutClear
    ssd1306testmain.o(i.main0) refers to ssd1306.o(i.SSD1306_SetCursor) for SSD1306_SetCursor
    ssd1306testmain.o(i.main0) refers to ssd1306.o(i.SSD1306_OutString) for SSD1306_OutString
    ssd1306testmain.o(i.main0) refers to ssd1306.o(i.SSD1306_OutUDec) for SSD1306_OutUDec
    ssd1306testmain.o(i.main0) refers to ssd1306.o(i.SSD1306_OutChar) for SSD1306_OutChar
    ssd1306testmain.o(i.main0) refers to ssd1306.o(i.SSD1306_OutSDec) for SSD1306_OutSDec
    ssd1306testmain.o(i.main0) refers to ssd1306.o(i.SSD1306_OutUFix1) for SSD1306_OutUFix1
    ssd1306testmain.o(i.main0) refers to ssd1306.o(i.SSD1306_OutUHex7) for SSD1306_OutUHex7
    ssd1306testmain.o(i.main0) refers to ssd1306testmain.o(.constdata) for logo
    ssd1306testmain.o(i.main1) refers to pll.o(i.PLL_Init) for PLL_Init
    ssd1306testmain.o(i.main1) refers to ssd1306.o(i.SSD1306_Init) for SSD1306_Init
    ssd1306testmain.o(i.main1) refers to systick.o(i.SysTick_Init) for SysTick_Init
    ssd1306testmain.o(i.main1) refers to ssd1306.o(i.SSD1306_OutClear) for SSD1306_OutClear
    ssd1306testmain.o(i.main1) refers to ssd1306.o(i.SSD1306_DrawString) for SSD1306_DrawString
    ssd1306testmain.o(i.main1) refers to ssd1306.o(i.SSD1306_OutBuffer) for SSD1306_OutBuffer
    ssd1306testmain.o(i.main1) refers to ssd1306.o(i.SSD1306_DrawBMP) for SSD1306_DrawBMP
    ssd1306testmain.o(i.main1) refers to ssd1306.o(i.SSD1306_OutChar) for SSD1306_OutChar
    ssd1306testmain.o(i.main1) refers to ssd1306.o(i.SSD1306_OutUDec) for SSD1306_OutUDec
    ssd1306testmain.o(i.main1) refers to ssd1306.o(i.SSD1306_ClearBuffer) for SSD1306_ClearBuffer
    ssd1306testmain.o(i.main1) refers to ssd1306testmain.o(.data) for ClearTime
    ssd1306testmain.o(i.main1) refers to ssd1306testmain.o(.constdata) for SmallEnemy
    ssd1306testmain.o(i.main2) refers to pll.o(i.PLL_Init) for PLL_Init
    ssd1306testmain.o(i.main2) refers to launchpad.o(i.LaunchPad_Init) for LaunchPad_Init
    ssd1306testmain.o(i.main2) refers to ssd1306.o(i.SSD1306_Init) for SSD1306_Init
    ssd1306testmain.o(i.main2) refers to ssd1306.o(i.SSD1306_OutString) for SSD1306_OutString
    ssd1306testmain.o(i.main2) refers to ssd1306.o(i.SSD1306_OutChar) for SSD1306_OutChar
    ssd1306testmain.o(i.main2) refers to ssd1306testmain.o(i.Pause) for Pause
    ssd1306testmain.o(i.main2) refers to ssd1306testmain.o(i.SSD1306_OutPhrase) for SSD1306_OutPhrase
    ssd1306testmain.o(i.main2) refers to ssd1306.o(i.SSD1306_OutClear) for SSD1306_OutClear
    ssd1306testmain.o(i.main2) refers to ssd1306.o(i.SSD1306_SetCursor) for SSD1306_SetCursor
    ssd1306testmain.o(i.main2) refers to ssd1306.o(i.SSD1306_OutUDec) for SSD1306_OutUDec
    ssd1306testmain.o(i.main2) refers to ssd1306testmain.o(.data) for Phrases
    ssd1306testmain.o(i.main3) refers to pll.o(i.PLL_Init) for PLL_Init
    ssd1306testmain.o(i.main3) refers to launchpad.o(i.LaunchPad_Init) for LaunchPad_Init
    ssd1306testmain.o(i.main3) refers to ssd1306.o(i.SSD1306_Init) for SSD1306_Init
    ssd1306testmain.o(i.main3) refers to ssd1306testmain.o(i.Init) for Init
    ssd1306testmain.o(i.main3) refers to timer2a.o(i.Timer2A_Init) for Timer2A_Init
    ssd1306testmain.o(i.main3) refers to startup.o(.text) for EnableInterrupts
    ssd1306testmain.o(i.main3) refers to ssd1306testmain.o(i.Draw) for Draw
    ssd1306testmain.o(i.main3) refers to ssd1306testmain.o(i.SoundOut) for SoundOut
    ssd1306testmain.o(i.main3) refers to ssd1306testmain.o(.data) for NeedToDraw
    ssd1306testmain.o(i.main5) refers to ssd1306.o(i.SSD1306_Init) for SSD1306_Init
    ssd1306testmain.o(i.main5) refers to ssd1306testmain.o(i.BookExamples) for BookExamples
    ssd1306testmain.o(i.main5) refers to printfa.o(i.__0printf) for __2printf
    ssd1306testmain.o(.data) refers to ssd1306testmain.o(.constdata) for Hello_English
    ssd1306.o(i.SSD1306_ClearBuffer) refers to ssd1306.o(i.SSD1306_SetCursor) for SSD1306_SetCursor
    ssd1306.o(i.SSD1306_ClearBuffer) refers to ssd1306.o(.bss) for buffer
    ssd1306.o(i.SSD1306_Dim) refers to ssd1306.o(i.ssd1306command1) for ssd1306command1
    ssd1306.o(i.SSD1306_Dim) refers to ssd1306.o(.data) for vccstate
    ssd1306.o(i.SSD1306_DrawBMP) refers to ssd1306.o(.bss) for buffer
    ssd1306.o(i.SSD1306_DrawChar) refers to ssd1306.o(i.SSD1306_DrawPixel) for SSD1306_DrawPixel
    ssd1306.o(i.SSD1306_DrawChar) refers to ssd1306.o(.constdata) for ASCII
    ssd1306.o(i.SSD1306_DrawFastHLine) refers to ssd1306.o(i.ssd1306drawFastVLineInternal) for ssd1306drawFastVLineInternal
    ssd1306.o(i.SSD1306_DrawFastHLine) refers to ssd1306.o(i.ssd1306drawFastHLineInternal) for ssd1306drawFastHLineInternal
    ssd1306.o(i.SSD1306_DrawFastHLine) refers to ssd1306.o(.data) for rotation
    ssd1306.o(i.SSD1306_DrawFastVLine) refers to ssd1306.o(i.ssd1306drawFastHLineInternal) for ssd1306drawFastHLineInternal
    ssd1306.o(i.SSD1306_DrawFastVLine) refers to ssd1306.o(i.ssd1306drawFastVLineInternal) for ssd1306drawFastVLineInternal
    ssd1306.o(i.SSD1306_DrawFastVLine) refers to ssd1306.o(.data) for rotation
    ssd1306.o(i.SSD1306_DrawFullImage) refers to ssd1306.o(i.ssd1306commandList) for ssd1306commandList
    ssd1306.o(i.SSD1306_DrawFullImage) refers to ssd1306.o(i.ssd1306command1) for ssd1306command1
    ssd1306.o(i.SSD1306_DrawFullImage) refers to i2c3.o(i.I2C3_SendData) for I2C3_SendData
    ssd1306.o(i.SSD1306_DrawFullImage) refers to ssd1306.o(i.SSD1306_SetCursor) for SSD1306_SetCursor
    ssd1306.o(i.SSD1306_DrawFullImage) refers to ssd1306.o(.constdata) for dlist1
    ssd1306.o(i.SSD1306_DrawPixel) refers to ssd1306.o(.data) for rotation
    ssd1306.o(i.SSD1306_DrawPixel) refers to ssd1306.o(.bss) for buffer
    ssd1306.o(i.SSD1306_DrawPoint) refers to ssd1306.o(i.SSD1306_DrawPixel) for SSD1306_DrawPixel
    ssd1306.o(i.SSD1306_DrawPoint) refers to ssd1306.o(.data) for MinX
    ssd1306.o(i.SSD1306_DrawString) refers to ssd1306.o(i.SSD1306_DrawChar) for SSD1306_DrawChar
    ssd1306.o(i.SSD1306_GetBuffer) refers to ssd1306.o(.bss) for buffer
    ssd1306.o(i.SSD1306_GetPixel) refers to ssd1306.o(.data) for rotation
    ssd1306.o(i.SSD1306_GetPixel) refers to ssd1306.o(.bss) for buffer
    ssd1306.o(i.SSD1306_Init) refers to cortexm.o(i.Clock_Delay1ms) for Clock_Delay1ms
    ssd1306.o(i.SSD1306_Init) refers to i2c3.o(i.I2C3_Init) for I2C3_Init
    ssd1306.o(i.SSD1306_Init) refers to ssd1306.o(i.SSD1306_ClearBuffer) for SSD1306_ClearBuffer
    ssd1306.o(i.SSD1306_Init) refers to ssd1306.o(i.ssd1306commandList) for ssd1306commandList
    ssd1306.o(i.SSD1306_Init) refers to ssd1306.o(i.ssd1306command1) for ssd1306command1
    ssd1306.o(i.SSD1306_Init) refers to ssd1306.o(i.SSD1306_OutBuffer) for SSD1306_OutBuffer
    ssd1306.o(i.SSD1306_Init) refers to ssd1306.o(i.SSD1306_SetCursor) for SSD1306_SetCursor
    ssd1306.o(i.SSD1306_Init) refers to ssd1306.o(.data) for vccstate
    ssd1306.o(i.SSD1306_Init) refers to ssd1306.o(.constdata) for init1
    ssd1306.o(i.SSD1306_InvertDisplay) refers to ssd1306.o(i.ssd1306command1) for ssd1306command1
    ssd1306.o(i.SSD1306_OutBuffer) refers to ssd1306.o(i.ssd1306commandList) for ssd1306commandList
    ssd1306.o(i.SSD1306_OutBuffer) refers to ssd1306.o(i.ssd1306command1) for ssd1306command1
    ssd1306.o(i.SSD1306_OutBuffer) refers to i2c3.o(i.I2C3_SendData) for I2C3_SendData
    ssd1306.o(i.SSD1306_OutBuffer) refers to ssd1306.o(.constdata) for dlist1
    ssd1306.o(i.SSD1306_OutBuffer) refers to ssd1306.o(.bss) for buffer
    ssd1306.o(i.SSD1306_OutChar) refers to ssd1306.o(i.ssd1306command) for ssd1306command
    ssd1306.o(i.SSD1306_OutChar) refers to i2c3.o(i.I2C3_SendData) for I2C3_SendData
    ssd1306.o(i.SSD1306_OutChar) refers to ssd1306.o(.data) for CurrentX
    ssd1306.o(i.SSD1306_OutChar) refers to ssd1306.o(.constdata) for ASCII
    ssd1306.o(i.SSD1306_OutClear) refers to ssd1306.o(i.SSD1306_ClearBuffer) for SSD1306_ClearBuffer
    ssd1306.o(i.SSD1306_OutClear) refers to ssd1306.o(i.SSD1306_OutBuffer) for SSD1306_OutBuffer
    ssd1306.o(i.SSD1306_OutHex7) refers to ssd1306.o(i.SSD1306_OutChar) for SSD1306_OutChar
    ssd1306.o(i.SSD1306_OutSDec) refers to ssd1306.o(i.SSD1306_OutString) for SSD1306_OutString
    ssd1306.o(i.SSD1306_OutSDec) refers to ssd1306.o(i.SSD1306_OutChar) for SSD1306_OutChar
    ssd1306.o(i.SSD1306_OutSFix1) refers to ssd1306.o(i.SSD1306_OutString) for SSD1306_OutString
    ssd1306.o(i.SSD1306_OutString) refers to ssd1306.o(i.SSD1306_OutChar) for SSD1306_OutChar
    ssd1306.o(i.SSD1306_OutUDec) refers to ssd1306.o(i.SSD1306_OutString) for SSD1306_OutString
    ssd1306.o(i.SSD1306_OutUDec) refers to ssd1306.o(i.SSD1306_OutChar) for SSD1306_OutChar
    ssd1306.o(i.SSD1306_OutUDec16) refers to ssd1306.o(i.SSD1306_OutChar) for SSD1306_OutChar
    ssd1306.o(i.SSD1306_OutUDec2) refers to ssd1306.o(i.SSD1306_OutChar) for SSD1306_OutChar
    ssd1306.o(i.SSD1306_OutUFix1) refers to ssd1306.o(i.SSD1306_OutString) for SSD1306_OutString
    ssd1306.o(i.SSD1306_OutUHex7) refers to ssd1306.o(i.SSD1306_OutString) for SSD1306_OutString
    ssd1306.o(i.SSD1306_OutUHex7) refers to ssd1306.o(i.SSD1306_OutHex7) for SSD1306_OutHex7
    ssd1306.o(i.SSD1306_SetCursor) refers to ssd1306.o(i.ssd1306command) for ssd1306command
    ssd1306.o(i.SSD1306_SetCursor) refers to ssd1306.o(.data) for CurrentX
    ssd1306.o(i.SSD1306_SetPlot) refers to ssd1306.o(.data) for MaxX
    ssd1306.o(i.SSD1306_startscrolldiagleft) refers to ssd1306.o(i.ssd1306commandList) for ssd1306commandList
    ssd1306.o(i.SSD1306_startscrolldiagleft) refers to ssd1306.o(i.ssd1306command1) for ssd1306command1
    ssd1306.o(i.SSD1306_startscrolldiagleft) refers to ssd1306.o(.constdata) for scrollList4a
    ssd1306.o(i.SSD1306_startscrolldiagright) refers to ssd1306.o(i.ssd1306commandList) for ssd1306commandList
    ssd1306.o(i.SSD1306_startscrolldiagright) refers to ssd1306.o(i.ssd1306command1) for ssd1306command1
    ssd1306.o(i.SSD1306_startscrolldiagright) refers to ssd1306.o(.constdata) for scrollList3a
    ssd1306.o(i.SSD1306_startscrollleft) refers to ssd1306.o(i.ssd1306commandList) for ssd1306commandList
    ssd1306.o(i.SSD1306_startscrollleft) refers to ssd1306.o(i.ssd1306command1) for ssd1306command1
    ssd1306.o(i.SSD1306_startscrollleft) refers to ssd1306.o(.constdata) for scrollList2a
    ssd1306.o(i.SSD1306_startscrollright) refers to ssd1306.o(i.ssd1306commandList) for ssd1306commandList
    ssd1306.o(i.SSD1306_startscrollright) refers to ssd1306.o(i.ssd1306command1) for ssd1306command1
    ssd1306.o(i.SSD1306_startscrollright) refers to ssd1306.o(.constdata) for scrollList1a
    ssd1306.o(i.SSD1306_stopscroll) refers to ssd1306.o(i.ssd1306command1) for ssd1306command1
    ssd1306.o(i.fputc) refers to ssd1306.o(i.SSD1306_OutChar) for SSD1306_OutChar
    ssd1306.o(i.ssd1306command) refers to i2c3.o(i.I2C3_Send2) for I2C3_Send2
    ssd1306.o(i.ssd1306command1) refers to i2c3.o(i.I2C3_Send2) for I2C3_Send2
    ssd1306.o(i.ssd1306commandList) refers to i2c3.o(i.I2C3_Send) for I2C3_Send
    ssd1306.o(i.ssd1306drawFastHLineInternal) refers to ssd1306.o(.bss) for buffer
    ssd1306.o(i.ssd1306drawFastVLineInternal) refers to ssd1306.o(.bss) for buffer
    ssd1306.o(i.ssd1306drawFastVLineInternal) refers to ssd1306.o(.constdata) for premask
    systick.o(i.SysTick50_Wait10ms) refers to systick.o(i.SysTick_Wait) for SysTick_Wait
    systick.o(i.SysTick80_Wait10ms) refers to systick.o(i.SysTick_Wait) for SysTick_Wait
    systick.o(i.SysTick_Start) refers to systick.o(.data) for Time
    systick.o(i.SysTick_Stop) refers to systick.o(.data) for Time
    systick.o(i.SysTick_Wait10ms) refers to systick.o(i.SysTick_Wait) for SysTick_Wait
    timer2a.o(i.Timer2A_Handler) refers to timer2a.o(.data) for PeriodicTask2
    timer2a.o(i.Timer2A_Init) refers to timer2a.o(.data) for PeriodicTask2
    entry.o(.ARM.Collect$$$$00000000) refers (Special) to entry10a.o(.ARM.Collect$$$$0000000D) for __rt_final_cpp
    entry.o(.ARM.Collect$$$$00000000) refers (Special) to entry11a.o(.ARM.Collect$$$$0000000F) for __rt_final_exit
    entry.o(.ARM.Collect$$$$00000000) refers (Special) to entry7b.o(.ARM.Collect$$$$00000008) for _main_clock
    entry.o(.ARM.Collect$$$$00000000) refers (Special) to entry8b.o(.ARM.Collect$$$$0000000A) for _main_cpp_init
    entry.o(.ARM.Collect$$$$00000000) refers (Special) to entry9a.o(.ARM.Collect$$$$0000000B) for _main_init
    entry.o(.ARM.Collect$$$$00000000) refers (Special) to entry5.o(.ARM.Collect$$$$00000004) for _main_scatterload
    entry.o(.ARM.Collect$$$$00000000) refers (Special) to entry2.o(.ARM.Collect$$$$00000001) for _main_stk
    printfb.o(i.__0fprintf$bare) refers to printfb.o(i._printf_core) for _printf_core
    printfb.o(i.__0fprintf$bare) refers to ssd1306.o(i.fputc) for fputc
    printfb.o(i.__0printf$bare) refers to printfb.o(i._printf_core) for _printf_core
    printfb.o(i.__0printf$bare) refers to ssd1306.o(i.fputc) for fputc
    printfb.o(i.__0printf$bare) refers to stdout.o(.data) for __stdout
    printfb.o(i.__0snprintf$bare) refers to printfb.o(i._printf_core) for _printf_core
    printfb.o(i.__0snprintf$bare) refers to printfb.o(i._snputc) for _snputc
    printfb.o(i.__0sprintf$bare) refers to printfb.o(i._printf_core) for _printf_core
    printfb.o(i.__0sprintf$bare) refers to printfb.o(i._sputc) for _sputc
    printfb.o(i.__0vfprintf$bare) refers to printfb.o(i._printf_core) for _printf_core
    printfb.o(i.__0vfprintf$bare) refers to ssd1306.o(i.fputc) for fputc
    printfb.o(i.__0vprintf$bare) refers to printfb.o(i._printf_core) for _printf_core
    printfb.o(i.__0vprintf$bare) refers to ssd1306.o(i.fputc) for fputc
    printfb.o(i.__0vprintf$bare) refers to stdout.o(.data) for __stdout
    printfb.o(i.__0vsnprintf$bare) refers to printfb.o(i._printf_core) for _printf_core
    printfb.o(i.__0vsnprintf$bare) refers to printfb.o(i._snputc) for _snputc
    printfb.o(i.__0vsprintf$bare) refers to printfb.o(i._printf_core) for _printf_core
    printfb.o(i.__0vsprintf$bare) refers to printfb.o(i._sputc) for _sputc
    printf0.o(i.__0fprintf$0) refers to printf0.o(i._printf_core) for _printf_core
    printf0.o(i.__0fprintf$0) refers to ssd1306.o(i.fputc) for fputc
    printf0.o(i.__0printf$0) refers to printf0.o(i._printf_core) for _printf_core
    printf0.o(i.__0printf$0) refers to ssd1306.o(i.fputc) for fputc
    printf0.o(i.__0printf$0) refers to stdout.o(.data) for __stdout
    printf0.o(i.__0snprintf$0) refers to printf0.o(i._printf_core) for _printf_core
    printf0.o(i.__0snprintf$0) refers to printf0.o(i._snputc) for _snputc
    printf0.o(i.__0sprintf$0) refers to printf0.o(i._printf_core) for _printf_core
    printf0.o(i.__0sprintf$0) refers to printf0.o(i._sputc) for _sputc
    printf0.o(i.__0vfprintf$0) refers to printf0.o(i._printf_core) for _printf_core
    printf0.o(i.__0vfprintf$0) refers to ssd1306.o(i.fputc) for fputc
    printf0.o(i.__0vprintf$0) refers to printf0.o(i._printf_core) for _printf_core
    printf0.o(i.__0vprintf$0) refers to ssd1306.o(i.fputc) for fputc
    printf0.o(i.__0vprintf$0) refers to stdout.o(.data) for __stdout
    printf0.o(i.__0vsnprintf$0) refers to printf0.o(i._printf_core) for _printf_core
    printf0.o(i.__0vsnprintf$0) refers to printf0.o(i._snputc) for _snputc
    printf0.o(i.__0vsprintf$0) refers to printf0.o(i._printf_core) for _printf_core
    printf0.o(i.__0vsprintf$0) refers to printf0.o(i._sputc) for _sputc
    printf1.o(i.__0fprintf$1) refers to printf1.o(i._printf_core) for _printf_core
    printf1.o(i.__0fprintf$1) refers to ssd1306.o(i.fputc) for fputc
    printf1.o(i.__0printf$1) refers to printf1.o(i._printf_core) for _printf_core
    printf1.o(i.__0printf$1) refers to ssd1306.o(i.fputc) for fputc
    printf1.o(i.__0printf$1) refers to stdout.o(.data) for __stdout
    printf1.o(i.__0snprintf$1) refers to printf1.o(i._printf_core) for _printf_core
    printf1.o(i.__0snprintf$1) refers to printf1.o(i._snputc) for _snputc
    printf1.o(i.__0sprintf$1) refers to printf1.o(i._printf_core) for _printf_core
    printf1.o(i.__0sprintf$1) refers to printf1.o(i._sputc) for _sputc
    printf1.o(i.__0vfprintf$1) refers to printf1.o(i._printf_core) for _printf_core
    printf1.o(i.__0vfprintf$1) refers to ssd1306.o(i.fputc) for fputc
    printf1.o(i.__0vprintf$1) refers to printf1.o(i._printf_core) for _printf_core
    printf1.o(i.__0vprintf$1) refers to ssd1306.o(i.fputc) for fputc
    printf1.o(i.__0vprintf$1) refers to stdout.o(.data) for __stdout
    printf1.o(i.__0vsnprintf$1) refers to printf1.o(i._printf_core) for _printf_core
    printf1.o(i.__0vsnprintf$1) refers to printf1.o(i._snputc) for _snputc
    printf1.o(i.__0vsprintf$1) refers to printf1.o(i._printf_core) for _printf_core
    printf1.o(i.__0vsprintf$1) refers to printf1.o(i._sputc) for _sputc
    printf1.o(i._printf_core) refers to uidiv.o(.text) for __aeabi_uidivmod
    printf2.o(i.__0fprintf$2) refers to printf2.o(i._printf_core) for _printf_core
    printf2.o(i.__0fprintf$2) refers to ssd1306.o(i.fputc) for fputc
    printf2.o(i.__0printf$2) refers to printf2.o(i._printf_core) for _printf_core
    printf2.o(i.__0printf$2) refers to ssd1306.o(i.fputc) for fputc
    printf2.o(i.__0printf$2) refers to stdout.o(.data) for __stdout
    printf2.o(i.__0snprintf$2) refers to printf2.o(i._printf_core) for _printf_core
    printf2.o(i.__0snprintf$2) refers to printf2.o(i._snputc) for _snputc
    printf2.o(i.__0sprintf$2) refers to printf2.o(i._printf_core) for _printf_core
    printf2.o(i.__0sprintf$2) refers to printf2.o(i._sputc) for _sputc
    printf2.o(i.__0vfprintf$2) refers to printf2.o(i._printf_core) for _printf_core
    printf2.o(i.__0vfprintf$2) refers to ssd1306.o(i.fputc) for fputc
    printf2.o(i.__0vprintf$2) refers to printf2.o(i._printf_core) for _printf_core
    printf2.o(i.__0vprintf$2) refers to ssd1306.o(i.fputc) for fputc
    printf2.o(i.__0vprintf$2) refers to stdout.o(.data) for __stdout
    printf2.o(i.__0vsnprintf$2) refers to printf2.o(i._printf_core) for _printf_core
    printf2.o(i.__0vsnprintf$2) refers to printf2.o(i._snputc) for _snputc
    printf2.o(i.__0vsprintf$2) refers to printf2.o(i._printf_core) for _printf_core
    printf2.o(i.__0vsprintf$2) refers to printf2.o(i._sputc) for _sputc
    printf3.o(i.__0fprintf$3) refers to printf3.o(i._printf_core) for _printf_core
    printf3.o(i.__0fprintf$3) refers to ssd1306.o(i.fputc) for fputc
    printf3.o(i.__0printf$3) refers to printf3.o(i._printf_core) for _printf_core
    printf3.o(i.__0printf$3) refers to ssd1306.o(i.fputc) for fputc
    printf3.o(i.__0printf$3) refers to stdout.o(.data) for __stdout
    printf3.o(i.__0snprintf$3) refers to printf3.o(i._printf_core) for _printf_core
    printf3.o(i.__0snprintf$3) refers to printf3.o(i._snputc) for _snputc
    printf3.o(i.__0sprintf$3) refers to printf3.o(i._printf_core) for _printf_core
    printf3.o(i.__0sprintf$3) refers to printf3.o(i._sputc) for _sputc
    printf3.o(i.__0vfprintf$3) refers to printf3.o(i._printf_core) for _printf_core
    printf3.o(i.__0vfprintf$3) refers to ssd1306.o(i.fputc) for fputc
    printf3.o(i.__0vprintf$3) refers to printf3.o(i._printf_core) for _printf_core
    printf3.o(i.__0vprintf$3) refers to ssd1306.o(i.fputc) for fputc
    printf3.o(i.__0vprintf$3) refers to stdout.o(.data) for __stdout
    printf3.o(i.__0vsnprintf$3) refers to printf3.o(i._printf_core) for _printf_core
    printf3.o(i.__0vsnprintf$3) refers to printf3.o(i._snputc) for _snputc
    printf3.o(i.__0vsprintf$3) refers to printf3.o(i._printf_core) for _printf_core
    printf3.o(i.__0vsprintf$3) refers to printf3.o(i._sputc) for _sputc
    printf3.o(i._printf_core) refers to uidiv.o(.text) for __aeabi_uidivmod
    printf4.o(i.__0fprintf$4) refers to printf4.o(i._printf_core) for _printf_core
    printf4.o(i.__0fprintf$4) refers to ssd1306.o(i.fputc) for fputc
    printf4.o(i.__0printf$4) refers to printf4.o(i._printf_core) for _printf_core
    printf4.o(i.__0printf$4) refers to ssd1306.o(i.fputc) for fputc
    printf4.o(i.__0printf$4) refers to stdout.o(.data) for __stdout
    printf4.o(i.__0snprintf$4) refers to printf4.o(i._printf_core) for _printf_core
    printf4.o(i.__0snprintf$4) refers to printf4.o(i._snputc) for _snputc
    printf4.o(i.__0sprintf$4) refers to printf4.o(i._printf_core) for _printf_core
    printf4.o(i.__0sprintf$4) refers to printf4.o(i._sputc) for _sputc
    printf4.o(i.__0vfprintf$4) refers to printf4.o(i._printf_core) for _printf_core
    printf4.o(i.__0vfprintf$4) refers to ssd1306.o(i.fputc) for fputc
    printf4.o(i.__0vprintf$4) refers to printf4.o(i._printf_core) for _printf_core
    printf4.o(i.__0vprintf$4) refers to ssd1306.o(i.fputc) for fputc
    printf4.o(i.__0vprintf$4) refers to stdout.o(.data) for __stdout
    printf4.o(i.__0vsnprintf$4) refers to printf4.o(i._printf_core) for _printf_core
    printf4.o(i.__0vsnprintf$4) refers to printf4.o(i._snputc) for _snputc
    printf4.o(i.__0vsprintf$4) refers to printf4.o(i._printf_core) for _printf_core
    printf4.o(i.__0vsprintf$4) refers to printf4.o(i._sputc) for _sputc
    printf4.o(i._printf_core) refers to uldiv.o(.text) for __aeabi_uldivmod
    printf5.o(i.__0fprintf$5) refers to printf5.o(i._printf_core) for _printf_core
    printf5.o(i.__0fprintf$5) refers to ssd1306.o(i.fputc) for fputc
    printf5.o(i.__0printf$5) refers to printf5.o(i._printf_core) for _printf_core
    printf5.o(i.__0printf$5) refers to ssd1306.o(i.fputc) for fputc
    printf5.o(i.__0printf$5) refers to stdout.o(.data) for __stdout
    printf5.o(i.__0snprintf$5) refers to printf5.o(i._printf_core) for _printf_core
    printf5.o(i.__0snprintf$5) refers to printf5.o(i._snputc) for _snputc
    printf5.o(i.__0sprintf$5) refers to printf5.o(i._printf_core) for _printf_core
    printf5.o(i.__0sprintf$5) refers to printf5.o(i._sputc) for _sputc
    printf5.o(i.__0vfprintf$5) refers to printf5.o(i._printf_core) for _printf_core
    printf5.o(i.__0vfprintf$5) refers to ssd1306.o(i.fputc) for fputc
    printf5.o(i.__0vprintf$5) refers to printf5.o(i._printf_core) for _printf_core
    printf5.o(i.__0vprintf$5) refers to ssd1306.o(i.fputc) for fputc
    printf5.o(i.__0vprintf$5) refers to stdout.o(.data) for __stdout
    printf5.o(i.__0vsnprintf$5) refers to printf5.o(i._printf_core) for _printf_core
    printf5.o(i.__0vsnprintf$5) refers to printf5.o(i._snputc) for _snputc
    printf5.o(i.__0vsprintf$5) refers to printf5.o(i._printf_core) for _printf_core
    printf5.o(i.__0vsprintf$5) refers to printf5.o(i._sputc) for _sputc
    printf5.o(i._printf_core) refers to uldiv.o(.text) for __aeabi_uldivmod
    printf6.o(i.__0fprintf$6) refers to printf6.o(i._printf_core) for _printf_core
    printf6.o(i.__0fprintf$6) refers to ssd1306.o(i.fputc) for fputc
    printf6.o(i.__0printf$6) refers to printf6.o(i._printf_core) for _printf_core
    printf6.o(i.__0printf$6) refers to ssd1306.o(i.fputc) for fputc
    printf6.o(i.__0printf$6) refers to stdout.o(.data) for __stdout
    printf6.o(i.__0snprintf$6) refers to printf6.o(i._printf_core) for _printf_core
    printf6.o(i.__0snprintf$6) refers to printf6.o(i._snputc) for _snputc
    printf6.o(i.__0sprintf$6) refers to printf6.o(i._printf_core) for _printf_core
    printf6.o(i.__0sprintf$6) refers to printf6.o(i._sputc) for _sputc
    printf6.o(i.__0vfprintf$6) refers to printf6.o(i._printf_core) for _printf_core
    printf6.o(i.__0vfprintf$6) refers to ssd1306.o(i.fputc) for fputc
    printf6.o(i.__0vprintf$6) refers to printf6.o(i._printf_core) for _printf_core
    printf6.o(i.__0vprintf$6) refers to ssd1306.o(i.fputc) for fputc
    printf6.o(i.__0vprintf$6) refers to stdout.o(.data) for __stdout
    printf6.o(i.__0vsnprintf$6) refers to printf6.o(i._printf_core) for _printf_core
    printf6.o(i.__0vsnprintf$6) refers to printf6.o(i._snputc) for _snputc
    printf6.o(i.__0vsprintf$6) refers to printf6.o(i._printf_core) for _printf_core
    printf6.o(i.__0vsprintf$6) refers to printf6.o(i._sputc) for _sputc
    printf6.o(i._printf_core) refers to printf6.o(i._printf_pre_padding) for _printf_pre_padding
    printf6.o(i._printf_core) refers to uidiv.o(.text) for __aeabi_uidivmod
    printf6.o(i._printf_core) refers to printf6.o(i._printf_post_padding) for _printf_post_padding
    printf7.o(i.__0fprintf$7) refers to printf7.o(i._printf_core) for _printf_core
    printf7.o(i.__0fprintf$7) refers to ssd1306.o(i.fputc) for fputc
    printf7.o(i.__0printf$7) refers to printf7.o(i._printf_core) for _printf_core
    printf7.o(i.__0printf$7) refers to ssd1306.o(i.fputc) for fputc
    printf7.o(i.__0printf$7) refers to stdout.o(.data) for __stdout
    printf7.o(i.__0snprintf$7) refers to printf7.o(i._printf_core) for _printf_core
    printf7.o(i.__0snprintf$7) refers to printf7.o(i._snputc) for _snputc
    printf7.o(i.__0sprintf$7) refers to printf7.o(i._printf_core) for _printf_core
    printf7.o(i.__0sprintf$7) refers to printf7.o(i._sputc) for _sputc
    printf7.o(i.__0vfprintf$7) refers to printf7.o(i._printf_core) for _printf_core
    printf7.o(i.__0vfprintf$7) refers to ssd1306.o(i.fputc) for fputc
    printf7.o(i.__0vprintf$7) refers to printf7.o(i._printf_core) for _printf_core
    printf7.o(i.__0vprintf$7) refers to ssd1306.o(i.fputc) for fputc
    printf7.o(i.__0vprintf$7) refers to stdout.o(.data) for __stdout
    printf7.o(i.__0vsnprintf$7) refers to printf7.o(i._printf_core) for _printf_core
    printf7.o(i.__0vsnprintf$7) refers to printf7.o(i._snputc) for _snputc
    printf7.o(i.__0vsprintf$7) refers to printf7.o(i._printf_core) for _printf_core
    printf7.o(i.__0vsprintf$7) refers to printf7.o(i._sputc) for _sputc
    printf7.o(i._printf_core) refers to printf7.o(i._printf_pre_padding) for _printf_pre_padding
    printf7.o(i._printf_core) refers to uldiv.o(.text) for __aeabi_uldivmod
    printf7.o(i._printf_core) refers to printf7.o(i._printf_post_padding) for _printf_post_padding
    printf8.o(i.__0fprintf$8) refers to printf8.o(i._printf_core) for _printf_core
    printf8.o(i.__0fprintf$8) refers to ssd1306.o(i.fputc) for fputc
    printf8.o(i.__0printf$8) refers to printf8.o(i._printf_core) for _printf_core
    printf8.o(i.__0printf$8) refers to ssd1306.o(i.fputc) for fputc
    printf8.o(i.__0printf$8) refers to stdout.o(.data) for __stdout
    printf8.o(i.__0snprintf$8) refers to printf8.o(i._printf_core) for _printf_core
    printf8.o(i.__0snprintf$8) refers to printf8.o(i._snputc) for _snputc
    printf8.o(i.__0sprintf$8) refers to printf8.o(i._printf_core) for _printf_core
    printf8.o(i.__0sprintf$8) refers to printf8.o(i._sputc) for _sputc
    printf8.o(i.__0vfprintf$8) refers to printf8.o(i._printf_core) for _printf_core
    printf8.o(i.__0vfprintf$8) refers to ssd1306.o(i.fputc) for fputc
    printf8.o(i.__0vprintf$8) refers to printf8.o(i._printf_core) for _printf_core
    printf8.o(i.__0vprintf$8) refers to ssd1306.o(i.fputc) for fputc
    printf8.o(i.__0vprintf$8) refers to stdout.o(.data) for __stdout
    printf8.o(i.__0vsnprintf$8) refers to printf8.o(i._printf_core) for _printf_core
    printf8.o(i.__0vsnprintf$8) refers to printf8.o(i._snputc) for _snputc
    printf8.o(i.__0vsprintf$8) refers to printf8.o(i._printf_core) for _printf_core
    printf8.o(i.__0vsprintf$8) refers to printf8.o(i._sputc) for _sputc
    printf8.o(i._printf_core) refers to printf8.o(i._printf_pre_padding) for _printf_pre_padding
    printf8.o(i._printf_core) refers to uldiv.o(.text) for __aeabi_uldivmod
    printf8.o(i._printf_core) refers to printf8.o(i._printf_post_padding) for _printf_post_padding
    printfa.o(i.__0fprintf) refers (Special) to iusefp.o(.text) for __I$use$fp
    printfa.o(i.__0fprintf) refers to printfa.o(i._printf_core) for _printf_core
    printfa.o(i.__0fprintf) refers to ssd1306.o(i.fputc) for fputc
    printfa.o(i.__0printf) refers (Special) to iusefp.o(.text) for __I$use$fp
    printfa.o(i.__0printf) refers to printfa.o(i._printf_core) for _printf_core
    printfa.o(i.__0printf) refers to ssd1306.o(i.fputc) for fputc
    printfa.o(i.__0printf) refers to stdout.o(.data) for __stdout
    printfa.o(i.__0snprintf) refers (Special) to iusefp.o(.text) for __I$use$fp
    printfa.o(i.__0snprintf) refers to printfa.o(i._printf_core) for _printf_core
    printfa.o(i.__0snprintf) refers to printfa.o(i._snputc) for _snputc
    printfa.o(i.__0sprintf) refers (Special) to iusefp.o(.text) for __I$use$fp
    printfa.o(i.__0sprintf) refers to printfa.o(i._printf_core) for _printf_core
    printfa.o(i.__0sprintf) refers to printfa.o(i._sputc) for _sputc
    printfa.o(i.__0vfprintf) refers (Special) to iusefp.o(.text) for __I$use$fp
    printfa.o(i.__0vfprintf) refers to printfa.o(i._printf_core) for _printf_core
    printfa.o(i.__0vfprintf) refers to ssd1306.o(i.fputc) for fputc
    printfa.o(i.__0vprintf) refers (Special) to iusefp.o(.text) for __I$use$fp
    printfa.o(i.__0vprintf) refers to printfa.o(i._printf_core) for _printf_core
    printfa.o(i.__0vprintf) refers to ssd1306.o(i.fputc) for fputc
    printfa.o(i.__0vprintf) refers to stdout.o(.data) for __stdout
    printfa.o(i.__0vsnprintf) refers (Special) to iusefp.o(.text) for __I$use$fp
    printfa.o(i.__0vsnprintf) refers to printfa.o(i._printf_core) for _printf_core
    printfa.o(i.__0vsnprintf) refers to printfa.o(i._snputc) for _snputc
    printfa.o(i.__0vsprintf) refers (Special) to iusefp.o(.text) for __I$use$fp
    printfa.o(i.__0vsprintf) refers to printfa.o(i._printf_core) for _printf_core
    printfa.o(i.__0vsprintf) refers to printfa.o(i._sputc) for _sputc
    printfa.o(i._fp_digits) refers (Special) to iusefp.o(.text) for __I$use$fp
    printfa.o(i._fp_digits) refers to dmul.o(.text) for __aeabi_dmul
    printfa.o(i._fp_digits) refers to ddiv.o(.text) for __aeabi_ddiv
    printfa.o(i._fp_digits) refers to cdrcmple.o(.text) for __aeabi_cdrcmple
    printfa.o(i._fp_digits) refers to dadd.o(.text) for __aeabi_dadd
    printfa.o(i._fp_digits) refers to dfixul.o(.text) for __aeabi_d2ulz
    printfa.o(i._fp_digits) refers to uldiv.o(.text) for __aeabi_uldivmod
    printfa.o(i._printf_core) refers (Special) to iusefp.o(.text) for __I$use$fp
    printfa.o(i._printf_core) refers to printfa.o(i._printf_pre_padding) for _printf_pre_padding
    printfa.o(i._printf_core) refers to uldiv.o(.text) for __aeabi_uldivmod
    printfa.o(i._printf_core) refers to printfa.o(i._printf_post_padding) for _printf_post_padding
    printfa.o(i._printf_core) refers to printfa.o(i._fp_digits) for _fp_digits
    printfa.o(i._printf_core) refers to uidiv.o(.text) for __aeabi_uidivmod
    printfa.o(i._printf_post_padding) refers (Special) to iusefp.o(.text) for __I$use$fp
    printfa.o(i._printf_pre_padding) refers (Special) to iusefp.o(.text) for __I$use$fp
    printfa.o(i._snputc) refers (Special) to iusefp.o(.text) for __I$use$fp
    printfa.o(i._sputc) refers (Special) to iusefp.o(.text) for __I$use$fp
    f2d.o(.text) refers (Special) to iusefp.o(.text) for __I$use$fp
    entry2.o(.ARM.Collect$$$$00000001) refers to entry2.o(.ARM.Collect$$$$00002712) for __lit__00000000
    entry2.o(.ARM.Collect$$$$00002712) refers to startup.o(STACK) for __initial_sp
    entry2.o(__vectab_stack_and_reset_area) refers to startup.o(STACK) for __initial_sp
    entry2.o(__vectab_stack_and_reset_area) refers to entry.o(.ARM.Collect$$$$00000000) for __main
    entry5.o(.ARM.Collect$$$$00000004) refers to init.o(.text) for __scatterload
    entry9a.o(.ARM.Collect$$$$0000000B) refers to ssd1306testmain.o(i.main) for main
    entry9b.o(.ARM.Collect$$$$0000000C) refers to ssd1306testmain.o(i.main) for main
    uldiv.o(.text) refers to llushr.o(.text) for __aeabi_llsr
    uldiv.o(.text) refers to llshl.o(.text) for __aeabi_llsl
    dadd.o(.text) refers to llshl.o(.text) for __aeabi_llsl
    dadd.o(.text) refers to llsshr.o(.text) for __aeabi_lasr
    dadd.o(.text) refers to depilogue.o(.text) for _double_epilogue
    dmul.o(.text) refers to depilogue.o(.text) for _double_epilogue
    ddiv.o(.text) refers to depilogue.o(.text) for _double_round
    dfixul.o(.text) refers to llushr.o(.text) for __aeabi_llsr
    dfixul.o(.text) refers to llshl.o(.text) for __aeabi_llsl
    init.o(.text) refers to entry5.o(.ARM.Collect$$$$00000004) for __main_after_scatterload
    depilogue.o(.text) refers to llshl.o(.text) for __aeabi_llsl
    depilogue.o(.text) refers to llushr.o(.text) for __aeabi_llsr


==============================================================================

Removing Unused input sections from the image.

    Removing startup.o(HEAP), (0 bytes).
    Removing startup.o(.text), (28 bytes).
    Removing pll.o(i.PLL_Init), (124 bytes).
    Removing launchpad.o(i.DelayMs), (32 bytes).
    Removing launchpad.o(i.LaunchPad_Init), (92 bytes).
    Removing launchpad.o(i.LaunchPad_Input), (24 bytes).
    Removing launchpad.o(i.LaunchPad_Output), (12 bytes).
    Removing launchpad.o(i.LaunchPad_WaitForRelease), (56 bytes).
    Removing launchpad.o(i.LaunchPad_WaitForTouch), (32 bytes).
    Removing ssd1306testmain.o(i.BookExamples), (308 bytes).
    Removing ssd1306testmain.o(i.Draw), (84 bytes).
    Removing ssd1306testmain.o(i.Draw1), (88 bytes).
    Removing ssd1306testmain.o(i.Init), (144 bytes).
    Removing ssd1306testmain.o(i.Init1), (76 bytes).
    Removing ssd1306testmain.o(i.Move1), (80 bytes).
    Removing ssd1306testmain.o(i.Move2), (176 bytes).
    Removing ssd1306testmain.o(i.Pause), (40 bytes).
    Removing ssd1306testmain.o(i.SSD1306_LanguageTest), (56 bytes).
    Removing ssd1306testmain.o(i.SSD1306_OutPhrase), (44 bytes).
    Removing ssd1306testmain.o(i.SSD1306_PhraseTest), (136 bytes).
    Removing ssd1306testmain.o(i.SoundOut), (32 bytes).
    Removing ssd1306testmain.o(i.main0), (760 bytes).
    Removing ssd1306testmain.o(i.main1), (624 bytes).
    Removing ssd1306testmain.o(i.main2), (212 bytes).
    Removing ssd1306testmain.o(i.main3), (108 bytes).
    Removing ssd1306testmain.o(i.main5), (56 bytes).
    Removing ssd1306.o(i.SSD1306_Dim), (44 bytes).
    Removing ssd1306.o(i.SSD1306_DrawBMP), (536 bytes).
    Removing ssd1306.o(i.SSD1306_DrawChar), (104 bytes).
    Removing ssd1306.o(i.SSD1306_DrawFastHLine), (140 bytes).
    Removing ssd1306.o(i.SSD1306_DrawFastVLine), (140 bytes).
    Removing ssd1306.o(i.SSD1306_DrawFullImage), (44 bytes).
    Removing ssd1306.o(i.SSD1306_DrawString), (38 bytes).
    Removing ssd1306.o(i.SSD1306_GetBuffer), (8 bytes).
    Removing ssd1306.o(i.SSD1306_GetPixel), (124 bytes).
    Removing ssd1306.o(i.SSD1306_InvertDisplay), (20 bytes).
    Removing ssd1306.o(i.SSD1306_OutChar), (260 bytes).
    Removing ssd1306.o(i.SSD1306_OutClear), (12 bytes).
    Removing ssd1306.o(i.SSD1306_OutHex7), (36 bytes).
    Removing ssd1306.o(i.SSD1306_OutSDec), (440 bytes).
    Removing ssd1306.o(i.SSD1306_OutSFix1), (208 bytes).
    Removing ssd1306.o(i.SSD1306_OutString), (22 bytes).
    Removing ssd1306.o(i.SSD1306_OutUDec), (412 bytes).
    Removing ssd1306.o(i.SSD1306_OutUDec16), (144 bytes).
    Removing ssd1306.o(i.SSD1306_OutUDec2), (82 bytes).
    Removing ssd1306.o(i.SSD1306_OutUFix1), (108 bytes).
    Removing ssd1306.o(i.SSD1306_OutUHex7), (40 bytes).
    Removing ssd1306.o(i.SSD1306_startscrolldiagleft), (68 bytes).
    Removing ssd1306.o(i.SSD1306_startscrolldiagright), (68 bytes).
    Removing ssd1306.o(i.SSD1306_startscrollleft), (52 bytes).
    Removing ssd1306.o(i.SSD1306_startscrollright), (52 bytes).
    Removing ssd1306.o(i.SSD1306_stopscroll), (10 bytes).
    Removing ssd1306.o(i.ferror), (8 bytes).
    Removing ssd1306.o(i.fgetc), (6 bytes).
    Removing ssd1306.o(i.fputc), (16 bytes).
    Removing ssd1306.o(i.ssd1306drawFastHLineInternal), (164 bytes).
    Removing ssd1306.o(i.ssd1306drawFastVLineInternal), (356 bytes).
    Removing i2cb1.o(i.I2C0_Init), (176 bytes).
    Removing i2cb1.o(i.I2C0_Recv), (276 bytes).
    Removing i2cb1.o(i.I2C0_Recv1), (88 bytes).
    Removing i2cb1.o(i.I2C0_Recv2), (120 bytes).
    Removing i2cb1.o(i.I2C0_Recv3), (116 bytes).
    Removing i2cb1.o(i.I2C0_Send), (224 bytes).
    Removing i2cb1.o(i.I2C0_Send1), (60 bytes).
    Removing i2cb1.o(i.I2C0_Send2), (112 bytes).
    Removing i2cb1.o(i.I2C0_Send4), (212 bytes).
    Removing i2cb1.o(i.I2C0_SendData), (124 bytes).
    Removing systick.o(i.SysTick50_Wait10ms), (28 bytes).
    Removing systick.o(i.SysTick80_Wait10ms), (28 bytes).
    Removing systick.o(i.SysTick_Init), (24 bytes).
    Removing systick.o(i.SysTick_Start), (16 bytes).
    Removing systick.o(i.SysTick_Stop), (24 bytes).
    Removing systick.o(i.SysTick_Wait), (30 bytes).
    Removing systick.o(i.SysTick_Wait10ms), (28 bytes).
    Removing systick.o(.data), (4 bytes).
    Removing timer2a.o(i.Timer2A_Init), (96 bytes).
    Removing timer2a.o(i.Timer2A_Stop), (24 bytes).
    Removing i2c3.o(i.I2C3_Recv), (276 bytes).
    Removing i2c3.o(i.I2C3_Recv1), (88 bytes).
    Removing i2c3.o(i.I2C3_Recv2), (120 bytes).
    Removing i2c3.o(i.I2C3_Recv3), (116 bytes).
    Removing i2c3.o(i.I2C3_Send1), (60 bytes).
    Removing i2c3.o(i.I2C3_Send4), (212 bytes).
    Removing i2c2.o(i.I2C2_Init), (176 bytes).
    Removing i2c2.o(i.I2C2_Recv), (276 bytes).
    Removing i2c2.o(i.I2C2_Recv1), (88 bytes).
    Removing i2c2.o(i.I2C2_Recv2), (120 bytes).
    Removing i2c2.o(i.I2C2_Recv3), (116 bytes).
    Removing i2c2.o(i.I2C2_Send), (224 bytes).
    Removing i2c2.o(i.I2C2_Send1), (60 bytes).
    Removing i2c2.o(i.I2C2_Send2), (112 bytes).
    Removing i2c2.o(i.I2C2_Send4), (212 bytes).
    Removing i2c2.o(i.I2C2_SendData), (124 bytes).
    Removing i2c1.o(i.I2C1_Init), (176 bytes).
    Removing i2c1.o(i.I2C1_Recv), (276 bytes).
    Removing i2c1.o(i.I2C1_Recv1), (88 bytes).
    Removing i2c1.o(i.I2C1_Recv2), (120 bytes).
    Removing i2c1.o(i.I2C1_Recv3), (116 bytes).
    Removing i2c1.o(i.I2C1_Send), (224 bytes).
    Removing i2c1.o(i.I2C1_Send1), (60 bytes).
    Removing i2c1.o(i.I2C1_Send2), (112 bytes).
    Removing i2c1.o(i.I2C1_Send4), (212 bytes).
    Removing i2c1.o(i.I2C1_SendData), (124 bytes).
    Removing f2d.o(.text), (38 bytes).
    Removing dadd.o(.text), (334 bytes).
    Removing dmul.o(.text), (228 bytes).
    Removing ddiv.o(.text), (222 bytes).
    Removing dfixul.o(.text), (48 bytes).
    Removing cdrcmple.o(.text), (48 bytes).
    Removing depilogue.o(.text), (186 bytes).

110 unused section(s) (total 13988 bytes) removed from the image.

==============================================================================

Image Symbol Table

    Local Symbols

    Symbol Name                              Value     Ov Type        Size  Object(Section)

    RESET                                    0x00000000   Section      644  startup.o(RESET)
    ../clib/microlib/division.c              0x00000000   Number         0  uidiv.o ABSOLUTE
    ../clib/microlib/division.c              0x00000000   Number         0  uldiv.o ABSOLUTE
    ../clib/microlib/init/entry.s            0x00000000   Number         0  entry7a.o ABSOLUTE
    ../clib/microlib/init/entry.s            0x00000000   Number         0  entry5.o ABSOLUTE
    ../clib/microlib/init/entry.s            0x00000000   Number         0  entry2.o ABSOLUTE
    ../clib/microlib/init/entry.s            0x00000000   Number         0  entry11b.o ABSOLUTE
    ../clib/microlib/init/entry.s            0x00000000   Number         0  entry10a.o ABSOLUTE
    ../clib/microlib/init/entry.s            0x00000000   Number         0  entry.o ABSOLUTE
    ../clib/microlib/init/entry.s            0x00000000   Number         0  entry11a.o ABSOLUTE
    ../clib/microlib/init/entry.s            0x00000000   Number         0  entry10b.o ABSOLUTE
    ../clib/microlib/init/entry.s            0x00000000   Number         0  entry9b.o ABSOLUTE
    ../clib/microlib/init/entry.s            0x00000000   Number         0  entry9a.o ABSOLUTE
    ../clib/microlib/init/entry.s            0x00000000   Number         0  entry8b.o ABSOLUTE
    ../clib/microlib/init/entry.s            0x00000000   Number         0  entry8a.o ABSOLUTE
    ../clib/microlib/init/entry.s            0x00000000   Number         0  entry7b.o ABSOLUTE
    ../clib/microlib/longlong.c              0x00000000   Number         0  llushr.o ABSOLUTE
    ../clib/microlib/longlong.c              0x00000000   Number         0  llsshr.o ABSOLUTE
    ../clib/microlib/longlong.c              0x00000000   Number         0  llshl.o ABSOLUTE
    ../clib/microlib/printf/printf.c         0x00000000   Number         0  printf0.o ABSOLUTE
    ../clib/microlib/printf/printf.c         0x00000000   Number         0  printfb.o ABSOLUTE
    ../clib/microlib/printf/printf.c         0x00000000   Number         0  printf4.o ABSOLUTE
    ../clib/microlib/printf/printf.c         0x00000000   Number         0  printfa.o ABSOLUTE
    ../clib/microlib/printf/printf.c         0x00000000   Number         0  printf8.o ABSOLUTE
    ../clib/microlib/printf/printf.c         0x00000000   Number         0  printf2.o ABSOLUTE
    ../clib/microlib/printf/printf.c         0x00000000   Number         0  printf7.o ABSOLUTE
    ../clib/microlib/printf/printf.c         0x00000000   Number         0  printf6.o ABSOLUTE
    ../clib/microlib/printf/printf.c         0x00000000   Number         0  printf5.o ABSOLUTE
    ../clib/microlib/printf/printf.c         0x00000000   Number         0  printf3.o ABSOLUTE
    ../clib/microlib/printf/printf.c         0x00000000   Number         0  printf1.o ABSOLUTE
    ../clib/microlib/printf/stubs.s          0x00000000   Number         0  stubs.o ABSOLUTE
    ../clib/microlib/stdio/streams.c         0x00000000   Number         0  stdout.o ABSOLUTE
    ../clib/microlib/stubs.s                 0x00000000   Number         0  iusefp.o ABSOLUTE
    ../fplib/microlib/f2d.c                  0x00000000   Number         0  f2d.o ABSOLUTE
    ../fplib/microlib/fpadd.c                0x00000000   Number         0  dadd.o ABSOLUTE
    ../fplib/microlib/fpdiv.c                0x00000000   Number         0  ddiv.o ABSOLUTE
    ../fplib/microlib/fpepilogue.c           0x00000000   Number         0  depilogue.o ABSOLUTE
    ../fplib/microlib/fpfix.c                0x00000000   Number         0  dfixul.o ABSOLUTE
    ../fplib/microlib/fpmul.c                0x00000000   Number         0  dmul.o ABSOLUTE
    ..\\inc\\CortexM.c                       0x00000000   Number         0  cortexm.o ABSOLUTE
    ..\inc\CortexM.c                         0x00000000   Number         0  cortexm.o ABSOLUTE
    ..\inc\I2C1.c                            0x00000000   Number         0  i2c1.o ABSOLUTE
    ..\inc\I2C2.c                            0x00000000   Number         0  i2c2.o ABSOLUTE
    ..\inc\I2C3.c                            0x00000000   Number         0  i2c3.o ABSOLUTE
    ..\inc\I2CB1.c                           0x00000000   Number         0  i2cb1.o ABSOLUTE
    ..\inc\LaunchPad.c                       0x00000000   Number         0  launchpad.o ABSOLUTE
    ..\inc\PLL.c                             0x00000000   Number         0  pll.o ABSOLUTE
    ..\inc\SSD1306.c                         0x00000000   Number         0  ssd1306.o ABSOLUTE
    ..\inc\SysTick.c                         0x00000000   Number         0  systick.o ABSOLUTE
    ..\inc\Timer2A.c                         0x00000000   Number         0  timer2a.o ABSOLUTE
    SSD1306TestMain.c                        0x00000000   Number         0  ssd1306testmain.o ABSOLUTE
    cdrcmple.s                               0x00000000   Number         0  cdrcmple.o ABSOLUTE
    dc.s                                     0x00000000   Number         0  dc.o ABSOLUTE
    handlers.s                               0x00000000   Number         0  handlers.o ABSOLUTE
    init.s                                   0x00000000   Number         0  init.o ABSOLUTE
    startup.s                                0x00000000   Number         0  startup.o ABSOLUTE
    .ARM.Collect$$$$00000000                 0x00000284   Section        0  entry.o(.ARM.Collect$$$$00000000)
    .ARM.Collect$$$$00000001                 0x00000284   Section        4  entry2.o(.ARM.Collect$$$$00000001)
    .ARM.Collect$$$$00000004                 0x00000288   Section        4  entry5.o(.ARM.Collect$$$$00000004)
    .ARM.Collect$$$$00000008                 0x0000028c   Section        0  entry7b.o(.ARM.Collect$$$$00000008)
    .ARM.Collect$$$$0000000A                 0x0000028c   Section        0  entry8b.o(.ARM.Collect$$$$0000000A)
    .ARM.Collect$$$$0000000B                 0x0000028c   Section        8  entry9a.o(.ARM.Collect$$$$0000000B)
    .ARM.Collect$$$$0000000D                 0x00000294   Section        0  entry10a.o(.ARM.Collect$$$$0000000D)
    .ARM.Collect$$$$0000000F                 0x00000294   Section        0  entry11a.o(.ARM.Collect$$$$0000000F)
    .ARM.Collect$$$$00002712                 0x00000294   Section        4  entry2.o(.ARM.Collect$$$$00002712)
    __lit__00000000                          0x00000294   Data           4  entry2.o(.ARM.Collect$$$$00002712)
    .emb_text                                0x00000298   Section        6  cortexm.o(.emb_text)
    .text                                    0x000002a0   Section       36  init.o(.text)
    i.Clock_Delay1ms                         0x000002c4   Section        0  cortexm.o(i.Clock_Delay1ms)
    i.I2C3_Init                              0x000002dc   Section        0  i2c3.o(i.I2C3_Init)
    i.I2C3_Send                              0x00000388   Section        0  i2c3.o(i.I2C3_Send)
    i.I2C3_Send2                             0x00000468   Section        0  i2c3.o(i.I2C3_Send2)
    i.I2C3_SendData                          0x000004d8   Section        0  i2c3.o(i.I2C3_SendData)
    i.SSD1306_ClearBuffer                    0x00000554   Section        0  ssd1306.o(i.SSD1306_ClearBuffer)
    i.SSD1306_DrawPixel                      0x00000578   Section        0  ssd1306.o(i.SSD1306_DrawPixel)
    i.SSD1306_DrawPoint                      0x00000670   Section        0  ssd1306.o(i.SSD1306_DrawPoint)
    i.SSD1306_Init                           0x000006ec   Section        0  ssd1306.o(i.SSD1306_Init)
    i.SSD1306_OutBuffer                      0x000007a8   Section        0  ssd1306.o(i.SSD1306_OutBuffer)
    i.SSD1306_SetCursor                      0x000007d0   Section        0  ssd1306.o(i.SSD1306_SetCursor)
    i.SSD1306_SetPlot                        0x00000840   Section        0  ssd1306.o(i.SSD1306_SetPlot)
    i.SysTick_Handler                        0x000008a8   Section        0  ssd1306testmain.o(i.SysTick_Handler)
    i.Timer2A_Handler                        0x000009ec   Section        0  timer2a.o(i.Timer2A_Handler)
    i.__scatterload_copy                     0x00000a04   Section       14  handlers.o(i.__scatterload_copy)
    i.__scatterload_null                     0x00000a12   Section        2  handlers.o(i.__scatterload_null)
    i.__scatterload_zeroinit                 0x00000a14   Section       14  handlers.o(i.__scatterload_zeroinit)
    i.main                                   0x00000a22   Section        0  ssd1306testmain.o(i.main)
    i.ssd1306command                         0x00000a6e   Section        0  ssd1306.o(i.ssd1306command)
    i.ssd1306command1                        0x00000a7e   Section        0  ssd1306.o(i.ssd1306command1)
    i.ssd1306commandList                     0x00000a8e   Section        0  ssd1306.o(i.ssd1306commandList)
    .constdata                               0x00000aa0   Section     7683  ssd1306testmain.o(.constdata)
    .constdata                               0x000028a3   Section     1443  ssd1306.o(.constdata)
    ASCII                                    0x000028a3   Data        1374  ssd1306.o(.constdata)
    init1                                    0x00002e01   Data           5  ssd1306.o(.constdata)
    init2                                    0x00002e06   Data           5  ssd1306.o(.constdata)
    init3                                    0x00002e0b   Data           5  ssd1306.o(.constdata)
    init4b                                   0x00002e10   Data           4  ssd1306.o(.constdata)
    init5                                    0x00002e14   Data           7  ssd1306.o(.constdata)
    premask                                  0x00002e1b   Data           8  ssd1306.o(.constdata)
    postmask                                 0x00002e23   Data           8  ssd1306.o(.constdata)
    dlist1                                   0x00002e2b   Data           5  ssd1306.o(.constdata)
    scrollList1a                             0x00002e30   Data           2  ssd1306.o(.constdata)
    scrollList1b                             0x00002e32   Data           3  ssd1306.o(.constdata)
    scrollList2a                             0x00002e35   Data           2  ssd1306.o(.constdata)
    scrollList2b                             0x00002e37   Data           3  ssd1306.o(.constdata)
    scrollList3a                             0x00002e3a   Data           2  ssd1306.o(.constdata)
    scrollList3b                             0x00002e3c   Data           2  ssd1306.o(.constdata)
    scrollList3c                             0x00002e3e   Data           2  ssd1306.o(.constdata)
    scrollList4a                             0x00002e40   Data           2  ssd1306.o(.constdata)
    scrollList4b                             0x00002e42   Data           2  ssd1306.o(.constdata)
    scrollList4c                             0x00002e44   Data           2  ssd1306.o(.constdata)
    .data                                    0x20000000   Section       84  ssd1306testmain.o(.data)
    data                                     0x20000050   Data           4  ssd1306testmain.o(.data)
    .data                                    0x20000054   Section       42  ssd1306.o(.data)
    DeltaX                                   0x2000005c   Data           4  ssd1306.o(.data)
    MaxX                                     0x20000060   Data           4  ssd1306.o(.data)
    MinX                                     0x20000064   Data           4  ssd1306.o(.data)
    DeltaY                                   0x20000068   Data           4  ssd1306.o(.data)
    MaxY                                     0x2000006c   Data           4  ssd1306.o(.data)
    MinY                                     0x20000070   Data           4  ssd1306.o(.data)
    PlotColor                                0x20000074   Data           2  ssd1306.o(.data)
    .data                                    0x20000080   Section        4  timer2a.o(.data)
    .bss                                     0x20000084   Section      496  ssd1306testmain.o(.bss)
    .bss                                     0x20000274   Section     1024  ssd1306.o(.bss)
    STACK                                    0x20000678   Section     1024  startup.o(STACK)
    StackMem                                 0x20000678   Data           0  startup.o(STACK)

    Global Symbols

    Symbol Name                              Value     Ov Type        Size  Object(Section)

    BuildAttributes$$THM_ISAv4$E$P$D$K$B$S$7EM$PE$A:L22UL41UL21$X:L11$S22US41US21$IEEE1$IW$USESV6$~STKCKD$USESV7$~SHL$OSPACE$ROPI$EBA8$MICROLIB$REQ8$PRES8$EABIv2 0x00000000   Number         0  anon$$obj.o ABSOLUTE
    __ARM_use_no_argv                        0x00000000   Number         0  ssd1306testmain.o ABSOLUTE
    __Vectors                                0x00000000   Data           0  startup.o(RESET)
    _printf_a                                0x00000000   Number         0  stubs.o ABSOLUTE
    _printf_c                                0x00000000   Number         0  stubs.o ABSOLUTE
    _printf_charcount                        0x00000000   Number         0  stubs.o ABSOLUTE
    _printf_d                                0x00000000   Number         0  stubs.o ABSOLUTE
    _printf_e                                0x00000000   Number         0  stubs.o ABSOLUTE
    _printf_f                                0x00000000   Number         0  stubs.o ABSOLUTE
    _printf_flags                            0x00000000   Number         0  stubs.o ABSOLUTE
    _printf_fp_dec                           0x00000000   Number         0  stubs.o ABSOLUTE
    _printf_fp_hex                           0x00000000   Number         0  stubs.o ABSOLUTE
    _printf_g                                0x00000000   Number         0  stubs.o ABSOLUTE
    _printf_i                                0x00000000   Number         0  stubs.o ABSOLUTE
    _printf_int_dec                          0x00000000   Number         0  stubs.o ABSOLUTE
    _printf_l                                0x00000000   Number         0  stubs.o ABSOLUTE
    _printf_lc                               0x00000000   Number         0  stubs.o ABSOLUTE
    _printf_ll                               0x00000000   Number         0  stubs.o ABSOLUTE
    _printf_lld                              0x00000000   Number         0  stubs.o ABSOLUTE
    _printf_lli                              0x00000000   Number         0  stubs.o ABSOLUTE
    _printf_llo                              0x00000000   Number         0  stubs.o ABSOLUTE
    _printf_llu                              0x00000000   Number         0  stubs.o ABSOLUTE
    _printf_llx                              0x00000000   Number         0  stubs.o ABSOLUTE
    _printf_longlong_dec                     0x00000000   Number         0  stubs.o ABSOLUTE
    _printf_longlong_hex                     0x00000000   Number         0  stubs.o ABSOLUTE
    _printf_longlong_oct                     0x00000000   Number         0  stubs.o ABSOLUTE
    _printf_ls                               0x00000000   Number         0  stubs.o ABSOLUTE
    _printf_mbtowc                           0x00000000   Number         0  stubs.o ABSOLUTE
    _printf_n                                0x00000000   Number         0  stubs.o ABSOLUTE
    _printf_o                                0x00000000   Number         0  stubs.o ABSOLUTE
    _printf_p                                0x00000000   Number         0  stubs.o ABSOLUTE
    _printf_percent                          0x00000000   Number         0  stubs.o ABSOLUTE
    _printf_pre_padding                      0x00000000   Number         0  stubs.o ABSOLUTE
    _printf_return_value                     0x00000000   Number         0  stubs.o ABSOLUTE
    _printf_s                                0x00000000   Number         0  stubs.o ABSOLUTE
    _printf_sizespec                         0x00000000   Number         0  stubs.o ABSOLUTE
    _printf_str                              0x00000000   Number         0  stubs.o ABSOLUTE
    _printf_truncate_signed                  0x00000000   Number         0  stubs.o ABSOLUTE
    _printf_truncate_unsigned                0x00000000   Number         0  stubs.o ABSOLUTE
    _printf_u                                0x00000000   Number         0  stubs.o ABSOLUTE
    _printf_wc                               0x00000000   Number         0  stubs.o ABSOLUTE
    _printf_wctomb                           0x00000000   Number         0  stubs.o ABSOLUTE
    _printf_widthprec                        0x00000000   Number         0  stubs.o ABSOLUTE
    _printf_x                                0x00000000   Number         0  stubs.o ABSOLUTE
    __cpp_initialize__aeabi_                  - Undefined Weak Reference
    __cxa_finalize                            - Undefined Weak Reference
    __decompress                              - Undefined Weak Reference
    _clock_init                               - Undefined Weak Reference
    _microlib_exit                            - Undefined Weak Reference
    Reset_Handler                            0x0000026d   Thumb Code     0  startup.o(RESET)
    NMI_Handler                              0x00000271   Thumb Code     2  startup.o(RESET)
    HardFault_Handler                        0x00000273   Thumb Code     2  startup.o(RESET)
    MemManage_Handler                        0x00000275   Thumb Code     2  startup.o(RESET)
    BusFault_Handler                         0x00000277   Thumb Code     2  startup.o(RESET)
    UsageFault_Handler                       0x00000279   Thumb Code     2  startup.o(RESET)
    SVC_Handler                              0x0000027b   Thumb Code     2  startup.o(RESET)
    DebugMon_Handler                         0x0000027d   Thumb Code     2  startup.o(RESET)
    PendSV_Handler                           0x0000027f   Thumb Code     2  startup.o(RESET)
    ADC0Seq0_Handler                         0x00000283   Thumb Code     0  startup.o(RESET)
    ADC0Seq1_Handler                         0x00000283   Thumb Code     0  startup.o(RESET)
    ADC0Seq2_Handler                         0x00000283   Thumb Code     0  startup.o(RESET)
    ADC0Seq3_Handler                         0x00000283   Thumb Code     0  startup.o(RESET)
    ADC1Seq0_Handler                         0x00000283   Thumb Code     0  startup.o(RESET)
    ADC1Seq1_Handler                         0x00000283   Thumb Code     0  startup.o(RESET)
    ADC1Seq2_Handler                         0x00000283   Thumb Code     0  startup.o(RESET)
    ADC1Seq3_Handler                         0x00000283   Thumb Code     0  startup.o(RESET)
    CAN0_Handler                             0x00000283   Thumb Code     0  startup.o(RESET)
    CAN1_Handler                             0x00000283   Thumb Code     0  startup.o(RESET)
    CAN2_Handler                             0x00000283   Thumb Code     0  startup.o(RESET)
    Comp0_Handler                            0x00000283   Thumb Code     0  startup.o(RESET)
    Comp1_Handler                            0x00000283   Thumb Code     0  startup.o(RESET)
    Comp2_Handler                            0x00000283   Thumb Code     0  startup.o(RESET)
    Ethernet_Handler                         0x00000283   Thumb Code     0  startup.o(RESET)
    ExtBus_Handler                           0x00000283   Thumb Code     0  startup.o(RESET)
    FPU_Handler                              0x00000283   Thumb Code     0  startup.o(RESET)
    Fan0_Handler                             0x00000283   Thumb Code     0  startup.o(RESET)
    FlashCtl_Handler                         0x00000283   Thumb Code     0  startup.o(RESET)
    GPIOPortA_Handler                        0x00000283   Thumb Code     0  startup.o(RESET)
    GPIOPortB_Handler                        0x00000283   Thumb Code     0  startup.o(RESET)
    GPIOPortC_Handler                        0x00000283   Thumb Code     0  startup.o(RESET)
    GPIOPortD_Handler                        0x00000283   Thumb Code     0  startup.o(RESET)
    GPIOPortE_Handler                        0x00000283   Thumb Code     0  startup.o(RESET)
    GPIOPortF_Handler                        0x00000283   Thumb Code     0  startup.o(RESET)
    GPIOPortG_Handler                        0x00000283   Thumb Code     0  startup.o(RESET)
    GPIOPortH_Handler                        0x00000283   Thumb Code     0  startup.o(RESET)
    GPIOPortJ_Handler                        0x00000283   Thumb Code     0  startup.o(RESET)
    GPIOPortK_Handler                        0x00000283   Thumb Code     0  startup.o(RESET)
    GPIOPortL_Handler                        0x00000283   Thumb Code     0  startup.o(RESET)
    GPIOPortM_Handler                        0x00000283   Thumb Code     0  startup.o(RESET)
    GPIOPortN_Handler                        0x00000283   Thumb Code     0  startup.o(RESET)
    GPIOPortP1_Handler                       0x00000283   Thumb Code     0  startup.o(RESET)
    GPIOPortP2_Handler                       0x00000283   Thumb Code     0  startup.o(RESET)
    GPIOPortP3_Handler                       0x00000283   Thumb Code     0  startup.o(RESET)
    GPIOPortP4_Handler                       0x00000283   Thumb Code     0  startup.o(RESET)
    GPIOPortP5_Handler                       0x00000283   Thumb Code     0  startup.o(RESET)
    GPIOPortP6_Handler                       0x00000283   Thumb Code     0  startup.o(RESET)
    GPIOPortP7_Handler                       0x00000283   Thumb Code     0  startup.o(RESET)
    GPIOPortP_Handler                        0x00000283   Thumb Code     0  startup.o(RESET)
    GPIOPortQ1_Handler                       0x00000283   Thumb Code     0  startup.o(RESET)
    GPIOPortQ2_Handler                       0x00000283   Thumb Code     0  startup.o(RESET)
    GPIOPortQ3_Handler                       0x00000283   Thumb Code     0  startup.o(RESET)
    GPIOPortQ4_Handler                       0x00000283   Thumb Code     0  startup.o(RESET)
    GPIOPortQ5_Handler                       0x00000283   Thumb Code     0  startup.o(RESET)
    GPIOPortQ6_Handler                       0x00000283   Thumb Code     0  startup.o(RESET)
    GPIOPortQ7_Handler                       0x00000283   Thumb Code     0  startup.o(RESET)
    GPIOPortQ_Handler                        0x00000283   Thumb Code     0  startup.o(RESET)
    GPIOPortR_Handler                        0x00000283   Thumb Code     0  startup.o(RESET)
    GPIOPortS_Handler                        0x00000283   Thumb Code     0  startup.o(RESET)
    Hibernate_Handler                        0x00000283   Thumb Code     0  startup.o(RESET)
    I2C0_Handler                             0x00000283   Thumb Code     0  startup.o(RESET)
    I2C1_Handler                             0x00000283   Thumb Code     0  startup.o(RESET)
    I2C2_Handler                             0x00000283   Thumb Code     0  startup.o(RESET)
    I2C3_Handler                             0x00000283   Thumb Code     0  startup.o(RESET)
    I2C4_Handler                             0x00000283   Thumb Code     0  startup.o(RESET)
    I2C5_Handler                             0x00000283   Thumb Code     0  startup.o(RESET)
    I2S0_Handler                             0x00000283   Thumb Code     0  startup.o(RESET)
    LPC0_Handler                             0x00000283   Thumb Code     0  startup.o(RESET)
    PECI0_Handler                            0x00000283   Thumb Code     0  startup.o(RESET)
    PWM0Fault_Handler                        0x00000283   Thumb Code     0  startup.o(RESET)
    PWM0Generator0_Handler                   0x00000283   Thumb Code     0  startup.o(RESET)
    PWM0Generator1_Handler                   0x00000283   Thumb Code     0  startup.o(RESET)
    PWM0Generator2_Handler                   0x00000283   Thumb Code     0  startup.o(RESET)
    PWM0Generator3_Handler                   0x00000283   Thumb Code     0  startup.o(RESET)
    PWM1Fault_Handler                        0x00000283   Thumb Code     0  startup.o(RESET)
    PWM1Generator0_Handler                   0x00000283   Thumb Code     0  startup.o(RESET)
    PWM1Generator1_Handler                   0x00000283   Thumb Code     0  startup.o(RESET)
    PWM1Generator2_Handler                   0x00000283   Thumb Code     0  startup.o(RESET)
    PWM1Generator3_Handler                   0x00000283   Thumb Code     0  startup.o(RESET)
    Quadrature0_Handler                      0x00000283   Thumb Code     0  startup.o(RESET)
    Quadrature1_Handler                      0x00000283   Thumb Code     0  startup.o(RESET)
    Quadrature2_Handler                      0x00000283   Thumb Code     0  startup.o(RESET)
    SSI0_Handler                             0x00000283   Thumb Code     0  startup.o(RESET)
    SSI1_Handler                             0x00000283   Thumb Code     0  startup.o(RESET)
    SSI2_Handler                             0x00000283   Thumb Code     0  startup.o(RESET)
    SSI3_Handler                             0x00000283   Thumb Code     0  startup.o(RESET)
    SysCtl_Handler                           0x00000283   Thumb Code     0  startup.o(RESET)
    Timer0A_Handler                          0x00000283   Thumb Code     0  startup.o(RESET)
    Timer0B_Handler                          0x00000283   Thumb Code     0  startup.o(RESET)
    Timer1A_Handler                          0x00000283   Thumb Code     0  startup.o(RESET)
    Timer1B_Handler                          0x00000283   Thumb Code     0  startup.o(RESET)
    Timer2B_Handler                          0x00000283   Thumb Code     0  startup.o(RESET)
    Timer3A_Handler                          0x00000283   Thumb Code     0  startup.o(RESET)
    Timer3B_Handler                          0x00000283   Thumb Code     0  startup.o(RESET)
    Timer4A_Handler                          0x00000283   Thumb Code     0  startup.o(RESET)
    Timer4B_Handler                          0x00000283   Thumb Code     0  startup.o(RESET)
    Timer5A_Handler                          0x00000283   Thumb Code     0  startup.o(RESET)
    Timer5B_Handler                          0x00000283   Thumb Code     0  startup.o(RESET)
    UART0_Handler                            0x00000283   Thumb Code     0  startup.o(RESET)
    UART1_Handler                            0x00000283   Thumb Code     0  startup.o(RESET)
    UART2_Handler                            0x00000283   Thumb Code     0  startup.o(RESET)
    UART3_Handler                            0x00000283   Thumb Code     0  startup.o(RESET)
    UART4_Handler                            0x00000283   Thumb Code     0  startup.o(RESET)
    UART5_Handler                            0x00000283   Thumb Code     0  startup.o(RESET)
    UART6_Handler                            0x00000283   Thumb Code     0  startup.o(RESET)
    UART7_Handler                            0x00000283   Thumb Code     0  startup.o(RESET)
    USB0_Handler                             0x00000283   Thumb Code     0  startup.o(RESET)
    WDT_Handler                              0x00000283   Thumb Code     0  startup.o(RESET)
    WideTimer0A_Handler                      0x00000283   Thumb Code     0  startup.o(RESET)
    WideTimer0B_Handler                      0x00000283   Thumb Code     0  startup.o(RESET)
    WideTimer1A_Handler                      0x00000283   Thumb Code     0  startup.o(RESET)
    WideTimer1B_Handler                      0x00000283   Thumb Code     0  startup.o(RESET)
    WideTimer2A_Handler                      0x00000283   Thumb Code     0  startup.o(RESET)
    WideTimer2B_Handler                      0x00000283   Thumb Code     0  startup.o(RESET)
    WideTimer3A_Handler                      0x00000283   Thumb Code     0  startup.o(RESET)
    WideTimer3B_Handler                      0x00000283   Thumb Code     0  startup.o(RESET)
    WideTimer4A_Handler                      0x00000283   Thumb Code     0  startup.o(RESET)
    WideTimer4B_Handler                      0x00000283   Thumb Code     0  startup.o(RESET)
    WideTimer5A_Handler                      0x00000283   Thumb Code     0  startup.o(RESET)
    WideTimer5B_Handler                      0x00000283   Thumb Code     0  startup.o(RESET)
    uDMA_Error                               0x00000283   Thumb Code     0  startup.o(RESET)
    uDMA_Handler                             0x00000283   Thumb Code     0  startup.o(RESET)
    __main                                   0x00000285   Thumb Code     0  entry.o(.ARM.Collect$$$$00000000)
    _main_stk                                0x00000285   Thumb Code     0  entry2.o(.ARM.Collect$$$$00000001)
    _main_scatterload                        0x00000289   Thumb Code     0  entry5.o(.ARM.Collect$$$$00000004)
    __main_after_scatterload                 0x0000028d   Thumb Code     0  entry5.o(.ARM.Collect$$$$00000004)
    _main_clock                              0x0000028d   Thumb Code     0  entry7b.o(.ARM.Collect$$$$00000008)
    _main_cpp_init                           0x0000028d   Thumb Code     0  entry8b.o(.ARM.Collect$$$$0000000A)
    _main_init                               0x0000028d   Thumb Code     0  entry9a.o(.ARM.Collect$$$$0000000B)
    __rt_final_cpp                           0x00000295   Thumb Code     0  entry10a.o(.ARM.Collect$$$$0000000D)
    __rt_final_exit                          0x00000295   Thumb Code     0  entry11a.o(.ARM.Collect$$$$0000000F)
    Clock_Delay                              0x00000299   Thumb Code     6  cortexm.o(.emb_text)
    __scatterload                            0x000002a1   Thumb Code    28  init.o(.text)
    __scatterload_rt2                        0x000002a1   Thumb Code     0  init.o(.text)
    Clock_Delay1ms                           0x000002c5   Thumb Code    22  cortexm.o(i.Clock_Delay1ms)
    I2C3_Init                                0x000002dd   Thumb Code   152  i2c3.o(i.I2C3_Init)
    I2C3_Send                                0x00000389   Thumb Code   220  i2c3.o(i.I2C3_Send)
    I2C3_Send2                               0x00000469   Thumb Code   106  i2c3.o(i.I2C3_Send2)
    I2C3_SendData                            0x000004d9   Thumb Code   118  i2c3.o(i.I2C3_SendData)
    SSD1306_ClearBuffer                      0x00000555   Thumb Code    30  ssd1306.o(i.SSD1306_ClearBuffer)
    SSD1306_DrawPixel                        0x00000579   Thumb Code   240  ssd1306.o(i.SSD1306_DrawPixel)
    SSD1306_DrawPoint                        0x00000671   Thumb Code    96  ssd1306.o(i.SSD1306_DrawPoint)
    SSD1306_Init                             0x000006ed   Thumb Code   158  ssd1306.o(i.SSD1306_Init)
    SSD1306_OutBuffer                        0x000007a9   Thumb Code    30  ssd1306.o(i.SSD1306_OutBuffer)
    SSD1306_SetCursor                        0x000007d1   Thumb Code    94  ssd1306.o(i.SSD1306_SetCursor)
    SSD1306_SetPlot                          0x00000841   Thumb Code    74  ssd1306.o(i.SSD1306_SetPlot)
    SysTick_Handler                          0x000008a9   Thumb Code   316  ssd1306testmain.o(i.SysTick_Handler)
    Timer2A_Handler                          0x000009ed   Thumb Code    16  timer2a.o(i.Timer2A_Handler)
    __scatterload_copy                       0x00000a05   Thumb Code    14  handlers.o(i.__scatterload_copy)
    __scatterload_null                       0x00000a13   Thumb Code     2  handlers.o(i.__scatterload_null)
    __scatterload_zeroinit                   0x00000a15   Thumb Code    14  handlers.o(i.__scatterload_zeroinit)
    main                                     0x00000a23   Thumb Code    76  ssd1306testmain.o(i.main)
    ssd1306command                           0x00000a6f   Thumb Code    16  ssd1306.o(i.ssd1306command)
    ssd1306command1                          0x00000a7f   Thumb Code    16  ssd1306.o(i.ssd1306command1)
    ssd1306commandList                       0x00000a8f   Thumb Code    18  ssd1306.o(i.ssd1306commandList)
    cal                                      0x00000aa0   Data        2679  ssd1306testmain.o(.constdata)
    ti                                       0x00001517   Data        1271  ssd1306testmain.o(.constdata)
    checker                                  0x00001a0e   Data        1024  ssd1306testmain.o(.constdata)
    SmallEnemy                               0x00001e0e   Data         199  ssd1306testmain.o(.constdata)
    logo                                     0x00001ed5   Data        2423  ssd1306testmain.o(.constdata)
    Hello_English                            0x0000284c   Data           6  ssd1306testmain.o(.constdata)
    Hello_Spanish                            0x00002852   Data           7  ssd1306testmain.o(.constdata)
    Hello_Portuguese                         0x00002859   Data           4  ssd1306testmain.o(.constdata)
    Hello_French                             0x0000285d   Data           5  ssd1306testmain.o(.constdata)
    Goodbye_English                          0x00002862   Data           8  ssd1306testmain.o(.constdata)
    Goodbye_Spanish                          0x0000286a   Data           6  ssd1306testmain.o(.constdata)
    Goodbye_Portuguese                       0x00002870   Data           6  ssd1306testmain.o(.constdata)
    Goodbye_French                           0x00002876   Data          10  ssd1306testmain.o(.constdata)
    Language_English                         0x00002880   Data           8  ssd1306testmain.o(.constdata)
    Language_Spanish                         0x00002888   Data           8  ssd1306testmain.o(.constdata)
    Language_Portuguese                      0x00002890   Data          10  ssd1306testmain.o(.constdata)
    Language_French                          0x0000289a   Data           9  ssd1306testmain.o(.constdata)
    Region$$Table$$Base                      0x00002e48   Number         0  anon$$obj.o(Region$$Table)
    Region$$Table$$Limit                     0x00002e68   Number         0  anon$$obj.o(Region$$Table)
    ClearTime                                0x20000000   Data           4  ssd1306testmain.o(.data)
    DisplayTime                              0x20000004   Data           4  ssd1306testmain.o(.data)
    PrintBMPTime                             0x20000008   Data           4  ssd1306testmain.o(.data)
    OutCharTime                              0x2000000c   Data           4  ssd1306testmain.o(.data)
    OutDecTime                               0x20000010   Data           4  ssd1306testmain.o(.data)
    ClearBufferTime                          0x20000014   Data           4  ssd1306testmain.o(.data)
    myLanguage                               0x20000018   Data           1  ssd1306testmain.o(.data)
    Phrases                                  0x2000001c   Data          48  ssd1306testmain.o(.data)
    NeedToDraw                               0x2000004c   Data           4  ssd1306testmain.o(.data)
    vccstate                                 0x20000054   Data           4  ssd1306.o(.data)
    rotation                                 0x20000058   Data           4  ssd1306.o(.data)
    StartX                                   0x20000076   Data           2  ssd1306.o(.data)
    CurrentX                                 0x20000078   Data           2  ssd1306.o(.data)
    StartY                                   0x2000007a   Data           2  ssd1306.o(.data)
    CurrentY                                 0x2000007c   Data           2  ssd1306.o(.data)
    PeriodicTask2                            0x20000080   Data           4  timer2a.o(.data)
    Enemys                                   0x20000084   Data         432  ssd1306testmain.o(.bss)
    Enemys1                                  0x20000234   Data          64  ssd1306testmain.o(.bss)
    buffer                                   0x20000274   Data        1024  ssd1306.o(.bss)
    __initial_sp                             0x20000a78   Data           0  startup.o(STACK)



==============================================================================

Memory Map of the image

  Image Entry point : 0x0000026d

  Load Region LR_1 (Base: 0x00000000, Size: 0x00002eec, Max: 0xffffffff, ABSOLUTE)

    Execution Region ER_RO (Exec base: 0x00000000, Load base: 0x00000000, Size: 0x00002e68, Max: 0xffffffff, ABSOLUTE)

    Exec Addr    Load Addr    Size         Type   Attr      Idx    E Section Name        Object

    0x00000000   0x00000000   0x00000284   Code   RO            3  * RESET               startup.o
    0x00000284   0x00000284   0x00000000   Code   RO          867  * .ARM.Collect$$$$00000000  mc_w.l(entry.o)
    0x00000284   0x00000284   0x00000004   Code   RO         1133    .ARM.Collect$$$$00000001  mc_w.l(entry2.o)
    0x00000288   0x00000288   0x00000004   Code   RO         1136    .ARM.Collect$$$$00000004  mc_w.l(entry5.o)
    0x0000028c   0x0000028c   0x00000000   Code   RO         1138    .ARM.Collect$$$$00000008  mc_w.l(entry7b.o)
    0x0000028c   0x0000028c   0x00000000   Code   RO         1140    .ARM.Collect$$$$0000000A  mc_w.l(entry8b.o)
    0x0000028c   0x0000028c   0x00000008   Code   RO         1141    .ARM.Collect$$$$0000000B  mc_w.l(entry9a.o)
    0x00000294   0x00000294   0x00000000   Code   RO         1143    .ARM.Collect$$$$0000000D  mc_w.l(entry10a.o)
    0x00000294   0x00000294   0x00000000   Code   RO         1145    .ARM.Collect$$$$0000000F  mc_w.l(entry11a.o)
    0x00000294   0x00000294   0x00000004   Code   RO         1134    .ARM.Collect$$$$00002712  mc_w.l(entry2.o)
    0x00000298   0x00000298   0x00000006   Code   RO           81    .emb_text           cortexm.o
    0x0000029e   0x0000029e   0x00000002   PAD
    0x000002a0   0x000002a0   0x00000024   Code   RO         1163    .text               mc_w.l(init.o)
    0x000002c4   0x000002c4   0x00000016   Code   RO           82    i.Clock_Delay1ms    cortexm.o
    0x000002da   0x000002da   0x00000002   PAD
    0x000002dc   0x000002dc   0x000000ac   Code   RO          663    i.I2C3_Init         i2c3.o
    0x00000388   0x00000388   0x000000e0   Code   RO          668    i.I2C3_Send         i2c3.o
    0x00000468   0x00000468   0x00000070   Code   RO          670    i.I2C3_Send2        i2c3.o
    0x000004d8   0x000004d8   0x0000007c   Code   RO          672    i.I2C3_SendData     i2c3.o
    0x00000554   0x00000554   0x00000024   Code   RO          250    i.SSD1306_ClearBuffer  ssd1306.o
    0x00000578   0x00000578   0x000000f8   Code   RO          257    i.SSD1306_DrawPixel  ssd1306.o
    0x00000670   0x00000670   0x0000007c   Code   RO          258    i.SSD1306_DrawPoint  ssd1306.o
    0x000006ec   0x000006ec   0x000000bc   Code   RO          262    i.SSD1306_Init      ssd1306.o
    0x000007a8   0x000007a8   0x00000028   Code   RO          264    i.SSD1306_OutBuffer  ssd1306.o
    0x000007d0   0x000007d0   0x00000070   Code   RO          276    i.SSD1306_SetCursor  ssd1306.o
    0x00000840   0x00000840   0x00000068   Code   RO          277    i.SSD1306_SetPlot   ssd1306.o
    0x000008a8   0x000008a8   0x00000144   Code   RO          109    i.SysTick_Handler   ssd1306testmain.o
    0x000009ec   0x000009ec   0x00000018   Code   RO          636    i.Timer2A_Handler   timer2a.o
    0x00000a04   0x00000a04   0x0000000e   Code   RO         1175    i.__scatterload_copy  mc_w.l(handlers.o)
    0x00000a12   0x00000a12   0x00000002   Code   RO         1176    i.__scatterload_null  mc_w.l(handlers.o)
    0x00000a14   0x00000a14   0x0000000e   Code   RO         1177    i.__scatterload_zeroinit  mc_w.l(handlers.o)
    0x00000a22   0x00000a22   0x0000004c   Code   RO          110    i.main              ssd1306testmain.o
    0x00000a6e   0x00000a6e   0x00000010   Code   RO          286    i.ssd1306command    ssd1306.o
    0x00000a7e   0x00000a7e   0x00000010   Code   RO          287    i.ssd1306command1   ssd1306.o
    0x00000a8e   0x00000a8e   0x00000012   Code   RO          288    i.ssd1306commandList  ssd1306.o
    0x00000aa0   0x00000aa0   0x00001e03   Data   RO          117    .constdata          ssd1306testmain.o
    0x000028a3   0x000028a3   0x000005a3   Data   RO          292    .constdata          ssd1306.o
    0x00002e46   0x00002e46   0x00000002   PAD
    0x00002e48   0x00002e48   0x00000020   Data   RO         1173    Region$$Table       anon$$obj.o


    Execution Region ER_RW (Exec base: 0x20000000, Load base: 0x00002e68, Size: 0x00000084, Max: 0xffffffff, ABSOLUTE)

    Exec Addr    Load Addr    Size         Type   Attr      Idx    E Section Name        Object

    0x20000000   0x00002e68   0x00000054   Data   RW          118    .data               ssd1306testmain.o
    0x20000054   0x00002ebc   0x0000002a   Data   RW          293    .data               ssd1306.o
    0x2000007e   0x00002ee6   0x00000002   PAD
    0x20000080   0x00002ee8   0x00000004   Data   RW          639    .data               timer2a.o


    Execution Region ER_ZI (Exec base: 0x20000084, Load base: 0x00002eec, Size: 0x000009f4, Max: 0xffffffff, ABSOLUTE)

    Exec Addr    Load Addr    Size         Type   Attr      Idx    E Section Name        Object

    0x20000084        -       0x000001f0   Zero   RW          116    .bss                ssd1306testmain.o
    0x20000274        -       0x00000400   Zero   RW          291    .bss                ssd1306.o
    0x20000674   0x00002eec   0x00000004   PAD
    0x20000678        -       0x00000400   Zero   RW            1    STACK               startup.o


==============================================================================

Image component sizes


      Code (inc. data)   RO Data    RW Data    ZI Data      Debug   Object Name

        28          0          0          0          0        805   cortexm.o
       632         36          0          0          0       3213   i2c3.o
         0          0          0          0          0       4508   pll.o
       902        130       1443         42       1024       8138   ssd1306.o
       400          8       7683         84        496       4150   ssd1306testmain.o
       644        620          0          0       1024        732   startup.o
        24          8          0          4          0        966   timer2a.o

    ----------------------------------------------------------------------
      2634        802       9160        132       2548      22512   Object Totals
         0          0         32          0          0          0   (incl. Generated)
         4          0          2          2          4          0   (incl. Padding)

    ----------------------------------------------------------------------

      Code (inc. data)   RO Data    RW Data    ZI Data      Debug   Library Member Name

         0          0          0          0          0          0   entry.o
         0          0          0          0          0          0   entry10a.o
         0          0          0          0          0          0   entry11a.o
         8          4          0          0          0          0   entry2.o
         4          0          0          0          0          0   entry5.o
         0          0          0          0          0          0   entry7b.o
         0          0          0          0          0          0   entry8b.o
         8          4          0          0          0          0   entry9a.o
        30          0          0          0          0          0   handlers.o
        36          8          0          0          0         68   init.o

    ----------------------------------------------------------------------
        86         16          0          0          0         68   Library Totals
         0          0          0          0          0          0   (incl. Padding)

    ----------------------------------------------------------------------

      Code (inc. data)   RO Data    RW Data    ZI Data      Debug   Library Name

        86         16          0          0          0         68   mc_w.l

    ----------------------------------------------------------------------
        86         16          0          0          0         68   Library Totals

    ----------------------------------------------------------------------

==============================================================================


      Code (inc. data)   RO Data    RW Data    ZI Data      Debug   

      2720        818       9160        132       2548      21796   Grand Totals
      2720        818       9160        132       2548      21796   ELF Image Totals
      2720        818       9160        132          0          0   ROM Totals

==============================================================================

    Total RO  Size (Code + RO Data)                11880 (  11.60kB)
    Total RW  Size (RW Data + ZI Data)              2680 (   2.62kB)
    Total ROM Size (Code + RO Data + RW Data)      12012 (  11.73kB)

==============================================================================

